83.149.118.149 - - [05/Apr/2023:09:43:21 +0300] "POST /wp-cron.php?doing_wp_cron=1680677001.0663449764251708984375 HTTP/1.1" 200 31 "https://progressnet.gr/wp-cron.php?doing_wp_cron=1680677001.0663449764251708984375" "WordPress/6.1.1; https://progressnet.gr"
84.46.245.240 - - [05/Apr/2023:09:43:21 +0300] "POST /xmlrpc.php HTTP/1.1" 200 443 "-" "Mozilla/5.0 (Windows NT 10.0; Win64; x64; rv:96.0) Gecko/20100101 Firefox/96"
101.18.138.100 - - [05/Apr/2023:09:47:47 +0300] "GET / HTTP/1.1" 301 5 "http://www.progressnet.gr" "Mozilla/5.0 (Windows NT 10.0; WOW64) AppleWebKit/537.36 (KHTML, like Gecko) Chrome/97.97.202.97 Safari/537.36"
101.18.138.100 - - [05/Apr/2023:09:47:48 +0300] "GET / HTTP/1.1" 200 31412 "https://www.progressnet.gr/" "Mozilla/5.0 (Windows NT 10.0; WOW64) AppleWebKit/537.36 (KHTML, like Gecko) Chrome/97.97.202.97 Safari/537.36"
85.74.206.248 - - [05/Apr/2023:09:47:51 +0300] "GET /wp-content/uploads/2020/11/progressnet-logo-1.png HTTP/2.0" 200 6776 "https://www.attikovet.gr/" "Mozilla/5.0 (iPhone; CPU iPhone OS 15_5 like Mac OS X) AppleWebKit/605.1.15 (KHTML, like Gecko) Version/15.5 Mobile/15E148 Safari/604.1"
107.189.31.181 - - [05/Apr/2023:09:47:51 +0300] "GET /wp-login.php HTTP/1.1" 301 5 "-" "Mozilla/5.0 (Windows NT 6.1; WOW64) AppleWebKit/537.36 (KHTML, like Gecko) Chrome/36.0.1985.125 Safari/537.36"
83.149.118.149 - - [05/Apr/2023:09:47:55 +0300] "POST /wp-cron.php?doing_wp_cron=1680677275.6085660457611083984375 HTTP/1.1" 200 31 "https://progressnet.gr/wp-cron.php?doing_wp_cron=1680677275.6085660457611083984375" "WordPress/6.1.1; https://progressnet.gr"
107.189.31.181 - - [05/Apr/2023:09:47:55 +0300] "GET /wp-login.php HTTP/1.1" 200 12842 "-" "Mozilla/5.0 (Windows NT 6.1; WOW64) AppleWebKit/537.36 (KHTML, like Gecko) Chrome/36.0.1985.125 Safari/537.36"
107.189.31.181 - - [05/Apr/2023:09:47:56 +0300] "POST /wp-login.php HTTP/1.1" 301 5 "-" "Mozilla/5.0 (Windows NT 6.1; WOW64) AppleWebKit/537.36 (KHTML, like Gecko) Chrome/36.0.1985.125 Safari/537.36"
107.189.31.181 - - [05/Apr/2023:09:48:00 +0300] "GET /wp-login.php HTTP/1.1" 200 12847 "-" "Mozilla/5.0 (Windows NT 6.1; WOW64) AppleWebKit/537.36 (KHTML, like Gecko) Chrome/36.0.1985.125 Safari/537.36"
109.178.141.25 - - [05/Apr/2023:09:49:11 +0300] "GET /profood-app-analitikes-leitourgies/ HTTP/2.0" 200 27565 "-" "Mozilla/5.0 (iPhone; CPU iPhone OS 16_3_1 like Mac OS X) AppleWebKit/605.1.15 (KHTML, like Gecko) Mobile/15E148 LightSpeed [FBAN/MessengerLiteForiOS;FBAV/401.0.0.38.92;FBBV/458227070;FBDV/iPhone14,7;FBMD/iPhone;FBSN/iOS;FBSV/16.3.1;FBSS/3;FBCR/;FBID/phone;FBLC/el;FBOP/0]"
109.178.141.25 - - [05/Apr/2023:09:49:11 +0300] "GET /wp-content/cache/minify/d7cb9.css HTTP/2.0" 304 0 "https://progressnet.gr/profood-app-analitikes-leitourgies/" "Mozilla/5.0 (iPhone; CPU iPhone OS 16_3_1 like Mac OS X) AppleWebKit/605.1.15 (KHTML, like Gecko) Mobile/15E148 LightSpeed [FBAN/MessengerLiteForiOS;FBAV/401.0.0.38.92;FBBV/458227070;FBDV/iPhone14,7;FBMD/iPhone;FBSN/iOS;FBSV/16.3.1;FBSS/3;FBCR/;FBID/phone;FBLC/el;FBOP/0]"
109.178.141.25 - - [05/Apr/2023:09:49:11 +0300] "GET /wp-content/cache/minify/4eebb.css HTTP/2.0" 304 0 "https://progressnet.gr/profood-app-analitikes-leitourgies/" "Mozilla/5.0 (iPhone; CPU iPhone OS 16_3_1 like Mac OS X) AppleWebKit/605.1.15 (KHTML, like Gecko) Mobile/15E148 LightSpeed [FBAN/MessengerLiteForiOS;FBAV/401.0.0.38.92;FBBV/458227070;FBDV/iPhone14,7;FBMD/iPhone;FBSN/iOS;FBSV/16.3.1;FBSS/3;FBCR/;FBID/phone;FBLC/el;FBOP/0]"
109.178.141.25 - - [05/Apr/2023:09:49:11 +0300] "GET /wp-content/cache/minify/545b0.js HTTP/2.0" 200 1957 "https://progressnet.gr/profood-app-analitikes-leitourgies/" "Mozilla/5.0 (iPhone; CPU iPhone OS 16_3_1 like Mac OS X) AppleWebKit/605.1.15 (KHTML, like Gecko) Mobile/15E148 LightSpeed [FBAN/MessengerLiteForiOS;FBAV/401.0.0.38.92;FBBV/458227070;FBDV/iPhone14,7;FBMD/iPhone;FBSN/iOS;FBSV/16.3.1;FBSS/3;FBCR/;FBID/phone;FBLC/el;FBOP/0]"
109.178.141.25 - - [05/Apr/2023:09:49:11 +0300] "GET /wp-content/cache/minify/f6198.css HTTP/2.0" 200 43357 "https://progressnet.gr/profood-app-analitikes-leitourgies/" "Mozilla/5.0 (iPhone; CPU iPhone OS 16_3_1 like Mac OS X) AppleWebKit/605.1.15 (KHTML, like Gecko) Mobile/15E148 LightSpeed [FBAN/MessengerLiteForiOS;FBAV/401.0.0.38.92;FBBV/458227070;FBDV/iPhone14,7;FBMD/iPhone;FBSN/iOS;FBSV/16.3.1;FBSS/3;FBCR/;FBID/phone;FBLC/el;FBOP/0]"
109.178.141.25 - - [05/Apr/2023:09:49:11 +0300] "GET /wp-content/cache/minify/47146.js HTTP/2.0" 304 0 "https://progressnet.gr/profood-app-analitikes-leitourgies/" "Mozilla/5.0 (iPhone; CPU iPhone OS 16_3_1 like Mac OS X) AppleWebKit/605.1.15 (KHTML, like Gecko) Mobile/15E148 LightSpeed [FBAN/MessengerLiteForiOS;FBAV/401.0.0.38.92;FBBV/458227070;FBDV/iPhone14,7;FBMD/iPhone;FBSN/iOS;FBSV/16.3.1;FBSS/3;FBCR/;FBID/phone;FBLC/el;FBOP/0]"
109.178.141.25 - - [05/Apr/2023:09:49:11 +0300] "GET /wp-content/cache/minify/16a44.css HTTP/2.0" 304 0 "https://progressnet.gr/profood-app-analitikes-leitourgies/" "Mozilla/5.0 (iPhone; CPU iPhone OS 16_3_1 like Mac OS X) AppleWebKit/605.1.15 (KHTML, like Gecko) Mobile/15E148 LightSpeed [FBAN/MessengerLiteForiOS;FBAV/401.0.0.38.92;FBBV/458227070;FBDV/iPhone14,7;FBMD/iPhone;FBSN/iOS;FBSV/16.3.1;FBSS/3;FBCR/;FBID/phone;FBLC/el;FBOP/0]"
109.178.141.25 - - [05/Apr/2023:09:49:11 +0300] "GET /wp-content/cache/minify/83f1b.css HTTP/2.0" 304 0 "https://progressnet.gr/profood-app-analitikes-leitourgies/" "Mozilla/5.0 (iPhone; CPU iPhone OS 16_3_1 like Mac OS X) AppleWebKit/605.1.15 (KHTML, like Gecko) Mobile/15E148 LightSpeed [FBAN/MessengerLiteForiOS;FBAV/401.0.0.38.92;FBBV/458227070;FBDV/iPhone14,7;FBMD/iPhone;FBSN/iOS;FBSV/16.3.1;FBSS/3;FBCR/;FBID/phone;FBLC/el;FBOP/0]"
109.178.141.25 - - [05/Apr/2023:09:49:11 +0300] "GET /wp-content/cache/minify/1f540.js HTTP/2.0" 304 0 "https://progressnet.gr/profood-app-analitikes-leitourgies/" "Mozilla/5.0 (iPhone; CPU iPhone OS 16_3_1 like Mac OS X) AppleWebKit/605.1.15 (KHTML, like Gecko) Mobile/15E148 LightSpeed [FBAN/MessengerLiteForiOS;FBAV/401.0.0.38.92;FBBV/458227070;FBDV/iPhone14,7;FBMD/iPhone;FBSN/iOS;FBSV/16.3.1;FBSS/3;FBCR/;FBID/phone;FBLC/el;FBOP/0]"
109.178.141.25 - - [05/Apr/2023:09:49:11 +0300] "GET /wp-content/cache/minify/3ff94.css HTTP/2.0" 304 0 "https://progressnet.gr/profood-app-analitikes-leitourgies/" "Mozilla/5.0 (iPhone; CPU iPhone OS 16_3_1 like Mac OS X) AppleWebKit/605.1.15 (KHTML, like Gecko) Mobile/15E148 LightSpeed [FBAN/MessengerLiteForiOS;FBAV/401.0.0.38.92;FBBV/458227070;FBDV/iPhone14,7;FBMD/iPhone;FBSN/iOS;FBSV/16.3.1;FBSS/3;FBCR/;FBID/phone;FBLC/el;FBOP/0]"
109.178.141.25 - - [05/Apr/2023:09:49:11 +0300] "GET /wp-content/cache/minify/ad81d.js HTTP/2.0" 304 0 "https://progressnet.gr/profood-app-analitikes-leitourgies/" "Mozilla/5.0 (iPhone; CPU iPhone OS 16_3_1 like Mac OS X) AppleWebKit/605.1.15 (KHTML, like Gecko) Mobile/15E148 LightSpeed [FBAN/MessengerLiteForiOS;FBAV/401.0.0.38.92;FBBV/458227070;FBDV/iPhone14,7;FBMD/iPhone;FBSN/iOS;FBSV/16.3.1;FBSS/3;FBCR/;FBID/phone;FBLC/el;FBOP/0]"
109.178.141.25 - - [05/Apr/2023:09:49:11 +0300] "GET /wp-content/cache/minify/53558.js HTTP/2.0" 304 0 "https://progressnet.gr/profood-app-analitikes-leitourgies/" "Mozilla/5.0 (iPhone; CPU iPhone OS 16_3_1 like Mac OS X) AppleWebKit/605.1.15 (KHTML, like Gecko) Mobile/15E148 LightSpeed [FBAN/MessengerLiteForiOS;FBAV/401.0.0.38.92;FBBV/458227070;FBDV/iPhone14,7;FBMD/iPhone;FBSN/iOS;FBSV/16.3.1;FBSS/3;FBCR/;FBID/phone;FBLC/el;FBOP/0]"
83.149.118.149 - - [05/Apr/2023:09:49:15 +0300] "POST /wp-cron.php?doing_wp_cron=1680677355.3074519634246826171875 HTTP/1.1" 200 31 "https://progressnet.gr/wp-cron.php?doing_wp_cron=1680677355.3074519634246826171875" "WordPress/6.1.1; https://progressnet.gr"
109.178.141.25 - - [05/Apr/2023:09:49:15 +0300] "GET /wp-json/contact-form-7/v1/contact-forms/10240/feedback/schema HTTP/2.0" 200 253 "https://progressnet.gr/profood-app-analitikes-leitourgies/" "Mozilla/5.0 (iPhone; CPU iPhone OS 16_3_1 like Mac OS X) AppleWebKit/605.1.15 (KHTML, like Gecko) Mobile/15E148 LightSpeed [FBAN/MessengerLiteForiOS;FBAV/401.0.0.38.92;FBBV/458227070;FBDV/iPhone14,7;FBMD/iPhone;FBSN/iOS;FBSV/16.3.1;FBSS/3;FBCR/;FBID/phone;FBLC/el;FBOP/0]"
109.178.141.25 - - [05/Apr/2023:09:49:16 +0300] "GET /wp-json/contact-form-7/v1/contact-forms/10240/refill HTTP/2.0" 200 6 "https://progressnet.gr/profood-app-analitikes-leitourgies/" "Mozilla/5.0 (iPhone; CPU iPhone OS 16_3_1 like Mac OS X) AppleWebKit/605.1.15 (KHTML, like Gecko) Mobile/15E148 LightSpeed [FBAN/MessengerLiteForiOS;FBAV/401.0.0.38.92;FBBV/458227070;FBDV/iPhone14,7;FBMD/iPhone;FBSN/iOS;FBSV/16.3.1;FBSS/3;FBCR/;FBID/phone;FBLC/el;FBOP/0]"
64.227.156.78 - - [05/Apr/2023:09:49:19 +0300] "POST /xmlrpc.php HTTP/1.1" 200 443 "-" "Mozilla/5.0 (Windows NT 10.0; Win64; x64; rv:96.0) Gecko/20100101 Firefox/96"
66.249.70.185 - - [05/Apr/2023:09:50:23 +0300] "GET /wp-content/uploads/2020/12/mondial-screenshot-5-224x450.png HTTP/1.1" 200 43103 "-" "Googlebot-Image/1.0"
62.74.61.166 - - [05/Apr/2023:09:51:48 +0300] "GET /wp-content/uploads/2020/11/progressnet-logo-1.png HTTP/2.0" 200 6776 "https://www.attikovet.gr/" "Mozilla/5.0 (Linux; Android 10; M2004J19C) AppleWebKit/537.36 (KHTML, like Gecko) Chrome/111.0.0.0 Mobile Safari/537.36"
85.73.126.173 - - [05/Apr/2023:09:52:37 +0300] "GET /wp-content/uploads/2020/11/progressnet-logo-1.png HTTP/2.0" 200 6776 "-" "Mozilla/5.0 (Macintosh; Intel Mac OS X 10_15_7) AppleWebKit/537.36 (KHTML, like Gecko) Chrome/109.0.0.0 Safari/537.36"
83.149.118.149 - - [05/Apr/2023:09:55:26 +0300] "POST /wp-cron.php?doing_wp_cron=1680677726.7256059646606445312500 HTTP/1.1" 200 31 "https://progressnet.gr/wp-cron.php?doing_wp_cron=1680677726.7256059646606445312500" "WordPress/6.1.1; https://progressnet.gr"
77.68.33.102 - - [05/Apr/2023:09:55:26 +0300] "POST /xmlrpc.php HTTP/1.1" 200 443 "-" "Mozilla/5.0 (Windows NT 10.0; Win64; x64; rv:96.0) Gecko/20100101 Firefox/96"
116.62.246.170 - - [05/Apr/2023:09:59:41 +0300] "GET / HTTP/1.1" 200 31412 "http://www.progressnet.dev" "Mozilla/4.0 (compatible; MSIE 7.0; Windows NT 5.1)"
83.149.118.149 - - [05/Apr/2023:10:00:50 +0300] "POST /wp-cron.php?doing_wp_cron=1680678050.3309938907623291015625 HTTP/1.1" 200 31 "https://progressnet.gr/wp-cron.php?doing_wp_cron=1680678050.3309938907623291015625" "WordPress/6.1.1; https://progressnet.gr"
103.51.103.2 - - [05/Apr/2023:10:00:50 +0300] "POST /xmlrpc.php HTTP/1.1" 200 443 "-" "Mozilla/5.0 (Windows NT 10.0; Win64; x64; rv:96.0) Gecko/20100101 Firefox/96"
205.185.124.182 - - [05/Apr/2023:10:00:54 +0300] "GET /wp-login.php HTTP/1.1" 200 12847 "-" "Mozilla/5.0 (Windows NT 6.1) AppleWebKit/537.36 (KHTML, like Gecko) Chrome/36.0.1985.143 Safari/537.36"
62.74.63.139 - - [05/Apr/2023:10:00:55 +0300] "GET /wp-content/uploads/2020/11/progressnet-logo-1.png HTTP/1.1" 200 6776 "https://www.attikovet.gr/" "Mozilla/5.0 (Linux; Android 13; SM-A137F) AppleWebKit/537.36 (KHTML, like Gecko) Chrome/111.0.0.0 Mobile Safari/537.36"
83.149.118.149 - - [05/Apr/2023:10:01:12 +0300] "POST /wp-cron.php?doing_wp_cron=1680678072.5566160678863525390625 HTTP/1.1" 200 31 "https://progressnet.gr/wp-cron.php?doing_wp_cron=1680678072.5566160678863525390625" "WordPress/6.1.1; https://progressnet.gr"
205.185.124.182 - - [05/Apr/2023:10:01:12 +0300] "POST /wp-login.php HTTP/1.1" 200 13375 "-" "Mozilla/5.0 (Windows NT 6.1) AppleWebKit/537.36 (KHTML, like Gecko) Chrome/36.0.1985.143 Safari/537.36"
167.71.227.30 - - [05/Apr/2023:10:01:46 +0300] "POST /wp-login.php HTTP/1.1" 200 4031 "-" "Mozilla/5.0 (Windows NT 10.0; Win64; x64) AppleWebKit/537.36 (KHTML, like Gecko) Chrome/60.0.3112.101 Safari/537.36"
2.84.46.77 - - [05/Apr/2023:10:01:47 +0300] "GET /wp-content/uploads/2020/11/progressnet-logo-1.png HTTP/2.0" 200 6776 "-" "Mozilla/5.0 (Windows NT 10.0; Win64; x64) AppleWebKit/537.36 (KHTML, like Gecko) Chrome/111.0.0.0 Safari/537.36"
83.149.118.149 - - [05/Apr/2023:10:02:11 +0300] "POST /wp-cron.php?doing_wp_cron=1680678131.6793251037597656250000 HTTP/1.1" 200 31 "https://progressnet.gr/wp-cron.php?doing_wp_cron=1680678131.6793251037597656250000" "WordPress/6.1.1; https://progressnet.gr"
209.141.62.124 - - [05/Apr/2023:10:02:11 +0300] "GET /wp-login.php HTTP/1.1" 200 12842 "-" "Mozilla/5.0 (Macintosh; Intel Mac OS X 10_9_3) AppleWebKit/537.36 (KHTML, like Gecko) Chrome/36.0.1985.125 Safari/537.36"
209.141.62.124 - - [05/Apr/2023:10:02:15 +0300] "POST /wp-login.php HTTP/1.1" 200 13380 "-" "Mozilla/5.0 (Macintosh; Intel Mac OS X 10_9_3) AppleWebKit/537.36 (KHTML, like Gecko) Chrome/36.0.1985.125 Safari/537.36"
157.167.65.180 - - [05/Apr/2023:10:02:20 +0300] "GET /wp-content/uploads/2020/11/progressnet-logo-1.png HTTP/1.1" 200 6776 "https://ergr.lightning.force.com/" "Mozilla/5.0 (Windows NT 10.0; Win64; x64) AppleWebKit/537.36 (KHTML, like Gecko) Chrome/111.0.0.0 Safari/537.36"
83.149.118.149 - - [05/Apr/2023:10:03:05 +0300] "POST /wp-cron.php?doing_wp_cron=1680678185.7266509532928466796875 HTTP/1.1" 200 31 "https://progressnet.gr/wp-cron.php?doing_wp_cron=1680678185.7266509532928466796875" "WordPress/6.1.1; https://progressnet.gr"
199.249.230.102 - - [05/Apr/2023:10:03:05 +0300] "POST /xmlrpc.php HTTP/1.1" 200 445 "-" "Mozilla/5.0 (Windows NT 10.0; Win64; x64) AppleWebKit/537.36 (KHTML, like Gecko) Chrome/64.0.3282.140 Safari/537.36 Edge/17.17134"
199.249.230.102 - - [05/Apr/2023:10:03:11 +0300] "POST /xmlrpc.php HTTP/1.1" 200 445 "-" "Mozilla/5.0 (Windows NT 10.0; Win64; x64) AppleWebKit/537.36 (KHTML, like Gecko) Chrome/64.0.3282.140 Safari/537.36 Edge/17.17134"
199.249.230.102 - - [05/Apr/2023:10:03:16 +0300] "POST /xmlrpc.php HTTP/1.1" 200 445 "-" "Mozilla/5.0 (Windows NT 10.0; Win64; x64) AppleWebKit/537.36 (KHTML, like Gecko) Chrome/64.0.3282.140 Safari/537.36 Edge/17.17134"
199.249.230.102 - - [05/Apr/2023:10:03:21 +0300] "POST /xmlrpc.php HTTP/1.1" 200 445 "-" "Mozilla/5.0 (Windows NT 10.0; Win64; x64) AppleWebKit/537.36 (KHTML, like Gecko) Chrome/64.0.3282.140 Safari/537.36 Edge/17.17134"
199.249.230.102 - - [05/Apr/2023:10:03:25 +0300] "POST /xmlrpc.php HTTP/1.1" 200 445 "-" "Mozilla/5.0 (Windows NT 10.0; Win64; x64) AppleWebKit/537.36 (KHTML, like Gecko) Chrome/64.0.3282.140 Safari/537.36 Edge/17.17134"
83.149.118.149 - - [05/Apr/2023:10:06:35 +0300] "POST /wp-cron.php?doing_wp_cron=1680678395.5139629840850830078125 HTTP/1.1" 200 31 "https://progressnet.gr/wp-cron.php?doing_wp_cron=1680678395.5139629840850830078125" "WordPress/6.1.1; https://progressnet.gr"
82.223.205.193 - - [05/Apr/2023:10:06:35 +0300] "POST /xmlrpc.php HTTP/1.1" 200 443 "-" "Mozilla/5.0 (Windows NT 10.0; Win64; x64; rv:96.0) Gecko/20100101 Firefox/96"
5.203.147.210 - - [05/Apr/2023:10:10:24 +0300] "GET /wp-content/uploads/2020/11/progressnet-logo-1.png HTTP/2.0" 200 6776 "https://www.attikovet.gr/" "Mozilla/5.0 (Linux; Android 13; SM-S906B) AppleWebKit/537.36 (KHTML, like Gecko) Chrome/111.0.0.0 Mobile Safari/537.36"
83.149.118.149 - - [05/Apr/2023:10:11:52 +0300] "POST /wp-cron.php?doing_wp_cron=1680678712.4638490676879882812500 HTTP/1.1" 200 31 "https://progressnet.gr/wp-cron.php?doing_wp_cron=1680678712.4638490676879882812500" "WordPress/6.1.1; https://progressnet.gr"
108.175.10.229 - - [05/Apr/2023:10:11:52 +0300] "POST /xmlrpc.php HTTP/1.1" 200 443 "-" "Mozilla/5.0 (Windows NT 10.0; Win64; x64; rv:96.0) Gecko/20100101 Firefox/96"
193.92.91.154 - - [05/Apr/2023:10:13:27 +0300] "GET /wp-content/uploads/2020/11/progressnet-logo-1.png HTTP/2.0" 200 6776 "-" "Mozilla/4.0 (compatible; ms-office; MSOffice 16)"
193.92.91.154 - - [05/Apr/2023:10:13:27 +0300] "GET /logo-progressnet.png HTTP/2.0" 200 5239 "-" "Mozilla/4.0 (compatible; ms-office; MSOffice 16)"
83.149.118.149 - - [05/Apr/2023:10:13:30 +0300] "POST /wp-cron.php?doing_wp_cron=1680678810.0220270156860351562500 HTTP/1.1" 200 31 "https://progressnet.gr/wp-cron.php?doing_wp_cron=1680678810.0220270156860351562500" "WordPress/6.1.1; https://progressnet.gr"
185.196.220.26 - - [05/Apr/2023:10:13:34 +0300] "GET /blog/wp-content/plugins/waiting/readme.txt HTTP/2.0" 404 14613 "-" "Mozilla/5.0 (Macintosh; Intel Mac OS X 13_1) AppleWebKit/537.36 (KHTML, like Gecko) Chrome/109.0.0.0 Safari/537.36"
193.92.91.154 - - [05/Apr/2023:10:13:53 +0300] "GET /wp-content/uploads/2020/11/progressnet-logo-1.png HTTP/2.0" 304 0 "-" "Mozilla/4.0 (compatible; ms-office; MSOffice 16)"
83.149.118.149 - - [05/Apr/2023:10:14:26 +0300] "POST /wp-cron.php?doing_wp_cron=1680678866.4421379566192626953125 HTTP/1.1" 200 31 "https://progressnet.gr/wp-cron.php?doing_wp_cron=1680678866.4421379566192626953125" "WordPress/6.1.1; https://progressnet.gr"
94.251.9.130 - - [05/Apr/2023:10:14:29 +0300] "POST /wp-login.php//wp-login.php HTTP/1.1" 404 15103 "-" "Mozilla/5.0 (X11; Ubuntu; Linux x86_64; rv:62.0) Gecko/20100101 Firefox/62.0"
104.244.75.48 - - [05/Apr/2023:10:16:49 +0300] "GET /wp-login.php HTTP/1.1" 301 5 "-" "Mozilla/5.0 (Macintosh; Intel Mac OS X 10.6; rv:31.0) Gecko/20100101 Firefox/31.0"
83.149.118.149 - - [05/Apr/2023:10:16:53 +0300] "POST /wp-cron.php?doing_wp_cron=1680679013.2453489303588867187500 HTTP/1.1" 200 31 "https://progressnet.gr/wp-cron.php?doing_wp_cron=1680679013.2453489303588867187500" "WordPress/6.1.1; https://progressnet.gr"
104.244.75.48 - - [05/Apr/2023:10:16:53 +0300] "GET /wp-login.php HTTP/1.1" 200 12842 "-" "Mozilla/5.0 (Macintosh; Intel Mac OS X 10.6; rv:31.0) Gecko/20100101 Firefox/31.0"
104.244.75.48 - - [05/Apr/2023:10:16:54 +0300] "POST /wp-login.php HTTP/1.1" 301 5 "-" "Mozilla/5.0 (Macintosh; Intel Mac OS X 10.6; rv:31.0) Gecko/20100101 Firefox/31.0"
104.244.75.48 - - [05/Apr/2023:10:16:59 +0300] "GET /wp-login.php HTTP/1.1" 200 12847 "-" "Mozilla/5.0 (Macintosh; Intel Mac OS X 10.6; rv:31.0) Gecko/20100101 Firefox/31.0"
62.74.38.24 - - [05/Apr/2023:10:17:04 +0300] "GET /anaptixi-android-ios-efarmogon/?gclid=Cj0KCQjwuLShBhC_ARIsAFod4fKAPkCLNLWIEJX3vXcdcdCd7nhP5B0VkoiVLNwKbnVBnWcfjZSvPycaAr8rEALw_wcB HTTP/2.0" 200 30939 "https://www.google.com/" "Mozilla/5.0 (Linux; Android 10; K) AppleWebKit/537.36 (KHTML, like Gecko) Chrome/111.0.0.0 Mobile Safari/537.36"
62.74.38.24 - - [05/Apr/2023:10:17:05 +0300] "GET /wp-content/cache/minify/d7cb9.css HTTP/2.0" 200 11485 "https://progressnet.gr/anaptixi-android-ios-efarmogon/?gclid=Cj0KCQjwuLShBhC_ARIsAFod4fKAPkCLNLWIEJX3vXcdcdCd7nhP5B0VkoiVLNwKbnVBnWcfjZSvPycaAr8rEALw_wcB" "Mozilla/5.0 (Linux; Android 10; K) AppleWebKit/537.36 (KHTML, like Gecko) Chrome/111.0.0.0 Mobile Safari/537.36"
62.74.38.24 - - [05/Apr/2023:10:17:05 +0300] "GET /wp-content/cache/minify/4eebb.css HTTP/2.0" 200 9743 "https://progressnet.gr/anaptixi-android-ios-efarmogon/?gclid=Cj0KCQjwuLShBhC_ARIsAFod4fKAPkCLNLWIEJX3vXcdcdCd7nhP5B0VkoiVLNwKbnVBnWcfjZSvPycaAr8rEALw_wcB" "Mozilla/5.0 (Linux; Android 10; K) AppleWebKit/537.36 (KHTML, like Gecko) Chrome/111.0.0.0 Mobile Safari/537.36"
62.74.38.24 - - [05/Apr/2023:10:17:05 +0300] "GET /wp-content/cache/minify/83f1b.css HTTP/2.0" 200 88243 "https://progressnet.gr/anaptixi-android-ios-efarmogon/?gclid=Cj0KCQjwuLShBhC_ARIsAFod4fKAPkCLNLWIEJX3vXcdcdCd7nhP5B0VkoiVLNwKbnVBnWcfjZSvPycaAr8rEALw_wcB" "Mozilla/5.0 (Linux; Android 10; K) AppleWebKit/537.36 (KHTML, like Gecko) Chrome/111.0.0.0 Mobile Safari/537.36"
62.74.38.24 - - [05/Apr/2023:10:17:05 +0300] "GET /wp-content/cache/minify/f6198.css HTTP/2.0" 200 43357 "https://progressnet.gr/anaptixi-android-ios-efarmogon/?gclid=Cj0KCQjwuLShBhC_ARIsAFod4fKAPkCLNLWIEJX3vXcdcdCd7nhP5B0VkoiVLNwKbnVBnWcfjZSvPycaAr8rEALw_wcB" "Mozilla/5.0 (Linux; Android 10; K) AppleWebKit/537.36 (KHTML, like Gecko) Chrome/111.0.0.0 Mobile Safari/537.36"
62.74.38.24 - - [05/Apr/2023:10:17:05 +0300] "GET /wp-content/cache/minify/47146.js HTTP/2.0" 200 152326 "https://progressnet.gr/anaptixi-android-ios-efarmogon/?gclid=Cj0KCQjwuLShBhC_ARIsAFod4fKAPkCLNLWIEJX3vXcdcdCd7nhP5B0VkoiVLNwKbnVBnWcfjZSvPycaAr8rEALw_wcB" "Mozilla/5.0 (Linux; Android 10; K) AppleWebKit/537.36 (KHTML, like Gecko) Chrome/111.0.0.0 Mobile Safari/537.36"
62.74.38.24 - - [05/Apr/2023:10:17:06 +0300] "GET /wp-content/cache/minify/4a4e6.css HTTP/2.0" 200 38150 "https://progressnet.gr/anaptixi-android-ios-efarmogon/?gclid=Cj0KCQjwuLShBhC_ARIsAFod4fKAPkCLNLWIEJX3vXcdcdCd7nhP5B0VkoiVLNwKbnVBnWcfjZSvPycaAr8rEALw_wcB" "Mozilla/5.0 (Linux; Android 10; K) AppleWebKit/537.36 (KHTML, like Gecko) Chrome/111.0.0.0 Mobile Safari/537.36"
62.74.38.24 - - [05/Apr/2023:10:17:06 +0300] "GET /wp-content/cache/minify/3ff94.css HTTP/2.0" 200 13054 "https://progressnet.gr/anaptixi-android-ios-efarmogon/?gclid=Cj0KCQjwuLShBhC_ARIsAFod4fKAPkCLNLWIEJX3vXcdcdCd7nhP5B0VkoiVLNwKbnVBnWcfjZSvPycaAr8rEALw_wcB" "Mozilla/5.0 (Linux; Android 10; K) AppleWebKit/537.36 (KHTML, like Gecko) Chrome/111.0.0.0 Mobile Safari/537.36"
62.74.38.24 - - [05/Apr/2023:10:17:06 +0300] "GET /wp-content/cache/minify/1f540.js HTTP/2.0" 200 2906 "https://progressnet.gr/anaptixi-android-ios-efarmogon/?gclid=Cj0KCQjwuLShBhC_ARIsAFod4fKAPkCLNLWIEJX3vXcdcdCd7nhP5B0VkoiVLNwKbnVBnWcfjZSvPycaAr8rEALw_wcB" "Mozilla/5.0 (Linux; Android 10; K) AppleWebKit/537.36 (KHTML, like Gecko) Chrome/111.0.0.0 Mobile Safari/537.36"
62.74.38.24 - - [05/Apr/2023:10:17:06 +0300] "GET /wp-content/cache/minify/58ef5.js HTTP/2.0" 200 95217 "https://progressnet.gr/anaptixi-android-ios-efarmogon/?gclid=Cj0KCQjwuLShBhC_ARIsAFod4fKAPkCLNLWIEJX3vXcdcdCd7nhP5B0VkoiVLNwKbnVBnWcfjZSvPycaAr8rEALw_wcB" "Mozilla/5.0 (Linux; Android 10; K) AppleWebKit/537.36 (KHTML, like Gecko) Chrome/111.0.0.0 Mobile Safari/537.36"
62.74.38.24 - - [05/Apr/2023:10:17:06 +0300] "GET /wp-content/cache/minify/ad81d.js HTTP/2.0" 200 22935 "https://progressnet.gr/anaptixi-android-ios-efarmogon/?gclid=Cj0KCQjwuLShBhC_ARIsAFod4fKAPkCLNLWIEJX3vXcdcdCd7nhP5B0VkoiVLNwKbnVBnWcfjZSvPycaAr8rEALw_wcB" "Mozilla/5.0 (Linux; Android 10; K) AppleWebKit/537.36 (KHTML, like Gecko) Chrome/111.0.0.0 Mobile Safari/537.36"
62.74.38.24 - - [05/Apr/2023:10:17:06 +0300] "GET /wp-content/cache/minify/545b0.js HTTP/2.0" 200 1957 "https://progressnet.gr/anaptixi-android-ios-efarmogon/?gclid=Cj0KCQjwuLShBhC_ARIsAFod4fKAPkCLNLWIEJX3vXcdcdCd7nhP5B0VkoiVLNwKbnVBnWcfjZSvPycaAr8rEALw_wcB" "Mozilla/5.0 (Linux; Android 10; K) AppleWebKit/537.36 (KHTML, like Gecko) Chrome/111.0.0.0 Mobile Safari/537.36"
62.74.38.24 - - [05/Apr/2023:10:17:06 +0300] "GET /wp-content/uploads/2020/11/progressnet-logo-1.png HTTP/2.0" 200 6776 "https://progressnet.gr/anaptixi-android-ios-efarmogon/?gclid=Cj0KCQjwuLShBhC_ARIsAFod4fKAPkCLNLWIEJX3vXcdcdCd7nhP5B0VkoiVLNwKbnVBnWcfjZSvPycaAr8rEALw_wcB" "Mozilla/5.0 (Linux; Android 10; K) AppleWebKit/537.36 (KHTML, like Gecko) Chrome/111.0.0.0 Mobile Safari/537.36"
62.74.38.24 - - [05/Apr/2023:10:17:06 +0300] "GET /wp-content/themes/scape/library/fonts/fonts/scape-ui.ttf HTTP/2.0" 200 32128 "https://progressnet.gr/wp-content/cache/minify/f6198.css" "Mozilla/5.0 (Linux; Android 10; K) AppleWebKit/537.36 (KHTML, like Gecko) Chrome/111.0.0.0 Mobile Safari/537.36"
62.74.38.24 - - [05/Apr/2023:10:17:06 +0300] "GET /wp-content/uploads/2020/12/services-bg-450x281.png HTTP/2.0" 200 14929 "https://progressnet.gr/anaptixi-android-ios-efarmogon/?gclid=Cj0KCQjwuLShBhC_ARIsAFod4fKAPkCLNLWIEJX3vXcdcdCd7nhP5B0VkoiVLNwKbnVBnWcfjZSvPycaAr8rEALw_wcB" "Mozilla/5.0 (Linux; Android 10; K) AppleWebKit/537.36 (KHTML, like Gecko) Chrome/111.0.0.0 Mobile Safari/537.36"
62.74.38.24 - - [05/Apr/2023:10:17:06 +0300] "GET /wp-content/uploads/2020/12/mobile-apps-design.png HTTP/2.0" 200 53922 "https://progressnet.gr/anaptixi-android-ios-efarmogon/?gclid=Cj0KCQjwuLShBhC_ARIsAFod4fKAPkCLNLWIEJX3vXcdcdCd7nhP5B0VkoiVLNwKbnVBnWcfjZSvPycaAr8rEALw_wcB" "Mozilla/5.0 (Linux; Android 10; K) AppleWebKit/537.36 (KHTML, like Gecko) Chrome/111.0.0.0 Mobile Safari/537.36"
62.74.38.24 - - [05/Apr/2023:10:17:07 +0300] "GET /wp-content/plugins/scape-core/include/icon-fonts/scape-devices/fonts/scape-devices.ttf HTTP/2.0" 200 96488 "https://progressnet.gr/wp-content/cache/minify/4a4e6.css" "Mozilla/5.0 (Linux; Android 10; K) AppleWebKit/537.36 (KHTML, like Gecko) Chrome/111.0.0.0 Mobile Safari/537.36"
62.74.38.24 - - [05/Apr/2023:10:17:07 +0300] "GET /wp-content/plugins/scape-core/include/icon-fonts/scape-tech/fonts/scape-tech.ttf HTTP/2.0" 200 328516 "https://progressnet.gr/wp-content/cache/minify/4a4e6.css" "Mozilla/5.0 (Linux; Android 10; K) AppleWebKit/537.36 (KHTML, like Gecko) Chrome/111.0.0.0 Mobile Safari/537.36"
62.74.38.24 - - [05/Apr/2023:10:17:07 +0300] "GET /wp-content/plugins/scape-core/include/icon-fonts/scape-basic/fonts/scape-basic.ttf HTTP/2.0" 200 221584 "https://progressnet.gr/wp-content/cache/minify/4a4e6.css" "Mozilla/5.0 (Linux; Android 10; K) AppleWebKit/537.36 (KHTML, like Gecko) Chrome/111.0.0.0 Mobile Safari/537.36"
62.74.38.24 - - [05/Apr/2023:10:17:07 +0300] "GET /wp-content/plugins/scape-core/include/icon-fonts/scape-brands/fonts/scape-brands.ttf HTTP/2.0" 200 60960 "https://progressnet.gr/wp-content/cache/minify/4a4e6.css" "Mozilla/5.0 (Linux; Android 10; K) AppleWebKit/537.36 (KHTML, like Gecko) Chrome/111.0.0.0 Mobile Safari/537.36"
62.74.38.24 - - [05/Apr/2023:10:17:07 +0300] "GET /wp-content/plugins/scape-core/include/icon-fonts/scape-objects/fonts/scape-objects.ttf HTTP/2.0" 200 680236 "https://progressnet.gr/wp-content/cache/minify/4a4e6.css" "Mozilla/5.0 (Linux; Android 10; K) AppleWebKit/537.36 (KHTML, like Gecko) Chrome/111.0.0.0 Mobile Safari/537.36"
62.74.38.24 - - [05/Apr/2023:10:17:07 +0300] "GET /wp-content/plugins/scape-core/include/icon-fonts/scape-people/fonts/scape-people.ttf HTTP/2.0" 200 216628 "https://progressnet.gr/wp-content/cache/minify/4a4e6.css" "Mozilla/5.0 (Linux; Android 10; K) AppleWebKit/537.36 (KHTML, like Gecko) Chrome/111.0.0.0 Mobile Safari/537.36"
191.101.209.141 - - [05/Apr/2023:10:17:09 +0300] "GET / HTTP/1.0" 200 267330 "https://progressnet.gr/" "Mozilla/5.0 (Windows NT 6.1; Win64; x64) AppleWebKit/537.36 (KHTML, like Gecko) Chrome/67.0.3396.87 Safari/537.36 OPR/54.0.2952.54"
83.149.118.149 - - [05/Apr/2023:10:17:13 +0300] "POST /wp-cron.php?doing_wp_cron=1680679033.6405711174011230468750 HTTP/1.1" 200 31 "https://progressnet.gr/wp-cron.php?doing_wp_cron=1680679033.6405711174011230468750" "WordPress/6.1.1; https://progressnet.gr"
62.74.38.24 - - [05/Apr/2023:10:17:13 +0300] "GET /wp-json/contact-form-7/v1/contact-forms/4479/feedback/schema HTTP/2.0" 200 236 "https://progressnet.gr/anaptixi-android-ios-efarmogon/?gclid=Cj0KCQjwuLShBhC_ARIsAFod4fKAPkCLNLWIEJX3vXcdcdCd7nhP5B0VkoiVLNwKbnVBnWcfjZSvPycaAr8rEALw_wcB" "Mozilla/5.0 (Linux; Android 10; K) AppleWebKit/537.36 (KHTML, like Gecko) Chrome/111.0.0.0 Mobile Safari/537.36"
191.101.209.141 - - [05/Apr/2023:10:17:15 +0300] "POST /wp-json/contact-form-7/v1/contact-forms/4479/feedback HTTP/1.0" 200 516 "https://progressnet.gr/" "Mozilla/5.0 (Windows NT 6.1; Win64; x64) AppleWebKit/537.36 (KHTML, like Gecko) Chrome/67.0.3396.87 Safari/537.36 OPR/54.0.2952.54"
62.74.38.24 - - [05/Apr/2023:10:17:16 +0300] "GET /wp-content/uploads/2020/11/favicon.ico HTTP/2.0" 200 498 "https://progressnet.gr/anaptixi-android-ios-efarmogon/?gclid=Cj0KCQjwuLShBhC_ARIsAFod4fKAPkCLNLWIEJX3vXcdcdCd7nhP5B0VkoiVLNwKbnVBnWcfjZSvPycaAr8rEALw_wcB" "Mozilla/5.0 (Linux; Android 10; K) AppleWebKit/537.36 (KHTML, like Gecko) Chrome/111.0.0.0 Mobile Safari/537.36"
52.15.125.9 - - [05/Apr/2023:10:17:17 +0300] "POST /xmlrpc.php HTTP/1.1" 200 443 "-" "Mozilla/5.0 (Windows NT 10.0; Win64; x64; rv:96.0) Gecko/20100101 Firefox/96"
62.74.38.24 - - [05/Apr/2023:10:17:19 +0300] "GET /wp-json/contact-form-7/v1/contact-forms/4479/refill HTTP/2.0" 200 6 "https://progressnet.gr/anaptixi-android-ios-efarmogon/?gclid=Cj0KCQjwuLShBhC_ARIsAFod4fKAPkCLNLWIEJX3vXcdcdCd7nhP5B0VkoiVLNwKbnVBnWcfjZSvPycaAr8rEALw_wcB" "Mozilla/5.0 (Linux; Android 10; K) AppleWebKit/537.36 (KHTML, like Gecko) Chrome/111.0.0.0 Mobile Safari/537.36"
84.38.132.47 - - [05/Apr/2023:10:17:56 +0300] "GET /wp-includes/css/modules.php HTTP/1.1" 404 13942 "-" "python-requests/2.27.1"
83.149.118.149 - - [05/Apr/2023:10:18:03 +0300] "POST /wp-cron.php?doing_wp_cron=1680679083.0609440803527832031250 HTTP/1.1" 200 31 "https://progressnet.gr/wp-cron.php?doing_wp_cron=1680679083.0609440803527832031250" "WordPress/6.1.1; https://progressnet.gr"
84.38.132.47 - - [05/Apr/2023:10:18:05 +0300] "GET /wso.php HTTP/1.1" 404 13953 "-" "python-requests/2.27.1"
84.38.132.47 - - [05/Apr/2023:10:18:11 +0300] "GET /wp-content/plugins/upspy/index.php HTTP/1.1" 301 5 "-" "python-requests/2.27.1"
84.38.132.47 - - [05/Apr/2023:10:18:21 +0300] "GET /wp-content/plugins/upspy/ HTTP/1.1" 404 13932 "-" "python-requests/2.27.1"
84.38.132.47 - - [05/Apr/2023:10:18:27 +0300] "GET /wp-content/plugins/ubh/index.php HTTP/1.1" 301 5 "-" "python-requests/2.27.1"
84.38.132.47 - - [05/Apr/2023:10:18:34 +0300] "GET /wp-content/plugins/ubh/ HTTP/1.1" 404 13931 "-" "python-requests/2.27.1"
84.38.132.47 - - [05/Apr/2023:10:18:43 +0300] "GET /wp-content/plugins/vwcleanerplugin/bump.php?cache HTTP/1.1" 404 13939 "-" "python-requests/2.27.1"
84.38.132.47 - - [05/Apr/2023:10:18:59 +0300] "GET /wp-content/plugins/xichang/x.php?xi HTTP/1.1" 404 13939 "-" "python-requests/2.27.1"
83.149.118.149 - - [05/Apr/2023:10:19:07 +0300] "POST /wp-cron.php?doing_wp_cron=1680679146.9088439941406250000000 HTTP/1.1" 200 31 "https://progressnet.gr/wp-cron.php?doing_wp_cron=1680679146.9088439941406250000000" "WordPress/6.1.1; https://progressnet.gr"
84.38.132.47 - - [05/Apr/2023:10:19:10 +0300] "GET /wp-content/plugins/html404/index.html HTTP/1.1" 404 13950 "-" "python-requests/2.27.1"
84.38.132.47 - - [05/Apr/2023:10:19:20 +0300] "GET /wp-admin/shapes.php HTTP/1.1" 404 13944 "-" "python-requests/2.27.1"
84.38.132.47 - - [05/Apr/2023:10:19:33 +0300] "GET /olux.php HTTP/1.1" 404 13934 "-" "python-requests/2.27.1"
84.38.132.47 - - [05/Apr/2023:10:19:43 +0300] "GET /indoxploit.php HTTP/1.1" 404 13934 "-" "python-requests/2.27.1"
84.38.132.47 - - [05/Apr/2023:10:19:46 +0300] "GET / HTTP/1.1" 200 32549 "-" "python-requests/2.27.1"
84.38.132.47 - - [05/Apr/2023:10:19:56 +0300] "GET /up.php HTTP/1.1" 404 13934 "-" "python-requests/2.27.1"
83.149.118.149 - - [05/Apr/2023:10:20:02 +0300] "POST /wp-cron.php?doing_wp_cron=1680679202.7747879028320312500000 HTTP/1.1" 200 31 "https://progressnet.gr/wp-cron.php?doing_wp_cron=1680679202.7747879028320312500000" "WordPress/6.1.1; https://progressnet.gr"
84.38.132.47 - - [05/Apr/2023:10:20:05 +0300] "GET /upload.php HTTP/1.1" 404 13952 "-" "python-requests/2.27.1"
84.38.132.47 - - [05/Apr/2023:10:20:15 +0300] "GET /wp-content/uploads/ HTTP/1.1" 403 13933 "-" "python-requests/2.27.1"
84.38.132.47 - - [05/Apr/2023:10:20:24 +0300] "GET /wp-content/uploads/2023/04/ HTTP/1.1" 403 13931 "-" "python-requests/2.27.1"
87.248.115.85 - - [05/Apr/2023:10:20:32 +0300] "GET /wp-content/uploads/2020/11/progressnet-logo-1.png HTTP/1.1" 200 6776 "-" "YahooMailProxy; https://help.yahoo.com/kb/yahoo-mail-proxy-SLN28749.html"
84.38.132.47 - - [05/Apr/2023:10:20:34 +0300] "GET /shell.php HTTP/1.1" 404 13934 "-" "python-requests/2.27.1"
84.38.132.47 - - [05/Apr/2023:10:20:44 +0300] "GET /wp-admin/network/wp-footer.php HTTP/1.1" 404 13943 "-" "python-requests/2.27.1"
84.38.132.47 - - [05/Apr/2023:10:20:54 +0300] "GET /wp-info.php HTTP/1.1" 404 13945 "-" "python-requests/2.27.1"
83.149.118.149 - - [05/Apr/2023:10:21:01 +0300] "POST /wp-cron.php?doing_wp_cron=1680679261.3915801048278808593750 HTTP/1.1" 200 31 "https://progressnet.gr/wp-cron.php?doing_wp_cron=1680679261.3915801048278808593750" "WordPress/6.1.1; https://progressnet.gr"
84.38.132.47 - - [05/Apr/2023:10:21:04 +0300] "GET /wp-content/vuln.php HTTP/1.1" 404 13960 "-" "python-requests/2.27.1"
84.38.132.47 - - [05/Apr/2023:10:21:14 +0300] "GET /upel.php HTTP/1.1" 404 13933 "-" "python-requests/2.27.1"
84.38.132.47 - - [05/Apr/2023:10:21:26 +0300] "GET /wp-content/plugins/ppus/up.php HTTP/1.1" 404 13943 "-" "python-requests/2.27.1"
78.108.47.234 - - [05/Apr/2023:10:21:27 +0300] "GET /wp-content/uploads/2020/11/progressnet-logo-1.png HTTP/2.0" 200 6776 "https://www.attikovet.gr/" "Mozilla/5.0 (Windows NT 10.0; Win64; x64) AppleWebKit/537.36 (KHTML, like Gecko) Chrome/111.0.0.0 Safari/537.36"
84.38.132.47 - - [05/Apr/2023:10:21:35 +0300] "GET /098.php HTTP/1.1" 404 13934 "-" "python-requests/2.27.1"
84.38.132.47 - - [05/Apr/2023:10:21:44 +0300] "GET /V5.php HTTP/1.1" 404 13934 "-" "python-requests/2.27.1"
84.38.132.47 - - [05/Apr/2023:10:21:54 +0300] "GET /new_license.php HTTP/1.1" 404 13934 "-" "python-requests/2.27.1"
83.149.118.149 - - [05/Apr/2023:10:22:01 +0300] "POST /wp-cron.php?doing_wp_cron=1680679321.0579960346221923828125 HTTP/1.1" 200 31 "https://progressnet.gr/wp-cron.php?doing_wp_cron=1680679321.0579960346221923828125" "WordPress/6.1.1; https://progressnet.gr"
84.38.132.47 - - [05/Apr/2023:10:22:04 +0300] "GET /wp-content/plugins/theme-configurator/mini.php HTTP/1.1" 404 13958 "-" "python-requests/2.27.1"
83.149.118.149 - - [05/Apr/2023:10:22:12 +0300] "POST /wp-cron.php?doing_wp_cron=1680679332.3677558898925781250000 HTTP/1.1" 200 31 "https://progressnet.gr/wp-cron.php?doing_wp_cron=1680679332.3677558898925781250000" "WordPress/6.1.1; https://progressnet.gr"
84.38.132.47 - - [05/Apr/2023:10:22:15 +0300] "GET /wp-content/plugins/widget-logic/mini.php HTTP/1.1" 404 13957 "-" "python-requests/2.27.1"
84.38.132.47 - - [05/Apr/2023:10:22:25 +0300] "GET /wso.php HTTP/1.1" 404 13934 "-" "python-requests/2.27.1"
84.38.132.47 - - [05/Apr/2023:10:22:36 +0300] "GET /modules/modules/modules.php HTTP/1.1" 404 13932 "-" "python-requests/2.27.1"
45.149.79.127 - - [05/Apr/2023:10:22:42 +0300] "POST /xmlrpc.php HTTP/1.1" 200 443 "-" "Mozilla/5.0 (Windows NT 10.0; Win64; x64; rv:96.0) Gecko/20100101 Firefox/96"
84.38.132.47 - - [05/Apr/2023:10:22:45 +0300] "GET /modules/mod_simplefileuploadv1.3/elements/Clean.php HTTP/1.1" 404 13932 "-" "python-requests/2.27.1"
84.38.132.47 - - [05/Apr/2023:10:22:55 +0300] "GET /modules/mod_simplefileuploadv1.3/elements/udd.php HTTP/1.1" 404 13932 "-" "python-requests/2.27.1"
83.149.118.149 - - [05/Apr/2023:10:23:04 +0300] "POST /wp-cron.php?doing_wp_cron=1680679384.4254090785980224609375 HTTP/1.1" 200 31 "https://progressnet.gr/wp-cron.php?doing_wp_cron=1680679384.4254090785980224609375" "WordPress/6.1.1; https://progressnet.gr"
40.94.104.7 - - [05/Apr/2023:10:23:07 +0300] "GET /wp-content/uploads/2020/11/progressnet-logo-1.png HTTP/2.0" 200 6776 "https://www.attikovet.gr/" "Mozilla/5.0 (Windows NT 10.0; Win64; x64) AppleWebKit/537.36 (KHTML, like Gecko) Chrome/101.0.4951.54 Safari/537.36"
40.94.103.61 - - [05/Apr/2023:10:23:07 +0300] "GET /wp-content/uploads/2020/11/progressnet-logo-1.png HTTP/2.0" 200 6776 "https://www.attikovet.gr/" "Mozilla/5.0 (Windows NT 10.0; Win64; x64) AppleWebKit/537.36 (KHTML, like Gecko) Chrome/101.0.4951.67 Safari/537.36"
173.255.172.146 - - [05/Apr/2023:10:23:07 +0300] "GET /.env HTTP/1.1" 404 0 "-" "Mozilla/5.0 (Linux; U; Android 4.4.2; en-US; HM NOTE 1W Build/KOT49H) AppleWebKit/534.30 (KHTML, like Gecko) Version/4.0 UCBrowser/11.0.5.850 U3/0.8.0 Mobile Safari/534.30"
84.38.132.47 - - [05/Apr/2023:10:23:10 +0300] "GET /libraries/joomla/css.php HTTP/1.1" 404 13932 "-" "python-requests/2.27.1"
84.38.132.47 - - [05/Apr/2023:10:23:21 +0300] "GET /libraries/joomla/jmails.php?u HTTP/1.1" 404 13938 "-" "python-requests/2.27.1"
84.38.132.47 - - [05/Apr/2023:10:23:32 +0300] "GET /libraries/joomla/jmail.php?u HTTP/1.1" 404 13938 "-" "python-requests/2.27.1"
84.38.132.47 - - [05/Apr/2023:10:23:43 +0300] "GET /images/vuln.php HTTP/1.1" 404 13934 "-" "python-requests/2.27.1"
84.38.132.47 - - [05/Apr/2023:10:23:54 +0300] "GET /tmp/vuln.php HTTP/1.1" 404 13934 "-" "python-requests/2.27.1"
83.149.118.149 - - [05/Apr/2023:10:24:02 +0300] "POST /wp-cron.php?doing_wp_cron=1680679442.1959359645843505859375 HTTP/1.1" 200 31 "https://progressnet.gr/wp-cron.php?doing_wp_cron=1680679442.1959359645843505859375" "WordPress/6.1.1; https://progressnet.gr"
84.38.132.47 - - [05/Apr/2023:10:24:04 +0300] "GET /XxX.php HTTP/1.1" 404 13953 "-" "python-requests/2.27.1"
84.38.132.47 - - [05/Apr/2023:10:24:16 +0300] "GET /Marvins.php HTTP/1.1" 404 13933 "-" "python-requests/2.27.1"
84.38.132.47 - - [05/Apr/2023:10:24:31 +0300] "GET /rxr.php?rxr HTTP/1.1" 404 13941 "-" "python-requests/2.27.1"
84.38.132.47 - - [05/Apr/2023:10:24:43 +0300] "GET /olux.php HTTP/1.1" 404 13934 "-" "python-requests/2.27.1"
84.38.132.47 - - [05/Apr/2023:10:24:54 +0300] "GET /indoxploit.php HTTP/1.1" 404 13934 "-" "python-requests/2.27.1"
83.149.118.149 - - [05/Apr/2023:10:25:01 +0300] "POST /wp-cron.php?doing_wp_cron=1680679501.4045629501342773437500 HTTP/1.1" 200 31 "https://progressnet.gr/wp-cron.php?doing_wp_cron=1680679501.4045629501342773437500" "WordPress/6.1.1; https://progressnet.gr"
84.38.132.47 - - [05/Apr/2023:10:25:04 +0300] "GET /error.php HTTP/1.1" 404 13953 "-" "python-requests/2.27.1"
84.38.132.47 - - [05/Apr/2023:10:25:14 +0300] "GET /RxR.php HTTP/1.1" 404 13933 "-" "python-requests/2.27.1"
84.38.132.47 - - [05/Apr/2023:10:25:27 +0300] "GET /components/com_b2jcontact/izoc.php HTTP/1.1" 404 13932 "-" "python-requests/2.27.1"
84.38.132.47 - - [05/Apr/2023:10:25:38 +0300] "GET /V3.php HTTP/1.1" 404 13934 "-" "python-requests/2.27.1"
84.38.132.47 - - [05/Apr/2023:10:25:48 +0300] "GET /V5.php HTTP/1.1" 404 13934 "-" "python-requests/2.27.1"
84.38.132.47 - - [05/Apr/2023:10:25:52 +0300] "GET / HTTP/1.1" 200 31412 "-" "python-requests/2.27.1"
83.149.118.149 - - [05/Apr/2023:10:26:02 +0300] "POST /wp-cron.php?doing_wp_cron=1680679562.4156429767608642578125 HTTP/1.1" 200 31 "https://progressnet.gr/wp-cron.php?doing_wp_cron=1680679562.4156429767608642578125" "WordPress/6.1.1; https://progressnet.gr"
84.38.132.47 - - [05/Apr/2023:10:26:04 +0300] "GET /up.php HTTP/1.1" 404 13953 "-" "python-requests/2.27.1"
84.38.132.47 - - [05/Apr/2023:10:26:14 +0300] "GET /upload.php HTTP/1.1" 404 13933 "-" "python-requests/2.27.1"
84.38.132.47 - - [05/Apr/2023:10:26:22 +0300] "GET /shell.php HTTP/1.1" 404 13934 "-" "python-requests/2.27.1"
84.38.132.47 - - [05/Apr/2023:10:26:29 +0300] "GET /administrator/templates/bluestork/index.php HTTP/1.1" 301 5 "-" "python-requests/2.27.1"
94.66.174.117 - - [05/Apr/2023:10:26:33 +0300] "GET /wp-content/uploads/2020/11/progressnet-logo-1.png HTTP/2.0" 200 6776 "https://www.attikovet.gr/" "Mozilla/5.0 (Linux; Android 13; SM-A136B) AppleWebKit/537.36 (KHTML, like Gecko) Chrome/111.0.0.0 Mobile Safari/537.36"
84.38.132.47 - - [05/Apr/2023:10:26:36 +0300] "GET /administrator/templates/bluestork/ HTTP/1.1" 404 13932 "-" "python-requests/2.27.1"
84.38.132.47 - - [05/Apr/2023:10:26:46 +0300] "GET /administrator/templates/bluestork/error.php HTTP/1.1" 404 13932 "-" "python-requests/2.27.1"
84.38.132.47 - - [05/Apr/2023:10:26:54 +0300] "GET /administrator/templates/hathor/index.php HTTP/1.1" 301 5 "-" "python-requests/2.27.1"
83.149.118.149 - - [05/Apr/2023:10:26:59 +0300] "POST /wp-cron.php?doing_wp_cron=1680679619.0905790328979492187500 HTTP/1.1" 200 31 "https://progressnet.gr/wp-cron.php?doing_wp_cron=1680679619.0905790328979492187500" "WordPress/6.1.1; https://progressnet.gr"
84.38.132.47 - - [05/Apr/2023:10:27:02 +0300] "GET /administrator/templates/hathor/ HTTP/1.1" 404 13950 "-" "python-requests/2.27.1"
185.231.115.174 - - [05/Apr/2023:10:27:05 +0300] "POST /xmlrpc.php HTTP/1.1" 200 443 "-" "Mozilla/5.0 (Windows NT 10.0; Win64; x64; rv:96.0) Gecko/20100101 Firefox/96"
84.38.132.47 - - [05/Apr/2023:10:27:12 +0300] "GET /administrator/templates/hathor/error.php HTTP/1.1" 404 13931 "-" "python-requests/2.27.1"
84.38.132.47 - - [05/Apr/2023:10:27:19 +0300] "GET /administrator/templates/isis/index.php HTTP/1.1" 301 5 "-" "python-requests/2.27.1"
84.38.132.47 - - [05/Apr/2023:10:27:29 +0300] "GET /administrator/templates/isis/ HTTP/1.1" 404 13932 "-" "python-requests/2.27.1"
84.38.132.47 - - [05/Apr/2023:10:27:38 +0300] "GET /administrator/templates/isis/error.php HTTP/1.1" 404 13932 "-" "python-requests/2.27.1"
37.6.164.129 - - [05/Apr/2023:10:27:43 +0300] "GET /wp-content/uploads/2020/11/progressnet-logo-1.png HTTP/2.0" 200 6776 "https://www.attikovet.gr/" "Mozilla/5.0 (Linux; Android 10; MAR-LX1A) AppleWebKit/537.36 (KHTML, like Gecko) Chrome/111.0.0.0 Mobile Safari/537.36"
84.38.132.47 - - [05/Apr/2023:10:27:46 +0300] "GET /templates/beez/index.php HTTP/1.1" 301 5 "-" "python-requests/2.27.1"
84.38.132.47 - - [05/Apr/2023:10:27:56 +0300] "GET /templates/beez/ HTTP/1.1" 404 13934 "-" "python-requests/2.27.1"
83.149.118.149 - - [05/Apr/2023:10:28:06 +0300] "POST /wp-cron.php?doing_wp_cron=1680679686.3244209289550781250000 HTTP/1.1" 200 31 "https://progressnet.gr/wp-cron.php?doing_wp_cron=1680679686.3244209289550781250000" "WordPress/6.1.1; https://progressnet.gr"
84.38.132.47 - - [05/Apr/2023:10:28:06 +0300] "GET /templates/ja_purity/index.php HTTP/1.1" 301 5 "-" "python-requests/2.27.1"
84.38.132.47 - - [05/Apr/2023:10:28:15 +0300] "GET /templates/ja_purity/ HTTP/1.1" 404 13934 "-" "python-requests/2.27.1"
84.38.132.47 - - [05/Apr/2023:10:28:23 +0300] "GET /templates/rhuk_milkyway/index.php HTTP/1.1" 301 5 "-" "python-requests/2.27.1"
84.38.132.47 - - [05/Apr/2023:10:28:30 +0300] "GET /templates/rhuk_milkyway/ HTTP/1.1" 404 13934 "-" "python-requests/2.27.1"
85.72.39.80 - - [05/Apr/2023:10:28:35 +0300] "GET /wp-content/uploads/2020/11/progressnet-logo-1.png HTTP/2.0" 200 6776 "https://www.attikovet.gr/" "Mozilla/5.0 (Windows NT 10.0; Win64; x64) AppleWebKit/537.36 (KHTML, like Gecko) Chrome/111.0.0.0 Safari/537.36"
84.38.132.47 - - [05/Apr/2023:10:28:40 +0300] "GET /templates/system/index.php HTTP/1.1" 301 5 "-" "python-requests/2.27.1"
84.38.132.47 - - [05/Apr/2023:10:28:47 +0300] "GET /templates/system/ HTTP/1.1" 404 13934 "-" "python-requests/2.27.1"
84.38.132.47 - - [05/Apr/2023:10:28:55 +0300] "GET /templates/system/error.php HTTP/1.1" 404 13932 "-" "python-requests/2.27.1"
83.149.118.149 - - [05/Apr/2023:10:29:03 +0300] "POST /wp-cron.php?doing_wp_cron=1680679743.7160699367523193359375 HTTP/1.1" 200 31 "https://progressnet.gr/wp-cron.php?doing_wp_cron=1680679743.7160699367523193359375" "WordPress/6.1.1; https://progressnet.gr"
84.38.132.47 - - [05/Apr/2023:10:29:04 +0300] "GET /templates/beez3/index.php HTTP/1.1" 301 5 "-" "python-requests/2.27.1"
84.38.132.47 - - [05/Apr/2023:10:29:14 +0300] "GET /templates/beez3/ HTTP/1.1" 404 13934 "-" "python-requests/2.27.1"
84.38.132.47 - - [05/Apr/2023:10:29:23 +0300] "GET /templates/beez3/error.php HTTP/1.1" 404 13931 "-" "python-requests/2.27.1"
84.38.132.47 - - [05/Apr/2023:10:29:29 +0300] "GET /templates/beez5/index.php HTTP/1.1" 301 5 "-" "python-requests/2.27.1"
84.38.132.47 - - [05/Apr/2023:10:29:36 +0300] "GET /templates/beez5/ HTTP/1.1" 404 13934 "-" "python-requests/2.27.1"
84.38.132.47 - - [05/Apr/2023:10:29:44 +0300] "GET /templates/beez5/error.php HTTP/1.1" 404 13932 "-" "python-requests/2.27.1"
212.251.23.18 - - [05/Apr/2023:10:29:46 +0300] "GET /wp-content/uploads/2020/11/progressnet-logo-1.png HTTP/2.0" 200 6776 "https://felicita.gr/" "Mozilla/5.0 (Windows NT 10.0; Win64; x64) AppleWebKit/537.36 (KHTML, like Gecko) Chrome/111.0.0.0 Safari/537.36"
84.38.132.47 - - [05/Apr/2023:10:29:53 +0300] "GET /templates/beez_20/index.php HTTP/1.1" 301 5 "-" "python-requests/2.27.1"
101.18.138.100 - - [05/Apr/2023:10:29:57 +0300] "GET / HTTP/1.1" 200 31412 "https://www.progressnet.dev/" "Mozilla/5.0 (Windows NT 10.0; WOW64) AppleWebKit/537.36 (KHTML, like Gecko) Chrome/97.97.202.97 Safari/537.36"
84.38.132.47 - - [05/Apr/2023:10:29:59 +0300] "GET /templates/beez_20/ HTTP/1.1" 404 13934 "-" "python-requests/2.27.1"
83.149.118.149 - - [05/Apr/2023:10:30:05 +0300] "POST /wp-cron.php?doing_wp_cron=1680679805.6998429298400878906250 HTTP/1.1" 200 31 "https://progressnet.gr/wp-cron.php?doing_wp_cron=1680679805.6998429298400878906250" "WordPress/6.1.1; https://progressnet.gr"
84.38.132.47 - - [05/Apr/2023:10:30:08 +0300] "GET /templates/beez_20/error.php HTTP/1.1" 404 13950 "-" "python-requests/2.27.1"
84.38.132.47 - - [05/Apr/2023:10:30:14 +0300] "GET /templates/protostar/index.php HTTP/1.1" 301 5 "-" "python-requests/2.27.1"
84.38.132.47 - - [05/Apr/2023:10:30:22 +0300] "GET /templates/protostar/ HTTP/1.1" 404 13934 "-" "python-requests/2.27.1"
84.38.132.47 - - [05/Apr/2023:10:30:33 +0300] "GET /templates/protostar/error.php HTTP/1.1" 404 13930 "-" "python-requests/2.27.1"
84.38.132.47 - - [05/Apr/2023:10:30:40 +0300] "GET /templates/atomic/index.php HTTP/1.1" 301 5 "-" "python-requests/2.27.1"
84.38.132.47 - - [05/Apr/2023:10:30:48 +0300] "GET /templates/atomic/ HTTP/1.1" 404 13934 "-" "python-requests/2.27.1"
84.38.132.47 - - [05/Apr/2023:10:30:57 +0300] "GET /templates/atomic/error.php HTTP/1.1" 404 13932 "-" "python-requests/2.27.1"
83.149.118.149 - - [05/Apr/2023:10:31:07 +0300] "POST /wp-cron.php?doing_wp_cron=1680679867.5033879280090332031250 HTTP/1.1" 200 31 "https://progressnet.gr/wp-cron.php?doing_wp_cron=1680679867.5033879280090332031250" "WordPress/6.1.1; https://progressnet.gr"
84.38.132.47 - - [05/Apr/2023:10:31:10 +0300] "GET /olux.php HTTP/1.1" 404 13953 "-" "python-requests/2.27.1"
84.38.132.47 - - [05/Apr/2023:10:31:20 +0300] "GET /indoxploit.php HTTP/1.1" 404 13932 "-" "python-requests/2.27.1"
84.38.132.47 - - [05/Apr/2023:10:31:32 +0300] "GET /indoxploit.php HTTP/1.1" 404 13934 "-" "python-requests/2.27.1"
84.38.132.47 - - [05/Apr/2023:10:31:43 +0300] "GET /wso.php HTTP/1.1" 404 13934 "-" "python-requests/2.27.1"
195.201.53.186 - - [05/Apr/2023:10:31:50 +0300] "POST /xmlrpc.php HTTP/1.1" 200 443 "-" "Mozilla/5.0 (Windows NT 10.0; Win64; x64; rv:96.0) Gecko/20100101 Firefox/96"
84.38.132.47 - - [05/Apr/2023:10:31:52 +0300] "GET /images/ HTTP/1.1" 404 13934 "-" "python-requests/2.27.1"
83.149.118.149 - - [05/Apr/2023:10:31:59 +0300] "POST /wp-cron.php?doing_wp_cron=1680679919.3374660015106201171875 HTTP/1.1" 200 31 "https://progressnet.gr/wp-cron.php?doing_wp_cron=1680679919.3374660015106201171875" "WordPress/6.1.1; https://progressnet.gr"
84.38.132.47 - - [05/Apr/2023:10:32:02 +0300] "GET /uploads/ HTTP/1.1" 404 13953 "-" "python-requests/2.27.1"
84.38.132.47 - - [05/Apr/2023:10:32:11 +0300] "GET /img/ HTTP/1.1" 404 13933 "-" "python-requests/2.27.1"
110.93.150.167 - - [05/Apr/2023:10:32:15 +0300] "GET /category/diakriseis/ HTTP/1.1" 200 17567 "-" "Mozilla/5.0 (compatible; Yeti/1.1; +https://naver.me/spd)"
84.38.132.47 - - [05/Apr/2023:10:32:21 +0300] "GET /upload/ HTTP/1.1" 404 13934 "-" "python-requests/2.27.1"
84.38.132.47 - - [05/Apr/2023:10:32:33 +0300] "GET /gallery/ HTTP/1.1" 404 13933 "-" "python-requests/2.27.1"
84.38.132.47 - - [05/Apr/2023:10:32:41 +0300] "GET /files/ HTTP/1.1" 404 13934 "-" "python-requests/2.27.1"
84.38.132.47 - - [05/Apr/2023:10:32:51 +0300] "GET /pdf/ HTTP/1.1" 404 13934 "-" "python-requests/2.27.1"
83.149.118.149 - - [05/Apr/2023:10:33:03 +0300] "POST /wp-cron.php?doing_wp_cron=1680679982.9451150894165039062500 HTTP/1.1" 200 31 "https://progressnet.gr/wp-cron.php?doing_wp_cron=1680679982.9451150894165039062500" "WordPress/6.1.1; https://progressnet.gr"
84.38.132.47 - - [05/Apr/2023:10:33:05 +0300] "GET /docs/ HTTP/1.1" 404 13952 "-" "python-requests/2.27.1"
84.38.132.47 - - [05/Apr/2023:10:33:08 +0300] "GET / HTTP/1.1" 200 31412 "-" "python-requests/2.27.1"
84.38.132.47 - - [05/Apr/2023:10:33:19 +0300] "GET /up.php HTTP/1.1" 404 13933 "-" "python-requests/2.27.1"
79.129.26.120 - - [05/Apr/2023:10:33:26 +0300] "GET /wp-content/uploads/2020/11/progressnet-logo-1.png HTTP/2.0" 200 6776 "https://www.attikovet.gr/" "Mozilla/5.0 (iPhone; CPU iPhone OS 16_2 like Mac OS X) AppleWebKit/605.1.15 (KHTML, like Gecko) Version/16.2 Mobile/15E148 Safari/604.1"
84.38.132.47 - - [05/Apr/2023:10:33:30 +0300] "GET /upload.php HTTP/1.1" 404 13934 "-" "python-requests/2.27.1"
84.38.132.47 - - [05/Apr/2023:10:33:41 +0300] "GET /shell.php HTTP/1.1" 404 13934 "-" "python-requests/2.27.1"
212.251.23.18 - - [05/Apr/2023:10:34:25 +0300] "GET /wp-content/uploads/2020/11/progressnet-logo-1.png HTTP/2.0" 200 6776 "https://felicita.gr/" "Mozilla/5.0 (Windows NT 10.0; Win64; x64) AppleWebKit/537.36 (KHTML, like Gecko) Chrome/111.0.0.0 Safari/537.36"
83.149.118.149 - - [05/Apr/2023:10:36:26 +0300] "POST /wp-cron.php?doing_wp_cron=1680680186.4623069763183593750000 HTTP/1.1" 200 31 "https://progressnet.gr/wp-cron.php?doing_wp_cron=1680680186.4623069763183593750000" "WordPress/6.1.1; https://progressnet.gr"
5.161.142.223 - - [05/Apr/2023:10:36:26 +0300] "POST /xmlrpc.php HTTP/1.1" 200 443 "-" "Mozilla/5.0 (Windows NT 10.0; Win64; x64; rv:96.0) Gecko/20100101 Firefox/96"
66.249.81.112 - - [05/Apr/2023:10:37:28 +0300] "GET /wp-content/uploads/2020/11/progressnet-logo-1.png HTTP/1.1" 200 6776 "-" "Mozilla/5.0 (Windows NT 5.1; rv:11.0) Gecko Firefox/11.0 (via ggpht.com GoogleImageProxy)"
138.199.36.200 - - [05/Apr/2023:10:38:24 +0300] "GET / HTTP/1.0" 200 267330 "https://progressnet.gr/" "Mozilla/5.0 (Windows NT 10.0; Win64; x64) AppleWebKit/537.36 (KHTML, like Gecko) Chrome/68.0.3440.75 Safari/537.36"
83.149.118.149 - - [05/Apr/2023:10:38:28 +0300] "POST /wp-cron.php?doing_wp_cron=1680680308.5769650936126708984375 HTTP/1.1" 200 31 "https://progressnet.gr/wp-cron.php?doing_wp_cron=1680680308.5769650936126708984375" "WordPress/6.1.1; https://progressnet.gr"
138.199.36.200 - - [05/Apr/2023:10:38:29 +0300] "POST /wp-json/contact-form-7/v1/contact-forms/4479/feedback HTTP/1.0" 200 516 "https://progressnet.gr/" "Mozilla/5.0 (Windows NT 10.0; Win64; x64) AppleWebKit/537.36 (KHTML, like Gecko) Chrome/68.0.3440.75 Safari/537.36"
83.149.118.149 - - [05/Apr/2023:10:40:48 +0300] "POST /wp-cron.php?doing_wp_cron=1680680448.4186110496520996093750 HTTP/1.1" 200 31 "https://progressnet.gr/wp-cron.php?doing_wp_cron=1680680448.4186110496520996093750" "WordPress/6.1.1; https://progressnet.gr"
67.225.172.5 - - [05/Apr/2023:10:40:48 +0300] "POST /xmlrpc.php HTTP/1.1" 200 443 "-" "Mozilla/5.0 (Windows NT 10.0; Win64; x64; rv:96.0) Gecko/20100101 Firefox/96"
