94.71.4.71 - - [05/Apr/2023:10:41:48 +0300] "GET /wp-content/uploads/2020/11/progressnet-logo-1.png HTTP/2.0" 200 6776 "https://www.attikovet.gr/" "Mozilla/5.0 (Linux; Android 12) AppleWebKit/537.36 (KHTML, like Gecko) Chrome/111.0.0.0 Mobile Safari/537.36"
83.149.118.149 - - [05/Apr/2023:10:45:09 +0300] "POST /wp-cron.php?doing_wp_cron=1680680709.1685268878936767578125 HTTP/1.1" 200 31 "https://progressnet.gr/wp-cron.php?doing_wp_cron=1680680709.1685268878936767578125" "WordPress/6.1.1; https://progressnet.gr"
148.72.245.234 - - [05/Apr/2023:10:45:09 +0300] "POST /xmlrpc.php HTTP/1.1" 200 443 "-" "Mozilla/5.0 (Windows NT 10.0; Win64; x64; rv:96.0) Gecko/20100101 Firefox/96"
74.125.151.165 - - [05/Apr/2023:10:47:05 +0300] "GET / HTTP/1.1" 200 26808 "-" "Mozilla/5.0 (Linux; Android 6.0.1; Nexus 5X Build/MMB29P) AppleWebKit/537.36 (KHTML, like Gecko) Chrome/111.0.5563.146 Mobile Safari/537.36 (compatible; AdsBot-Google-Mobile; +http://www.google.com/mobile/adsbot.html)"
23.91.100.77 - - [05/Apr/2023:10:47:07 +0300] "GET / HTTP/1.1" 400 248 "-" "curl/7.29.0"
23.91.100.77 - - [05/Apr/2023:10:47:17 +0300] "GET / HTTP/1.1" 200 81597 "-" "curl/7.29.0"
152.32.187.221 - - [05/Apr/2023:10:47:30 +0300] "GET / HTTP/1.1" 200 32549 "-" "Mozilla/5.0 (Windows NT 9_0_1; Win64; x64) AppleWebKit/549.55 (KHTML, like Gecko) Chrome/75.0.2008 Safari/537.36"
83.149.118.149 - - [05/Apr/2023:10:47:38 +0300] "POST /wp-cron.php?doing_wp_cron=1680680858.7748579978942871093750 HTTP/1.1" 200 31 "https://progressnet.gr/wp-cron.php?doing_wp_cron=1680680858.7748579978942871093750" "WordPress/6.1.1; https://progressnet.gr"
152.32.187.221 - - [05/Apr/2023:10:47:38 +0300] "GET /favicon.ico HTTP/1.1" 302 5 "-" "Mozilla/5.0 (X11; Linux x86_64) AppleWebKit/551.46 (KHTML, like Gecko) Chrome/86.0.957 Safari/537.36"
152.32.187.221 - - [05/Apr/2023:10:47:39 +0300] "GET /wp-content/uploads/2020/11/favicon.ico HTTP/1.1" 200 510 "https://progressnet.gr/favicon.ico" "Mozilla/5.0 (X11; Linux x86_64) AppleWebKit/551.46 (KHTML, like Gecko) Chrome/86.0.957 Safari/537.36"
152.32.187.221 - - [05/Apr/2023:10:47:46 +0300] "GET /sitemap.xml HTTP/1.1" 301 5 "-" "Mozilla/5.0 (X11; Linux x86_64) AppleWebKit/545.54 (KHTML, like Gecko) Chrome/73.0.1661 Safari/537.36"
152.32.187.221 - - [05/Apr/2023:10:47:46 +0300] "GET /robots.txt HTTP/1.1" 200 136 "-" "Mozilla/5.0 (Macintosh; Intel Mac OS X 9_1_2) AppleWebKit/586.39 (KHTML, like Gecko) Chrome/102.0.1546 Safari/537.36"
152.32.187.221 - - [05/Apr/2023:10:47:47 +0300] "GET /sitemap_index.xml HTTP/1.1" 200 555 "https://progressnet.gr/sitemap.xml" "Mozilla/5.0 (X11; Linux x86_64) AppleWebKit/545.54 (KHTML, like Gecko) Chrome/73.0.1661 Safari/537.36"
152.32.187.221 - - [05/Apr/2023:10:47:49 +0300] "GET /wp-content/uploads/2020/11/favicon.ico HTTP/1.1" 200 510 "-" "Mozilla/5.0 (X11; Linux x86_64) AppleWebKit/585.51 (KHTML, like Gecko) Chrome/98.0.1296 Safari/537.36"
152.32.187.221 - - [05/Apr/2023:10:47:50 +0300] "GET /wp-content/uploads/2020/11/progressnet-logo-1.png HTTP/1.1" 200 6776 "-" "Mozilla/5.0 (Macintosh; Intel Mac OS X 9_0_1) AppleWebKit/553.52 (KHTML, like Gecko) Chrome/74.0.1076 Safari/537.36"
152.32.187.221 - - [05/Apr/2023:10:47:51 +0300] "GET /wp-content/cache/minify/ad81d.js HTTP/1.1" 200 24790 "-" "Mozilla/5.0 (X11; Linux x86_64) AppleWebKit/576.51 (KHTML, like Gecko) Chrome/75.0.1103 Safari/537.36"
152.32.187.221 - - [05/Apr/2023:10:47:51 +0300] "GET /wp-content/cache/minify/1f540.js HTTP/1.1" 200 3060 "-" "Mozilla/5.0 (Windows NT 8_2_1; Win64; x64) AppleWebKit/578.36 (KHTML, like Gecko) Chrome/88.0.1144 Safari/537.36"
74.125.151.191 - - [05/Apr/2023:10:47:51 +0300] "GET /wp-content/cache/minify/4eebb.css HTTP/1.1" 200 9756 "https://progressnet.gr/" "AdsBot-Google (+http://www.google.com/adsbot.html)"
152.32.187.221 - - [05/Apr/2023:10:47:51 +0300] "GET /wp-content/cache/minify/cbd97.js HTTP/1.1" 200 91785 "-" "Mozilla/5.0 (Macintosh; Intel Mac OS X 8_1) AppleWebKit/536.37 (KHTML, like Gecko) Chrome/106.0.2075 Safari/537.36"
74.125.151.191 - - [05/Apr/2023:10:47:51 +0300] "GET /wp-content/cache/minify/41b3f.css HTTP/1.1" 200 42577 "https://progressnet.gr/" "AdsBot-Google (+http://www.google.com/adsbot.html)"
152.32.187.221 - - [05/Apr/2023:10:47:51 +0300] "GET /wp-content/cache/minify/47146.js HTTP/1.1" 200 163401 "-" "Mozilla/5.0 (Macintosh; Intel Mac OS X 9_2_2) AppleWebKit/584.40 (KHTML, like Gecko) Chrome/80.0.1723 Safari/537.36"
74.125.151.165 - - [05/Apr/2023:10:47:52 +0300] "GET /wp-content/cache/minify/995e1.css HTTP/1.1" 200 14560 "https://progressnet.gr/" "AdsBot-Google (+http://www.google.com/adsbot.html)"
74.125.151.191 - - [05/Apr/2023:10:47:52 +0300] "GET /wp-content/cache/minify/cbd97.js HTTP/1.1" 200 84460 "https://progressnet.gr/" "AdsBot-Google (+http://www.google.com/adsbot.html)"
74.125.151.165 - - [05/Apr/2023:10:47:53 +0300] "GET /wp-content/themes/scape/library/fonts/fonts/scape-ui.ttf HTTP/1.1" 200 32128 "https://progressnet.gr/wp-content/cache/minify/41b3f.css" "AdsBot-Google (+http://www.google.com/adsbot.html)"
74.125.151.191 - - [05/Apr/2023:10:47:53 +0300] "GET /wp-content/plugins/scape-core/include/icon-fonts/scape-devices/fonts/scape-devices.ttf HTTP/1.1" 200 96488 "https://progressnet.gr/wp-content/cache/minify/995e1.css" "AdsBot-Google (+http://www.google.com/adsbot.html)"
74.125.151.191 - - [05/Apr/2023:10:47:54 +0300] "GET /wp-content/plugins/scape-core/include/icon-fonts/scape-tech/fonts/scape-tech.ttf HTTP/1.1" 200 328516 "https://progressnet.gr/wp-content/cache/minify/995e1.css" "AdsBot-Google (+http://www.google.com/adsbot.html)"
152.32.187.221 - - [05/Apr/2023:10:47:56 +0300] "GET /sitemap.xml HTTP/1.1" 301 5 "-" "Mozilla/5.0 (X11; Linux x86_64) AppleWebKit/548.45 (KHTML, like Gecko) Chrome/94.0.965 Safari/537.36"
152.32.187.221 - - [05/Apr/2023:10:47:57 +0300] "GET /robots.txt HTTP/1.1" 200 136 "-" "Mozilla/5.0 (Windows NT 9_0; Win64; x64) AppleWebKit/544.55 (KHTML, like Gecko) Chrome/57.0.2596 Safari/537.36"
152.32.187.221 - - [05/Apr/2023:10:47:57 +0300] "GET /sitemap_index.xml HTTP/1.1" 200 555 "https://progressnet.gr/sitemap.xml" "Mozilla/5.0 (X11; Linux x86_64) AppleWebKit/548.45 (KHTML, like Gecko) Chrome/94.0.965 Safari/537.36"
83.149.118.149 - - [05/Apr/2023:10:47:58 +0300] "POST /wp-cron.php?doing_wp_cron=1680680878.5237469673156738281250 HTTP/1.1" 200 31 "https://progressnet.gr/wp-cron.php?doing_wp_cron=1680680878.5237469673156738281250" "WordPress/6.1.1; https://progressnet.gr"
74.125.151.191 - - [05/Apr/2023:10:47:58 +0300] "GET /wp-json/contact-form-7/v1/contact-forms/4479/feedback/schema HTTP/1.1" 200 247 "https://progressnet.gr/" "AdsBot-Google (+http://www.google.com/adsbot.html)"
74.125.151.191 - - [05/Apr/2023:10:48:03 +0300] "GET /wp-json/contact-form-7/v1/contact-forms/4479/refill HTTP/1.1" 200 16 "https://progressnet.gr/" "AdsBot-Google (+http://www.google.com/adsbot.html)"
74.125.151.191 - - [05/Apr/2023:10:48:03 +0300] "GET /wp-content/plugins/revslider/public/assets/fonts/revicons/revicons.woff?5510888 HTTP/1.1" 200 7536 "https://progressnet.gr/wp-content/cache/minify/4eebb.css" "AdsBot-Google (+http://www.google.com/adsbot.html)"
152.32.187.221 - - [05/Apr/2023:10:48:05 +0300] "GET /pma/index.php HTTP/1.1" 301 5 "-" "Mozilla/5.0 (Windows NT 10.0; WOW64) AppleWebKit/537.36 (KHTML, like Gecko) Chrome/83.0.4103.116 Safari/537.36"
152.32.187.221 - - [05/Apr/2023:10:48:15 +0300] "GET /pma/ HTTP/1.1" 404 0 "https://progressnet.gr/pma/index.php" "Mozilla/5.0 (Windows NT 10.0; WOW64) AppleWebKit/537.36 (KHTML, like Gecko) Chrome/83.0.4103.116 Safari/537.36"
152.32.187.221 - - [05/Apr/2023:10:48:19 +0300] "GET /phpmyadmin/index.php HTTP/1.1" 301 5 "-" "Mozilla/5.0 (Windows NT 10.0; WOW64) AppleWebKit/537.36 (KHTML, like Gecko) Chrome/83.0.4103.116 Safari/537.36"
152.32.187.221 - - [05/Apr/2023:10:48:26 +0300] "GET /phpmyadmin/ HTTP/1.1" 404 14611 "https://progressnet.gr/phpmyadmin/index.php" "Mozilla/5.0 (Windows NT 10.0; WOW64) AppleWebKit/537.36 (KHTML, like Gecko) Chrome/83.0.4103.116 Safari/537.36"
152.32.187.221 - - [05/Apr/2023:10:48:30 +0300] "GET /PhpMyAdmin/index.php HTTP/1.1" 301 5 "-" "Mozilla/5.0 (Windows NT 10.0; WOW64) AppleWebKit/537.36 (KHTML, like Gecko) Chrome/83.0.4103.116 Safari/537.36"
152.32.187.221 - - [05/Apr/2023:10:48:37 +0300] "GET /PhpMyAdmin/ HTTP/1.1" 404 14611 "https://progressnet.gr/PhpMyAdmin/index.php" "Mozilla/5.0 (Windows NT 10.0; WOW64) AppleWebKit/537.36 (KHTML, like Gecko) Chrome/83.0.4103.116 Safari/537.36"
152.32.187.221 - - [05/Apr/2023:10:48:44 +0300] "GET /php/thinkphp/aaaffff123.php HTTP/1.1" 404 14608 "-" "Mozilla/5.0 (Windows NT 10.0; WOW64) AppleWebKit/537.36 (KHTML, like Gecko) Chrome/83.0.4103.116 Safari/537.36"
152.32.187.221 - - [05/Apr/2023:10:48:53 +0300] "GET /index_sso.php HTTP/1.1" 404 14610 "-" "Mozilla/5.0 (Windows NT 10.0; WOW64) AppleWebKit/537.36 (KHTML, like Gecko) Chrome/83.0.4103.116 Safari/537.36"
83.149.118.149 - - [05/Apr/2023:10:49:13 +0300] "POST /wp-cron.php?doing_wp_cron=1680680953.1988170146942138671875 HTTP/1.1" 200 31 "https://progressnet.gr/wp-cron.php?doing_wp_cron=1680680953.1988170146942138671875" "WordPress/6.1.1; https://progressnet.gr"
66.29.136.202 - - [05/Apr/2023:10:49:13 +0300] "POST /xmlrpc.php HTTP/1.1" 200 443 "-" "Mozilla/5.0 (Windows NT 10.0; Win64; x64; rv:96.0) Gecko/20100101 Firefox/96"
1.252.243.230 - - [05/Apr/2023:10:49:18 +0300] "GET /wp-login.php HTTP/1.1" 200 3810 "https://progressnet.gr/wp-login.php" "Mozilla/5.0 (X11; Ubuntu; Linux x86_64; rv:63.0) Gecko/20100101 Firefox/63.0"
1.252.243.230 - - [05/Apr/2023:10:49:23 +0300] "POST /wp-login.php HTTP/1.1" 200 4043 "https://mariusferraton.fr/wp-login.php" "Mozilla/5.0 (X11; Ubuntu; Linux x86_64; rv:63.0) Gecko/20100101 Firefox/63.0"
188.42.44.178 - - [05/Apr/2023:10:49:37 +0300] "POST /xmlrpc.php HTTP/1.1" 200 445 "-" "Mozilla/5.0 (Windows NT 10.0; Win64; x64; rv:72.0) Gecko/20100101 Firefox/72.0"
94.66.134.149 - - [05/Apr/2023:10:51:25 +0300] "GET /wp-content/uploads/2020/11/progressnet-logo-1.png HTTP/2.0" 304 0 "-" "Mozilla/4.0 (compatible; ms-office; MSOffice 16)"
94.66.134.149 - - [05/Apr/2023:10:51:31 +0300] "GET /wp-content/uploads/2020/11/progressnet-logo-1.png HTTP/1.1" 200 6776 "-" "Mozilla/4.0 (compatible; ms-office; MSOffice rmj)"
83.149.118.149 - - [05/Apr/2023:10:53:24 +0300] "POST /wp-cron.php?doing_wp_cron=1680681204.7068951129913330078125 HTTP/1.1" 200 31 "https://progressnet.gr/wp-cron.php?doing_wp_cron=1680681204.7068951129913330078125" "WordPress/6.1.1; https://progressnet.gr"
61.19.247.160 - - [05/Apr/2023:10:53:25 +0300] "POST /xmlrpc.php HTTP/1.1" 200 443 "-" "Mozilla/5.0 (Windows NT 10.0; Win64; x64; rv:96.0) Gecko/20100101 Firefox/96"
94.66.134.149 - - [05/Apr/2023:10:54:40 +0300] "GET /wp-content/uploads/2020/11/progressnet-logo-1.png HTTP/2.0" 200 6776 "-" "Mozilla/4.0 (compatible; ms-office; MSOffice 16)"
94.66.134.149 - - [05/Apr/2023:10:55:05 +0300] "GET /wp-content/uploads/2020/11/progressnet-logo-1.png HTTP/2.0" 304 0 "-" "Mozilla/4.0 (compatible; ms-office; MSOffice 16)"
91.138.187.157 - - [05/Apr/2023:10:55:24 +0300] "GET /wp-content/uploads/2020/11/progressnet-logo-1.png HTTP/2.0" 200 6776 "-" "Mozilla/4.0 (compatible; ms-office; MSOffice 16)"
94.66.134.149 - - [05/Apr/2023:10:55:29 +0300] "GET /wp-content/uploads/2020/11/progressnet-logo-1.png HTTP/2.0" 304 0 "-" "Mozilla/4.0 (compatible; ms-office; MSOffice 16)"
94.66.134.149 - - [05/Apr/2023:10:55:36 +0300] "GET /wp-content/uploads/2020/11/progressnet-logo-1.png HTTP/2.0" 304 0 "-" "Mozilla/4.0 (compatible; ms-office; MSOffice 16)"
83.149.118.149 - - [05/Apr/2023:10:57:21 +0300] "POST /wp-cron.php?doing_wp_cron=1680681440.7164020538330078125000 HTTP/1.1" 200 31 "https://progressnet.gr/wp-cron.php?doing_wp_cron=1680681440.7164020538330078125000" "WordPress/6.1.1; https://progressnet.gr"
189.126.206.157 - - [05/Apr/2023:10:57:21 +0300] "POST /xmlrpc.php HTTP/1.1" 200 443 "-" "Mozilla/5.0 (Windows NT 10.0; Win64; x64; rv:96.0) Gecko/20100101 Firefox/96"
221.115.94.20 - - [05/Apr/2023:10:57:26 +0300] "POST /wp-login.php//wp-login.php HTTP/1.1" 404 15096 "-" "Mozilla/5.0 (X11; Ubuntu; Linux x86_64; rv:62.0) Gecko/20100101 Firefox/62.0"
79.167.92.184 - - [05/Apr/2023:10:57:51 +0300] "GET /wp-content/uploads/2020/11/progressnet-logo-1.png HTTP/2.0" 200 6776 "-" "Mozilla/5.0 (Linux; Android 10; SM-G965F Build/QP1A.190711.020; wv) AppleWebKit/537.36 (KHTML, like Gecko) Version/4.0 Chrome/111.0.5563.116 Mobile Safari/537.36"
94.66.134.149 - - [05/Apr/2023:10:58:35 +0300] "GET /wp-content/uploads/2020/11/progressnet-logo-1.png HTTP/2.0" 304 0 "-" "Mozilla/4.0 (compatible; ms-office; MSOffice 16)"
94.66.134.149 - - [05/Apr/2023:10:59:27 +0300] "GET /wp-content/uploads/2020/11/progressnet-logo-1.png HTTP/2.0" 304 0 "-" "Mozilla/4.0 (compatible; ms-office; MSOffice 16)"
66.249.70.185 - - [05/Apr/2023:10:59:31 +0300] "GET /e-shop-mobile-efarmogi/ HTTP/1.1" 200 27458 "-" "Mozilla/5.0 (compatible; Googlebot/2.1; +http://www.google.com/bot.html)"
83.149.118.149 - - [05/Apr/2023:10:59:35 +0300] "POST /wp-cron.php?doing_wp_cron=1680681574.9864330291748046875000 HTTP/1.1" 200 31 "https://progressnet.gr/wp-cron.php?doing_wp_cron=1680681574.9864330291748046875000" "WordPress/6.1.1; https://progressnet.gr"
62.74.38.24 - - [05/Apr/2023:10:59:35 +0300] "GET /wp-json/contact-form-7/v1/contact-forms/4479/feedback/schema HTTP/2.0" 200 236 "https://progressnet.gr/anaptixi-android-ios-efarmogon/?gclid=Cj0KCQjwuLShBhC_ARIsAFod4fKAPkCLNLWIEJX3vXcdcdCd7nhP5B0VkoiVLNwKbnVBnWcfjZSvPycaAr8rEALw_wcB" "Mozilla/5.0 (Linux; Android 10; K) AppleWebKit/537.36 (KHTML, like Gecko) Chrome/111.0.0.0 Mobile Safari/537.36"
62.74.38.24 - - [05/Apr/2023:10:59:38 +0300] "GET /wp-json/contact-form-7/v1/contact-forms/4479/refill HTTP/2.0" 200 0 "https://progressnet.gr/anaptixi-android-ios-efarmogon/?gclid=Cj0KCQjwuLShBhC_ARIsAFod4fKAPkCLNLWIEJX3vXcdcdCd7nhP5B0VkoiVLNwKbnVBnWcfjZSvPycaAr8rEALw_wcB" "Mozilla/5.0 (Linux; Android 10; K) AppleWebKit/537.36 (KHTML, like Gecko) Chrome/111.0.0.0 Mobile Safari/537.36"
94.66.134.149 - - [05/Apr/2023:11:00:44 +0300] "GET /wp-content/uploads/2020/11/progressnet-logo-1.png HTTP/2.0" 304 0 "-" "Mozilla/4.0 (compatible; ms-office; MSOffice 16)"
83.149.118.149 - - [05/Apr/2023:11:01:27 +0300] "POST /wp-cron.php?doing_wp_cron=1680681687.2921500205993652343750 HTTP/1.1" 200 31 "https://progressnet.gr/wp-cron.php?doing_wp_cron=1680681687.2921500205993652343750" "WordPress/6.1.1; https://progressnet.gr"
213.238.167.181 - - [05/Apr/2023:11:01:27 +0300] "POST /xmlrpc.php HTTP/1.1" 200 443 "-" "Mozilla/5.0 (Windows NT 10.0; Win64; x64; rv:96.0) Gecko/20100101 Firefox/96"
83.149.118.149 - - [05/Apr/2023:11:05:26 +0300] "POST /wp-cron.php?doing_wp_cron=1680681926.0674409866333007812500 HTTP/1.1" 200 31 "https://progressnet.gr/wp-cron.php?doing_wp_cron=1680681926.0674409866333007812500" "WordPress/6.1.1; https://progressnet.gr"
43.153.112.160 - - [05/Apr/2023:11:05:26 +0300] "POST /xmlrpc.php HTTP/1.1" 200 443 "-" "Mozilla/5.0 (Windows NT 10.0; Win64; x64; rv:96.0) Gecko/20100101 Firefox/96"
109.178.141.25 - - [05/Apr/2023:11:06:04 +0300] "GET /profood-app-analitikes-leitourgies/ HTTP/2.0" 200 27565 "-" "Mozilla/5.0 (iPhone; CPU iPhone OS 16_3_1 like Mac OS X) AppleWebKit/605.1.15 (KHTML, like Gecko) Mobile/15E148 LightSpeed [FBAN/MessengerLiteForiOS;FBAV/401.0.0.38.92;FBBV/458227070;FBDV/iPhone14,7;FBMD/iPhone;FBSN/iOS;FBSV/16.3.1;FBSS/3;FBCR/;FBID/phone;FBLC/el;FBOP/0]"
109.178.141.25 - - [05/Apr/2023:11:06:04 +0300] "GET /wp-content/cache/minify/545b0.js HTTP/2.0" 304 0 "https://progressnet.gr/profood-app-analitikes-leitourgies/" "Mozilla/5.0 (iPhone; CPU iPhone OS 16_3_1 like Mac OS X) AppleWebKit/605.1.15 (KHTML, like Gecko) Mobile/15E148 LightSpeed [FBAN/MessengerLiteForiOS;FBAV/401.0.0.38.92;FBBV/458227070;FBDV/iPhone14,7;FBMD/iPhone;FBSN/iOS;FBSV/16.3.1;FBSS/3;FBCR/;FBID/phone;FBLC/el;FBOP/0]"
109.178.141.25 - - [05/Apr/2023:11:06:04 +0300] "GET /wp-content/cache/minify/f6198.css HTTP/2.0" 304 0 "https://progressnet.gr/profood-app-analitikes-leitourgies/" "Mozilla/5.0 (iPhone; CPU iPhone OS 16_3_1 like Mac OS X) AppleWebKit/605.1.15 (KHTML, like Gecko) Mobile/15E148 LightSpeed [FBAN/MessengerLiteForiOS;FBAV/401.0.0.38.92;FBBV/458227070;FBDV/iPhone14,7;FBMD/iPhone;FBSN/iOS;FBSV/16.3.1;FBSS/3;FBCR/;FBID/phone;FBLC/el;FBOP/0]"
109.178.141.25 - - [05/Apr/2023:11:06:04 +0300] "GET /wp-content/cache/minify/16a44.css HTTP/2.0" 304 0 "https://progressnet.gr/profood-app-analitikes-leitourgies/" "Mozilla/5.0 (iPhone; CPU iPhone OS 16_3_1 like Mac OS X) AppleWebKit/605.1.15 (KHTML, like Gecko) Mobile/15E148 LightSpeed [FBAN/MessengerLiteForiOS;FBAV/401.0.0.38.92;FBBV/458227070;FBDV/iPhone14,7;FBMD/iPhone;FBSN/iOS;FBSV/16.3.1;FBSS/3;FBCR/;FBID/phone;FBLC/el;FBOP/0]"
94.66.134.149 - - [05/Apr/2023:11:06:06 +0300] "GET /wp-content/uploads/2020/11/progressnet-logo-1.png HTTP/2.0" 304 0 "-" "Mozilla/4.0 (compatible; ms-office; MSOffice 16)"
83.149.118.149 - - [05/Apr/2023:11:06:10 +0300] "POST /wp-cron.php?doing_wp_cron=1680681969.7425899505615234375000 HTTP/1.1" 200 31 "https://progressnet.gr/wp-cron.php?doing_wp_cron=1680681969.7425899505615234375000" "WordPress/6.1.1; https://progressnet.gr"
109.178.141.25 - - [05/Apr/2023:11:06:10 +0300] "GET /wp-json/contact-form-7/v1/contact-forms/10240/feedback/schema HTTP/2.0" 200 253 "https://progressnet.gr/profood-app-analitikes-leitourgies/" "Mozilla/5.0 (iPhone; CPU iPhone OS 16_3_1 like Mac OS X) AppleWebKit/605.1.15 (KHTML, like Gecko) Mobile/15E148 LightSpeed [FBAN/MessengerLiteForiOS;FBAV/401.0.0.38.92;FBBV/458227070;FBDV/iPhone14,7;FBMD/iPhone;FBSN/iOS;FBSV/16.3.1;FBSS/3;FBCR/;FBID/phone;FBLC/el;FBOP/0]"
109.178.141.25 - - [05/Apr/2023:11:06:11 +0300] "GET /wp-json/contact-form-7/v1/contact-forms/10240/refill HTTP/2.0" 200 6 "https://progressnet.gr/profood-app-analitikes-leitourgies/" "Mozilla/5.0 (iPhone; CPU iPhone OS 16_3_1 like Mac OS X) AppleWebKit/605.1.15 (KHTML, like Gecko) Mobile/15E148 LightSpeed [FBAN/MessengerLiteForiOS;FBAV/401.0.0.38.92;FBBV/458227070;FBDV/iPhone14,7;FBMD/iPhone;FBSN/iOS;FBSV/16.3.1;FBSS/3;FBCR/;FBID/phone;FBLC/el;FBOP/0]"
178.59.227.169 - - [05/Apr/2023:11:06:47 +0300] "GET / HTTP/2.0" 301 0 "-" "Mozilla/5.0 (Linux; Android 11; Lenovo TB-X306X) AppleWebKit/537.36 (KHTML, like Gecko) Chrome/101.0.4951.61 Safari/537.36"
178.59.227.169 - - [05/Apr/2023:11:06:47 +0300] "GET / HTTP/2.0" 200 31399 "-" "Mozilla/5.0 (Linux; Android 11; Lenovo TB-X306X) AppleWebKit/537.36 (KHTML, like Gecko) Chrome/101.0.4951.61 Safari/537.36"
178.59.227.169 - - [05/Apr/2023:11:06:48 +0300] "GET /wp-content/cache/minify/d7cb9.css HTTP/2.0" 200 11485 "https://progressnet.gr/" "Mozilla/5.0 (Linux; Android 11; Lenovo TB-X306X) AppleWebKit/537.36 (KHTML, like Gecko) Chrome/101.0.4951.61 Safari/537.36"
178.59.227.169 - - [05/Apr/2023:11:06:48 +0300] "GET /wp-content/cache/minify/4eebb.css HTTP/2.0" 200 9743 "https://progressnet.gr/" "Mozilla/5.0 (Linux; Android 11; Lenovo TB-X306X) AppleWebKit/537.36 (KHTML, like Gecko) Chrome/101.0.4951.61 Safari/537.36"
178.59.227.169 - - [05/Apr/2023:11:06:48 +0300] "GET /wp-content/cache/minify/83f1b.css HTTP/2.0" 200 88243 "https://progressnet.gr/" "Mozilla/5.0 (Linux; Android 11; Lenovo TB-X306X) AppleWebKit/537.36 (KHTML, like Gecko) Chrome/101.0.4951.61 Safari/537.36"
178.59.227.169 - - [05/Apr/2023:11:06:48 +0300] "GET /wp-content/cache/minify/41b3f.css HTTP/2.0" 200 42564 "https://progressnet.gr/" "Mozilla/5.0 (Linux; Android 11; Lenovo TB-X306X) AppleWebKit/537.36 (KHTML, like Gecko) Chrome/101.0.4951.61 Safari/537.36"
178.59.227.169 - - [05/Apr/2023:11:06:48 +0300] "GET /wp-content/cache/minify/47146.js HTTP/2.0" 200 152326 "https://progressnet.gr/" "Mozilla/5.0 (Linux; Android 11; Lenovo TB-X306X) AppleWebKit/537.36 (KHTML, like Gecko) Chrome/101.0.4951.61 Safari/537.36"
178.59.227.169 - - [05/Apr/2023:11:06:48 +0300] "GET /wp-content/cache/minify/995e1.css HTTP/2.0" 200 14547 "https://progressnet.gr/" "Mozilla/5.0 (Linux; Android 11; Lenovo TB-X306X) AppleWebKit/537.36 (KHTML, like Gecko) Chrome/101.0.4951.61 Safari/537.36"
178.59.227.169 - - [05/Apr/2023:11:06:48 +0300] "GET /wp-content/cache/minify/3ff94.css HTTP/2.0" 200 13054 "https://progressnet.gr/" "Mozilla/5.0 (Linux; Android 11; Lenovo TB-X306X) AppleWebKit/537.36 (KHTML, like Gecko) Chrome/101.0.4951.61 Safari/537.36"
178.59.227.169 - - [05/Apr/2023:11:06:48 +0300] "GET /wp-content/cache/minify/1f540.js HTTP/2.0" 200 2906 "https://progressnet.gr/" "Mozilla/5.0 (Linux; Android 11; Lenovo TB-X306X) AppleWebKit/537.36 (KHTML, like Gecko) Chrome/101.0.4951.61 Safari/537.36"
178.59.227.169 - - [05/Apr/2023:11:06:48 +0300] "GET /wp-content/cache/minify/cbd97.js HTTP/2.0" 200 84446 "https://progressnet.gr/" "Mozilla/5.0 (Linux; Android 11; Lenovo TB-X306X) AppleWebKit/537.36 (KHTML, like Gecko) Chrome/101.0.4951.61 Safari/537.36"
178.59.227.169 - - [05/Apr/2023:11:06:48 +0300] "GET /wp-content/cache/minify/ad81d.js HTTP/2.0" 200 22935 "https://progressnet.gr/" "Mozilla/5.0 (Linux; Android 11; Lenovo TB-X306X) AppleWebKit/537.36 (KHTML, like Gecko) Chrome/101.0.4951.61 Safari/537.36"
178.59.227.169 - - [05/Apr/2023:11:06:48 +0300] "GET /wp-content/uploads/2020/11/progressnet-logo-1.png HTTP/2.0" 200 6776 "https://progressnet.gr/" "Mozilla/5.0 (Linux; Android 11; Lenovo TB-X306X) AppleWebKit/537.36 (KHTML, like Gecko) Chrome/101.0.4951.61 Safari/537.36"
178.59.227.169 - - [05/Apr/2023:11:06:48 +0300] "GET /wp-content/plugins/revslider/public/assets/assets/dummy.png HTTP/2.0" 200 68 "https://progressnet.gr/" "Mozilla/5.0 (Linux; Android 11; Lenovo TB-X306X) AppleWebKit/537.36 (KHTML, like Gecko) Chrome/101.0.4951.61 Safari/537.36"
178.59.227.169 - - [05/Apr/2023:11:06:48 +0300] "GET /wp-content/themes/scape/library/fonts/fonts/scape-ui.ttf HTTP/2.0" 200 32128 "https://progressnet.gr/wp-content/cache/minify/41b3f.css" "Mozilla/5.0 (Linux; Android 11; Lenovo TB-X306X) AppleWebKit/537.36 (KHTML, like Gecko) Chrome/101.0.4951.61 Safari/537.36"
178.59.227.169 - - [05/Apr/2023:11:06:49 +0300] "GET /wp-content/uploads/2020/11/allianz-client.png HTTP/2.0" 200 45566 "https://progressnet.gr/" "Mozilla/5.0 (Linux; Android 11; Lenovo TB-X306X) AppleWebKit/537.36 (KHTML, like Gecko) Chrome/101.0.4951.61 Safari/537.36"
178.59.227.169 - - [05/Apr/2023:11:06:49 +0300] "GET /wp-content/uploads/2020/11/pepsi-client.png HTTP/2.0" 200 35164 "https://progressnet.gr/" "Mozilla/5.0 (Linux; Android 11; Lenovo TB-X306X) AppleWebKit/537.36 (KHTML, like Gecko) Chrome/101.0.4951.61 Safari/537.36"
178.59.227.169 - - [05/Apr/2023:11:06:49 +0300] "GET /wp-content/uploads/2020/11/mindev-client.png HTTP/2.0" 200 46437 "https://progressnet.gr/" "Mozilla/5.0 (Linux; Android 11; Lenovo TB-X306X) AppleWebKit/537.36 (KHTML, like Gecko) Chrome/101.0.4951.61 Safari/537.36"
178.59.227.169 - - [05/Apr/2023:11:06:49 +0300] "GET /wp-content/uploads/2020/11/megaplast-clients.png HTTP/2.0" 200 12019 "https://progressnet.gr/" "Mozilla/5.0 (Linux; Android 11; Lenovo TB-X306X) AppleWebKit/537.36 (KHTML, like Gecko) Chrome/101.0.4951.61 Safari/537.36"
178.59.227.169 - - [05/Apr/2023:11:06:49 +0300] "GET /wp-content/uploads/2020/11/client-starstore.png HTTP/2.0" 200 32457 "https://progressnet.gr/" "Mozilla/5.0 (Linux; Android 11; Lenovo TB-X306X) AppleWebKit/537.36 (KHTML, like Gecko) Chrome/101.0.4951.61 Safari/537.36"
178.59.227.169 - - [05/Apr/2023:11:06:49 +0300] "GET /wp-content/uploads/2021/03/mondial-assistance-client.png HTTP/2.0" 200 39611 "https://progressnet.gr/" "Mozilla/5.0 (Linux; Android 11; Lenovo TB-X306X) AppleWebKit/537.36 (KHTML, like Gecko) Chrome/101.0.4951.61 Safari/537.36"
178.59.227.169 - - [05/Apr/2023:11:06:49 +0300] "GET /wp-content/uploads/2020/11/dstergiou-clients.png HTTP/2.0" 200 31415 "https://progressnet.gr/" "Mozilla/5.0 (Linux; Android 11; Lenovo TB-X306X) AppleWebKit/537.36 (KHTML, like Gecko) Chrome/101.0.4951.61 Safari/537.36"
178.59.227.169 - - [05/Apr/2023:11:06:49 +0300] "GET /wp-content/uploads/2020/11/dimos-alimou-clients.png HTTP/2.0" 200 66245 "https://progressnet.gr/" "Mozilla/5.0 (Linux; Android 11; Lenovo TB-X306X) AppleWebKit/537.36 (KHTML, like Gecko) Chrome/101.0.4951.61 Safari/537.36"
178.59.227.169 - - [05/Apr/2023:11:06:49 +0300] "GET /wp-content/plugins/scape-core/include/icon-fonts/scape-devices/fonts/scape-devices.ttf HTTP/2.0" 200 96488 "https://progressnet.gr/wp-content/cache/minify/995e1.css" "Mozilla/5.0 (Linux; Android 11; Lenovo TB-X306X) AppleWebKit/537.36 (KHTML, like Gecko) Chrome/101.0.4951.61 Safari/537.36"
178.59.227.169 - - [05/Apr/2023:11:06:49 +0300] "GET /wp-content/plugins/scape-core/include/icon-fonts/scape-tech/fonts/scape-tech.ttf HTTP/2.0" 200 328516 "https://progressnet.gr/wp-content/cache/minify/995e1.css" "Mozilla/5.0 (Linux; Android 11; Lenovo TB-X306X) AppleWebKit/537.36 (KHTML, like Gecko) Chrome/101.0.4951.61 Safari/537.36"
178.59.227.169 - - [05/Apr/2023:11:06:49 +0300] "GET /wp-content/uploads/2020/11/barista-client.png HTTP/2.0" 200 14159 "https://progressnet.gr/" "Mozilla/5.0 (Linux; Android 11; Lenovo TB-X306X) AppleWebKit/537.36 (KHTML, like Gecko) Chrome/101.0.4951.61 Safari/537.36"
178.59.227.169 - - [05/Apr/2023:11:06:49 +0300] "GET /wp-content/uploads/2020/12/tv-creta-cleints.png HTTP/2.0" 200 15951 "https://progressnet.gr/" "Mozilla/5.0 (Linux; Android 11; Lenovo TB-X306X) AppleWebKit/537.36 (KHTML, like Gecko) Chrome/101.0.4951.61 Safari/537.36"
178.59.227.169 - - [05/Apr/2023:11:06:49 +0300] "GET /wp-content/uploads/2020/11/gelato-clients.png HTTP/2.0" 200 30796 "https://progressnet.gr/" "Mozilla/5.0 (Linux; Android 11; Lenovo TB-X306X) AppleWebKit/537.36 (KHTML, like Gecko) Chrome/101.0.4951.61 Safari/537.36"
178.59.227.169 - - [05/Apr/2023:11:06:49 +0300] "GET /wp-content/uploads/2020/11/five-shoes-client.png HTTP/2.0" 200 13397 "https://progressnet.gr/" "Mozilla/5.0 (Linux; Android 11; Lenovo TB-X306X) AppleWebKit/537.36 (KHTML, like Gecko) Chrome/101.0.4951.61 Safari/537.36"
178.59.227.169 - - [05/Apr/2023:11:06:51 +0300] "GET /wp-content/uploads/revslider/main_slider/the7-3-slider-004.jpg HTTP/2.0" 200 34549 "https://progressnet.gr/" "Mozilla/5.0 (Linux; Android 11; Lenovo TB-X306X) AppleWebKit/537.36 (KHTML, like Gecko) Chrome/101.0.4951.61 Safari/537.36"
178.59.227.169 - - [05/Apr/2023:11:06:51 +0300] "GET /wp-content/uploads/revslider/main_slider/slide2a.png HTTP/2.0" 200 272305 "https://progressnet.gr/" "Mozilla/5.0 (Linux; Android 11; Lenovo TB-X306X) AppleWebKit/537.36 (KHTML, like Gecko) Chrome/101.0.4951.61 Safari/537.36"
178.59.227.169 - - [05/Apr/2023:11:06:51 +0300] "GET /wp-content/uploads/revslider/main_slider/the7-3-slider-scr-med.png HTTP/2.0" 200 97696 "https://progressnet.gr/" "Mozilla/5.0 (Linux; Android 11; Lenovo TB-X306X) AppleWebKit/537.36 (KHTML, like Gecko) Chrome/101.0.4951.61 Safari/537.36"
178.59.227.169 - - [05/Apr/2023:11:06:52 +0300] "GET /wp-content/uploads/revslider/main_slider/the7-3-slider-xxc3.jpg HTTP/2.0" 200 35337 "https://progressnet.gr/" "Mozilla/5.0 (Linux; Android 11; Lenovo TB-X306X) AppleWebKit/537.36 (KHTML, like Gecko) Chrome/101.0.4951.61 Safari/537.36"
178.59.227.169 - - [05/Apr/2023:11:06:52 +0300] "GET /wp-content/uploads/2021/01/google-diafimisi.png HTTP/2.0" 200 24065 "https://progressnet.gr/" "Mozilla/5.0 (Linux; Android 11; Lenovo TB-X306X) AppleWebKit/537.36 (KHTML, like Gecko) Chrome/101.0.4951.61 Safari/537.36"
178.59.227.169 - - [05/Apr/2023:11:06:52 +0300] "GET /wp-content/plugins/revslider/public/assets/fonts/revicons/revicons.woff?5510888 HTTP/2.0" 200 7536 "https://progressnet.gr/wp-content/cache/minify/4eebb.css" "Mozilla/5.0 (Linux; Android 11; Lenovo TB-X306X) AppleWebKit/537.36 (KHTML, like Gecko) Chrome/101.0.4951.61 Safari/537.36"
178.59.227.169 - - [05/Apr/2023:11:06:53 +0300] "GET /wp-content/uploads/2020/11/favicon.ico HTTP/2.0" 200 498 "https://progressnet.gr/" "Mozilla/5.0 (Linux; Android 11; Lenovo TB-X306X) AppleWebKit/537.36 (KHTML, like Gecko) Chrome/101.0.4951.61 Safari/537.36"
178.59.227.169 - - [05/Apr/2023:11:06:54 +0300] "GET /wp-json/contact-form-7/v1/contact-forms/4479/feedback/schema HTTP/2.0" 200 236 "https://progressnet.gr/" "Mozilla/5.0 (Linux; Android 11; Lenovo TB-X306X) AppleWebKit/537.36 (KHTML, like Gecko) Chrome/101.0.4951.61 Safari/537.36"
178.59.227.169 - - [05/Apr/2023:11:06:56 +0300] "GET /wp-json/contact-form-7/v1/contact-forms/4479/refill HTTP/2.0" 200 6 "https://progressnet.gr/" "Mozilla/5.0 (Linux; Android 11; Lenovo TB-X306X) AppleWebKit/537.36 (KHTML, like Gecko) Chrome/101.0.4951.61 Safari/537.36"
195.167.31.50 - - [05/Apr/2023:11:08:00 +0300] "GET /wp-content/uploads/2020/11/progressnet-logo-1.png HTTP/2.0" 200 6776 "https://www.attikovet.gr/" "Mozilla/5.0 (Windows NT 10.0; Win64; x64) AppleWebKit/537.36 (KHTML, like Gecko) Chrome/111.0.0.0 Safari/537.36"
83.149.118.149 - - [05/Apr/2023:11:09:33 +0300] "POST /wp-cron.php?doing_wp_cron=1680682173.5200109481811523437500 HTTP/1.1" 200 31 "https://progressnet.gr/wp-cron.php?doing_wp_cron=1680682173.5200109481811523437500" "WordPress/6.1.1; https://progressnet.gr"
93.113.111.193 - - [05/Apr/2023:11:09:33 +0300] "POST /xmlrpc.php HTTP/1.1" 200 443 "-" "Mozilla/5.0 (Windows NT 10.0; Win64; x64; rv:96.0) Gecko/20100101 Firefox/96"
194.30.240.193 - - [05/Apr/2023:11:11:53 +0300] "GET /wp-content/uploads/2020/11/progressnet-logo-1.png HTTP/2.0" 200 6776 "-" "Mozilla/4.0 (compatible; ms-office; MSOffice 16)"
83.149.118.149 - - [05/Apr/2023:11:12:16 +0300] "POST /wp-cron.php?doing_wp_cron=1680682336.7209730148315429687500 HTTP/1.1" 200 31 "https://progressnet.gr/wp-cron.php?doing_wp_cron=1680682336.7209730148315429687500" "WordPress/6.1.1; https://progressnet.gr"
209.141.57.60 - - [05/Apr/2023:11:12:16 +0300] "GET /wp-login.php HTTP/1.1" 200 12842 "-" "Mozilla/5.0 (Windows NT 6.3; WOW64; rv:31.0) Gecko/20100101 Firefox/31.0"
209.141.57.60 - - [05/Apr/2023:11:12:21 +0300] "POST /wp-login.php HTTP/1.1" 200 13380 "-" "Mozilla/5.0 (Windows NT 6.3; WOW64; rv:31.0) Gecko/20100101 Firefox/31.0"
217.130.101.13 - - [05/Apr/2023:11:12:55 +0300] "POST /wp-login.php HTTP/1.1" 200 4032 "-" "Mozilla/5.0 (Windows NT 6.1) AppleWebKit/537.36 (KHTML, like Gecko) Chrome/80.0.3987.149 Safari/537.36"
83.149.118.149 - - [05/Apr/2023:11:13:10 +0300] "POST /wp-cron.php?doing_wp_cron=1680682389.7632598876953125000000 HTTP/1.1" 200 31 "https://progressnet.gr/wp-cron.php?doing_wp_cron=1680682389.7632598876953125000000" "WordPress/6.1.1; https://progressnet.gr"
165.73.83.239 - - [05/Apr/2023:11:13:10 +0300] "POST /xmlrpc.php HTTP/1.1" 200 443 "-" "Mozilla/5.0 (Windows NT 10.0; Win64; x64; rv:96.0) Gecko/20100101 Firefox/96"
212.205.219.102 - - [05/Apr/2023:11:13:27 +0300] "GET / HTTP/2.0" 200 31399 "https://www.google.com/" "Mozilla/5.0 (Windows NT 10.0; Win64; x64) AppleWebKit/537.36 (KHTML, like Gecko) Chrome/111.0.0.0 Safari/537.36"
212.205.219.102 - - [05/Apr/2023:11:13:27 +0300] "GET /wp-content/cache/minify/d7cb9.css HTTP/2.0" 200 11485 "https://progressnet.gr/" "Mozilla/5.0 (Windows NT 10.0; Win64; x64) AppleWebKit/537.36 (KHTML, like Gecko) Chrome/111.0.0.0 Safari/537.36"
212.205.219.102 - - [05/Apr/2023:11:13:27 +0300] "GET /wp-content/cache/minify/4eebb.css HTTP/2.0" 200 9743 "https://progressnet.gr/" "Mozilla/5.0 (Windows NT 10.0; Win64; x64) AppleWebKit/537.36 (KHTML, like Gecko) Chrome/111.0.0.0 Safari/537.36"
212.205.219.102 - - [05/Apr/2023:11:13:27 +0300] "GET /wp-content/cache/minify/83f1b.css HTTP/2.0" 200 88243 "https://progressnet.gr/" "Mozilla/5.0 (Windows NT 10.0; Win64; x64) AppleWebKit/537.36 (KHTML, like Gecko) Chrome/111.0.0.0 Safari/537.36"
212.205.219.102 - - [05/Apr/2023:11:13:27 +0300] "GET /wp-content/cache/minify/41b3f.css HTTP/2.0" 200 42564 "https://progressnet.gr/" "Mozilla/5.0 (Windows NT 10.0; Win64; x64) AppleWebKit/537.36 (KHTML, like Gecko) Chrome/111.0.0.0 Safari/537.36"
212.205.219.102 - - [05/Apr/2023:11:13:27 +0300] "GET /wp-content/cache/minify/47146.js HTTP/2.0" 200 152326 "https://progressnet.gr/" "Mozilla/5.0 (Windows NT 10.0; Win64; x64) AppleWebKit/537.36 (KHTML, like Gecko) Chrome/111.0.0.0 Safari/537.36"
212.205.219.102 - - [05/Apr/2023:11:13:28 +0300] "GET /wp-content/cache/minify/995e1.css HTTP/2.0" 200 14547 "https://progressnet.gr/" "Mozilla/5.0 (Windows NT 10.0; Win64; x64) AppleWebKit/537.36 (KHTML, like Gecko) Chrome/111.0.0.0 Safari/537.36"
212.205.219.102 - - [05/Apr/2023:11:13:28 +0300] "GET /wp-content/cache/minify/3ff94.css HTTP/2.0" 200 13054 "https://progressnet.gr/" "Mozilla/5.0 (Windows NT 10.0; Win64; x64) AppleWebKit/537.36 (KHTML, like Gecko) Chrome/111.0.0.0 Safari/537.36"
212.205.219.102 - - [05/Apr/2023:11:13:28 +0300] "GET /wp-content/cache/minify/1f540.js HTTP/2.0" 200 2906 "https://progressnet.gr/" "Mozilla/5.0 (Windows NT 10.0; Win64; x64) AppleWebKit/537.36 (KHTML, like Gecko) Chrome/111.0.0.0 Safari/537.36"
212.205.219.102 - - [05/Apr/2023:11:13:28 +0300] "GET /wp-content/cache/minify/cbd97.js HTTP/2.0" 200 84446 "https://progressnet.gr/" "Mozilla/5.0 (Windows NT 10.0; Win64; x64) AppleWebKit/537.36 (KHTML, like Gecko) Chrome/111.0.0.0 Safari/537.36"
212.205.219.102 - - [05/Apr/2023:11:13:28 +0300] "GET /wp-content/cache/minify/ad81d.js HTTP/2.0" 200 22935 "https://progressnet.gr/" "Mozilla/5.0 (Windows NT 10.0; Win64; x64) AppleWebKit/537.36 (KHTML, like Gecko) Chrome/111.0.0.0 Safari/537.36"
212.205.219.102 - - [05/Apr/2023:11:13:28 +0300] "GET /wp-content/uploads/2020/11/progressnet-logo-1.png HTTP/2.0" 200 6776 "https://progressnet.gr/" "Mozilla/5.0 (Windows NT 10.0; Win64; x64) AppleWebKit/537.36 (KHTML, like Gecko) Chrome/111.0.0.0 Safari/537.36"
212.205.219.102 - - [05/Apr/2023:11:13:28 +0300] "GET /wp-content/plugins/revslider/public/assets/assets/dummy.png HTTP/2.0" 200 68 "https://progressnet.gr/" "Mozilla/5.0 (Windows NT 10.0; Win64; x64) AppleWebKit/537.36 (KHTML, like Gecko) Chrome/111.0.0.0 Safari/537.36"
212.205.219.102 - - [05/Apr/2023:11:13:28 +0300] "GET /wp-content/themes/scape/library/fonts/fonts/scape-ui.ttf HTTP/2.0" 200 32128 "https://progressnet.gr/wp-content/cache/minify/41b3f.css" "Mozilla/5.0 (Windows NT 10.0; Win64; x64) AppleWebKit/537.36 (KHTML, like Gecko) Chrome/111.0.0.0 Safari/537.36"
212.205.219.102 - - [05/Apr/2023:11:13:28 +0300] "GET /wp-content/uploads/2020/11/allianz-client.png HTTP/2.0" 200 45566 "https://progressnet.gr/" "Mozilla/5.0 (Windows NT 10.0; Win64; x64) AppleWebKit/537.36 (KHTML, like Gecko) Chrome/111.0.0.0 Safari/537.36"
212.205.219.102 - - [05/Apr/2023:11:13:28 +0300] "GET /wp-content/uploads/2020/11/pepsi-client.png HTTP/2.0" 200 35164 "https://progressnet.gr/" "Mozilla/5.0 (Windows NT 10.0; Win64; x64) AppleWebKit/537.36 (KHTML, like Gecko) Chrome/111.0.0.0 Safari/537.36"
212.205.219.102 - - [05/Apr/2023:11:13:28 +0300] "GET /wp-content/uploads/2020/11/mindev-client.png HTTP/2.0" 200 46437 "https://progressnet.gr/" "Mozilla/5.0 (Windows NT 10.0; Win64; x64) AppleWebKit/537.36 (KHTML, like Gecko) Chrome/111.0.0.0 Safari/537.36"
212.205.219.102 - - [05/Apr/2023:11:13:28 +0300] "GET /wp-content/uploads/2020/11/megaplast-clients.png HTTP/2.0" 200 12019 "https://progressnet.gr/" "Mozilla/5.0 (Windows NT 10.0; Win64; x64) AppleWebKit/537.36 (KHTML, like Gecko) Chrome/111.0.0.0 Safari/537.36"
212.205.219.102 - - [05/Apr/2023:11:13:28 +0300] "GET /wp-content/uploads/2020/11/client-starstore.png HTTP/2.0" 200 32457 "https://progressnet.gr/" "Mozilla/5.0 (Windows NT 10.0; Win64; x64) AppleWebKit/537.36 (KHTML, like Gecko) Chrome/111.0.0.0 Safari/537.36"
212.205.219.102 - - [05/Apr/2023:11:13:28 +0300] "GET /wp-content/uploads/2021/03/mondial-assistance-client.png HTTP/2.0" 200 39611 "https://progressnet.gr/" "Mozilla/5.0 (Windows NT 10.0; Win64; x64) AppleWebKit/537.36 (KHTML, like Gecko) Chrome/111.0.0.0 Safari/537.36"
212.205.219.102 - - [05/Apr/2023:11:13:28 +0300] "GET /wp-content/uploads/2020/11/dstergiou-clients.png HTTP/2.0" 200 31415 "https://progressnet.gr/" "Mozilla/5.0 (Windows NT 10.0; Win64; x64) AppleWebKit/537.36 (KHTML, like Gecko) Chrome/111.0.0.0 Safari/537.36"
212.205.219.102 - - [05/Apr/2023:11:13:28 +0300] "GET /wp-content/uploads/2020/11/dimos-alimou-clients.png HTTP/2.0" 200 66245 "https://progressnet.gr/" "Mozilla/5.0 (Windows NT 10.0; Win64; x64) AppleWebKit/537.36 (KHTML, like Gecko) Chrome/111.0.0.0 Safari/537.36"
212.205.219.102 - - [05/Apr/2023:11:13:28 +0300] "GET /wp-content/uploads/2020/11/barista-client.png HTTP/2.0" 200 14159 "https://progressnet.gr/" "Mozilla/5.0 (Windows NT 10.0; Win64; x64) AppleWebKit/537.36 (KHTML, like Gecko) Chrome/111.0.0.0 Safari/537.36"
212.205.219.102 - - [05/Apr/2023:11:13:28 +0300] "GET /wp-content/uploads/2020/12/tv-creta-cleints.png HTTP/2.0" 200 15951 "https://progressnet.gr/" "Mozilla/5.0 (Windows NT 10.0; Win64; x64) AppleWebKit/537.36 (KHTML, like Gecko) Chrome/111.0.0.0 Safari/537.36"
212.205.219.102 - - [05/Apr/2023:11:13:28 +0300] "GET /wp-content/uploads/2020/11/gelato-clients.png HTTP/2.0" 200 30796 "https://progressnet.gr/" "Mozilla/5.0 (Windows NT 10.0; Win64; x64) AppleWebKit/537.36 (KHTML, like Gecko) Chrome/111.0.0.0 Safari/537.36"
212.205.219.102 - - [05/Apr/2023:11:13:28 +0300] "GET /wp-content/uploads/2020/11/five-shoes-client.png HTTP/2.0" 200 13397 "https://progressnet.gr/" "Mozilla/5.0 (Windows NT 10.0; Win64; x64) AppleWebKit/537.36 (KHTML, like Gecko) Chrome/111.0.0.0 Safari/537.36"
212.205.219.102 - - [05/Apr/2023:11:13:28 +0300] "GET /wp-content/plugins/scape-core/include/icon-fonts/scape-devices/fonts/scape-devices.ttf HTTP/2.0" 200 96488 "https://progressnet.gr/wp-content/cache/minify/995e1.css" "Mozilla/5.0 (Windows NT 10.0; Win64; x64) AppleWebKit/537.36 (KHTML, like Gecko) Chrome/111.0.0.0 Safari/537.36"
212.205.219.102 - - [05/Apr/2023:11:13:28 +0300] "GET /wp-content/uploads/2022/01/tech-nodejs.png HTTP/2.0" 200 11003 "https://progressnet.gr/" "Mozilla/5.0 (Windows NT 10.0; Win64; x64) AppleWebKit/537.36 (KHTML, like Gecko) Chrome/111.0.0.0 Safari/537.36"
212.205.219.102 - - [05/Apr/2023:11:13:28 +0300] "GET /wp-content/uploads/2022/01/tech-reactjs.png HTTP/2.0" 200 14101 "https://progressnet.gr/" "Mozilla/5.0 (Windows NT 10.0; Win64; x64) AppleWebKit/537.36 (KHTML, like Gecko) Chrome/111.0.0.0 Safari/537.36"
212.205.219.102 - - [05/Apr/2023:11:13:28 +0300] "GET /wp-content/uploads/2022/01/tech-react-native.png HTTP/2.0" 200 14639 "https://progressnet.gr/" "Mozilla/5.0 (Windows NT 10.0; Win64; x64) AppleWebKit/537.36 (KHTML, like Gecko) Chrome/111.0.0.0 Safari/537.36"
212.205.219.102 - - [05/Apr/2023:11:13:28 +0300] "GET /wp-content/uploads/2022/01/tech-mongodb.png HTTP/2.0" 200 17288 "https://progressnet.gr/" "Mozilla/5.0 (Windows NT 10.0; Win64; x64) AppleWebKit/537.36 (KHTML, like Gecko) Chrome/111.0.0.0 Safari/537.36"
212.205.219.102 - - [05/Apr/2023:11:13:28 +0300] "GET /wp-content/plugins/scape-core/include/icon-fonts/scape-tech/fonts/scape-tech.ttf HTTP/2.0" 200 328516 "https://progressnet.gr/wp-content/cache/minify/995e1.css" "Mozilla/5.0 (Windows NT 10.0; Win64; x64) AppleWebKit/537.36 (KHTML, like Gecko) Chrome/111.0.0.0 Safari/537.36"
212.205.219.102 - - [05/Apr/2023:11:13:28 +0300] "GET /wp-content/uploads/revslider/main_slider/the7-3-slider-004.jpg HTTP/2.0" 200 34549 "https://progressnet.gr/" "Mozilla/5.0 (Windows NT 10.0; Win64; x64) AppleWebKit/537.36 (KHTML, like Gecko) Chrome/111.0.0.0 Safari/537.36"
212.205.219.102 - - [05/Apr/2023:11:13:28 +0300] "GET /wp-content/uploads/revslider/main_slider/slide2a.png HTTP/2.0" 200 272305 "https://progressnet.gr/" "Mozilla/5.0 (Windows NT 10.0; Win64; x64) AppleWebKit/537.36 (KHTML, like Gecko) Chrome/111.0.0.0 Safari/537.36"
212.205.219.102 - - [05/Apr/2023:11:13:28 +0300] "GET /wp-content/uploads/revslider/main_slider/the7-3-slider-scr-med.png HTTP/2.0" 200 97696 "https://progressnet.gr/" "Mozilla/5.0 (Windows NT 10.0; Win64; x64) AppleWebKit/537.36 (KHTML, like Gecko) Chrome/111.0.0.0 Safari/537.36"
212.205.219.102 - - [05/Apr/2023:11:13:29 +0300] "GET /wp-content/uploads/revslider/main_slider/the7-3-slider-xxc3.jpg HTTP/2.0" 200 35337 "https://progressnet.gr/" "Mozilla/5.0 (Windows NT 10.0; Win64; x64) AppleWebKit/537.36 (KHTML, like Gecko) Chrome/111.0.0.0 Safari/537.36"
212.205.219.102 - - [05/Apr/2023:11:13:29 +0300] "GET /wp-content/uploads/2021/01/google-diafimisi.png HTTP/2.0" 200 24065 "https://progressnet.gr/" "Mozilla/5.0 (Windows NT 10.0; Win64; x64) AppleWebKit/537.36 (KHTML, like Gecko) Chrome/111.0.0.0 Safari/537.36"
212.205.219.102 - - [05/Apr/2023:11:13:29 +0300] "GET /wp-content/plugins/revslider/public/assets/fonts/revicons/revicons.woff?5510888 HTTP/2.0" 200 7536 "https://progressnet.gr/wp-content/cache/minify/4eebb.css" "Mozilla/5.0 (Windows NT 10.0; Win64; x64) AppleWebKit/537.36 (KHTML, like Gecko) Chrome/111.0.0.0 Safari/537.36"
212.205.219.102 - - [05/Apr/2023:11:13:31 +0300] "GET /wp-content/uploads/2022/01/tech-next.png HTTP/2.0" 200 14503 "https://progressnet.gr/" "Mozilla/5.0 (Windows NT 10.0; Win64; x64) AppleWebKit/537.36 (KHTML, like Gecko) Chrome/111.0.0.0 Safari/537.36"
212.205.219.102 - - [05/Apr/2023:11:13:31 +0300] "GET /wp-content/uploads/2022/01/tech-express.png HTTP/2.0" 200 16505 "https://progressnet.gr/" "Mozilla/5.0 (Windows NT 10.0; Win64; x64) AppleWebKit/537.36 (KHTML, like Gecko) Chrome/111.0.0.0 Safari/537.36"
212.205.219.102 - - [05/Apr/2023:11:13:31 +0300] "GET /wp-content/uploads/2022/01/tech-laravel.png HTTP/2.0" 200 10152 "https://progressnet.gr/" "Mozilla/5.0 (Windows NT 10.0; Win64; x64) AppleWebKit/537.36 (KHTML, like Gecko) Chrome/111.0.0.0 Safari/537.36"
212.205.219.102 - - [05/Apr/2023:11:13:31 +0300] "GET /wp-content/uploads/2022/01/tech-wordpress.png HTTP/2.0" 200 23105 "https://progressnet.gr/" "Mozilla/5.0 (Windows NT 10.0; Win64; x64) AppleWebKit/537.36 (KHTML, like Gecko) Chrome/111.0.0.0 Safari/537.36"
212.205.219.102 - - [05/Apr/2023:11:13:31 +0300] "GET /wp-content/uploads/2022/01/tech-electron.png HTTP/2.0" 200 9825 "https://progressnet.gr/" "Mozilla/5.0 (Windows NT 10.0; Win64; x64) AppleWebKit/537.36 (KHTML, like Gecko) Chrome/111.0.0.0 Safari/537.36"
212.205.219.102 - - [05/Apr/2023:11:13:32 +0300] "GET /wp-json/contact-form-7/v1/contact-forms/4479/feedback/schema HTTP/2.0" 200 236 "https://progressnet.gr/" "Mozilla/5.0 (Windows NT 10.0; Win64; x64) AppleWebKit/537.36 (KHTML, like Gecko) Chrome/111.0.0.0 Safari/537.36"
212.205.219.102 - - [05/Apr/2023:11:13:33 +0300] "GET /wp-content/uploads/2020/11/favicon.ico HTTP/2.0" 200 498 "https://progressnet.gr/" "Mozilla/5.0 (Windows NT 10.0; Win64; x64) AppleWebKit/537.36 (KHTML, like Gecko) Chrome/111.0.0.0 Safari/537.36"
212.205.219.102 - - [05/Apr/2023:11:13:34 +0300] "GET /ipiresies/ HTTP/2.0" 200 26637 "https://progressnet.gr/" "Mozilla/5.0 (Windows NT 10.0; Win64; x64) AppleWebKit/537.36 (KHTML, like Gecko) Chrome/111.0.0.0 Safari/537.36"
212.205.219.102 - - [05/Apr/2023:11:13:34 +0300] "GET /wp-content/cache/minify/32fc1.css HTTP/2.0" 200 11032 "https://progressnet.gr/ipiresies/" "Mozilla/5.0 (Windows NT 10.0; Win64; x64) AppleWebKit/537.36 (KHTML, like Gecko) Chrome/111.0.0.0 Safari/537.36"
212.205.219.102 - - [05/Apr/2023:11:13:34 +0300] "GET /wp-content/cache/minify/53558.js HTTP/2.0" 200 76145 "https://progressnet.gr/ipiresies/" "Mozilla/5.0 (Windows NT 10.0; Win64; x64) AppleWebKit/537.36 (KHTML, like Gecko) Chrome/111.0.0.0 Safari/537.36"
212.205.219.102 - - [05/Apr/2023:11:13:37 +0300] "GET /wp-json/contact-form-7/v1/contact-forms/4479/refill HTTP/2.0" 200 6 "https://progressnet.gr/" "Mozilla/5.0 (Windows NT 10.0; Win64; x64) AppleWebKit/537.36 (KHTML, like Gecko) Chrome/111.0.0.0 Safari/537.36"
212.205.219.102 - - [05/Apr/2023:11:13:39 +0300] "GET /wp-json/contact-form-7/v1/contact-forms/4479/feedback/schema HTTP/2.0" 200 236 "https://progressnet.gr/ipiresies/" "Mozilla/5.0 (Windows NT 10.0; Win64; x64) AppleWebKit/537.36 (KHTML, like Gecko) Chrome/111.0.0.0 Safari/537.36"
212.205.219.102 - - [05/Apr/2023:11:13:41 +0300] "GET /wp-json/contact-form-7/v1/contact-forms/4479/refill HTTP/2.0" 200 6 "https://progressnet.gr/ipiresies/" "Mozilla/5.0 (Windows NT 10.0; Win64; x64) AppleWebKit/537.36 (KHTML, like Gecko) Chrome/111.0.0.0 Safari/537.36"
212.205.219.102 - - [05/Apr/2023:11:13:48 +0300] "GET /epikoinonia HTTP/2.0" 301 0 "https://progressnet.gr/ipiresies/" "Mozilla/5.0 (Windows NT 10.0; Win64; x64) AppleWebKit/537.36 (KHTML, like Gecko) Chrome/111.0.0.0 Safari/537.36"
212.205.219.102 - - [05/Apr/2023:11:13:50 +0300] "GET /epikoinonia HTTP/2.0" 301 0 "https://progressnet.gr/ipiresies/" "Mozilla/5.0 (Windows NT 10.0; Win64; x64) AppleWebKit/537.36 (KHTML, like Gecko) Chrome/111.0.0.0 Safari/537.36"
212.205.219.102 - - [05/Apr/2023:11:13:50 +0300] "GET /epikoinonia/ HTTP/2.0" 200 20229 "https://progressnet.gr/ipiresies/" "Mozilla/5.0 (Windows NT 10.0; Win64; x64) AppleWebKit/537.36 (KHTML, like Gecko) Chrome/111.0.0.0 Safari/537.36"
212.205.219.102 - - [05/Apr/2023:11:13:50 +0300] "GET /wp-content/uploads/2021/10/contact-bg-450x191.jpg HTTP/2.0" 200 25533 "https://progressnet.gr/epikoinonia/" "Mozilla/5.0 (Windows NT 10.0; Win64; x64) AppleWebKit/537.36 (KHTML, like Gecko) Chrome/111.0.0.0 Safari/537.36"
212.205.219.102 - - [05/Apr/2023:11:13:51 +0300] "GET /wp-content/cache/minify/816f7.css HTTP/2.0" 200 10477 "https://progressnet.gr/epikoinonia/" "Mozilla/5.0 (Windows NT 10.0; Win64; x64) AppleWebKit/537.36 (KHTML, like Gecko) Chrome/111.0.0.0 Safari/537.36"
212.205.219.102 - - [05/Apr/2023:11:13:52 +0300] "GET /wp-content/uploads/2021/10/contact-bg.jpg HTTP/2.0" 200 162264 "https://progressnet.gr/epikoinonia/" "Mozilla/5.0 (Windows NT 10.0; Win64; x64) AppleWebKit/537.36 (KHTML, like Gecko) Chrome/111.0.0.0 Safari/537.36"
212.205.219.102 - - [05/Apr/2023:11:13:56 +0300] "GET /wp-json/contact-form-7/v1/contact-forms/9619/feedback/schema HTTP/2.0" 200 234 "https://progressnet.gr/epikoinonia/" "Mozilla/5.0 (Windows NT 10.0; Win64; x64) AppleWebKit/537.36 (KHTML, like Gecko) Chrome/111.0.0.0 Safari/537.36"
212.205.219.102 - - [05/Apr/2023:11:13:56 +0300] "GET /wp-json/contact-form-7/v1/contact-forms/9619/refill HTTP/2.0" 200 6 "https://progressnet.gr/epikoinonia/" "Mozilla/5.0 (Windows NT 10.0; Win64; x64) AppleWebKit/537.36 (KHTML, like Gecko) Chrome/111.0.0.0 Safari/537.36"
194.30.240.193 - - [05/Apr/2023:11:14:26 +0300] "GET /wp-content/uploads/2020/11/progressnet-logo-1.png HTTP/2.0" 304 0 "-" "Mozilla/4.0 (compatible; ms-office; MSOffice 16)"
83.149.118.149 - - [05/Apr/2023:11:14:29 +0300] "POST /wp-cron.php?doing_wp_cron=1680682469.3240730762481689453125 HTTP/1.1" 200 31 "https://progressnet.gr/wp-cron.php?doing_wp_cron=1680682469.3240730762481689453125" "WordPress/6.1.1; https://progressnet.gr"
194.30.240.193 - - [05/Apr/2023:11:14:30 +0300] "GET /wp-content/uploads/2020/11/progressnet-logo-1.png HTTP/1.1" 200 6776 "-" "Mozilla/4.0 (compatible; ms-office; MSOffice rmj)"
51.155.116.156 - - [05/Apr/2023:11:14:31 +0300] "POST /wp-login.php//wp-login.php HTTP/1.1" 404 15103 "-" "Mozilla/5.0 (X11; Ubuntu; Linux x86_64; rv:62.0) Gecko/20100101 Firefox/62.0"
37.6.100.158 - - [05/Apr/2023:11:15:21 +0300] "GET /wp-content/uploads/2020/11/progressnet-logo-1.png HTTP/2.0" 200 6776 "https://felicita.gr/" "Mozilla/5.0 (Windows NT 10.0; Win64; x64) AppleWebKit/537.36 (KHTML, like Gecko) Chrome/111.0.0.0 Safari/537.36"
94.66.134.149 - - [05/Apr/2023:11:16:58 +0300] "GET /wp-content/uploads/2020/11/progressnet-logo-1.png HTTP/2.0" 304 0 "-" "Mozilla/4.0 (compatible; ms-office; MSOffice 16)"
62.103.245.169 - - [05/Apr/2023:11:17:01 +0300] "GET / HTTP/2.0" 200 31399 "-" "Mozilla/5.0 (Windows NT 10.0; Win64; x64) AppleWebKit/537.36 (KHTML, like Gecko) Chrome/111.0.0.0 Safari/537.36"
62.103.245.169 - - [05/Apr/2023:11:17:01 +0300] "GET /wp-content/cache/minify/d7cb9.css HTTP/2.0" 200 11485 "https://progressnet.gr/" "Mozilla/5.0 (Windows NT 10.0; Win64; x64) AppleWebKit/537.36 (KHTML, like Gecko) Chrome/111.0.0.0 Safari/537.36"
62.103.245.169 - - [05/Apr/2023:11:17:01 +0300] "GET /wp-content/cache/minify/4eebb.css HTTP/2.0" 200 9743 "https://progressnet.gr/" "Mozilla/5.0 (Windows NT 10.0; Win64; x64) AppleWebKit/537.36 (KHTML, like Gecko) Chrome/111.0.0.0 Safari/537.36"
62.103.245.169 - - [05/Apr/2023:11:17:01 +0300] "GET /wp-content/cache/minify/83f1b.css HTTP/2.0" 200 88243 "https://progressnet.gr/" "Mozilla/5.0 (Windows NT 10.0; Win64; x64) AppleWebKit/537.36 (KHTML, like Gecko) Chrome/111.0.0.0 Safari/537.36"
62.103.245.169 - - [05/Apr/2023:11:17:01 +0300] "GET /wp-content/cache/minify/41b3f.css HTTP/2.0" 200 42564 "https://progressnet.gr/" "Mozilla/5.0 (Windows NT 10.0; Win64; x64) AppleWebKit/537.36 (KHTML, like Gecko) Chrome/111.0.0.0 Safari/537.36"
62.103.245.169 - - [05/Apr/2023:11:17:01 +0300] "GET /wp-content/cache/minify/47146.js HTTP/2.0" 200 152326 "https://progressnet.gr/" "Mozilla/5.0 (Windows NT 10.0; Win64; x64) AppleWebKit/537.36 (KHTML, like Gecko) Chrome/111.0.0.0 Safari/537.36"
62.103.245.169 - - [05/Apr/2023:11:17:02 +0300] "GET /wp-content/cache/minify/995e1.css HTTP/2.0" 200 14547 "https://progressnet.gr/" "Mozilla/5.0 (Windows NT 10.0; Win64; x64) AppleWebKit/537.36 (KHTML, like Gecko) Chrome/111.0.0.0 Safari/537.36"
62.103.245.169 - - [05/Apr/2023:11:17:02 +0300] "GET /wp-content/cache/minify/3ff94.css HTTP/2.0" 200 13054 "https://progressnet.gr/" "Mozilla/5.0 (Windows NT 10.0; Win64; x64) AppleWebKit/537.36 (KHTML, like Gecko) Chrome/111.0.0.0 Safari/537.36"
62.103.245.169 - - [05/Apr/2023:11:17:02 +0300] "GET /wp-content/cache/minify/1f540.js HTTP/2.0" 200 2906 "https://progressnet.gr/" "Mozilla/5.0 (Windows NT 10.0; Win64; x64) AppleWebKit/537.36 (KHTML, like Gecko) Chrome/111.0.0.0 Safari/537.36"
62.103.245.169 - - [05/Apr/2023:11:17:02 +0300] "GET /wp-content/cache/minify/cbd97.js HTTP/2.0" 200 84446 "https://progressnet.gr/" "Mozilla/5.0 (Windows NT 10.0; Win64; x64) AppleWebKit/537.36 (KHTML, like Gecko) Chrome/111.0.0.0 Safari/537.36"
