107.189.31.181 - - [05/Apr/2023:08:16:38 +0300] "POST /wp-login.php HTTP/1.1" 200 13380 "-" "Mozilla/5.0 (Windows NT 6.3; WOW64; rv:31.0) Gecko/20100101 Firefox/31.0"
46.12.103.112 - - [05/Apr/2023:08:18:19 +0300] "GET / HTTP/2.0" 200 31399 "-" "Mozilla/5.0 (iPhone; CPU iPhone OS 15_7_4 like Mac OS X) AppleWebKit/605.1.15 (KHTML, like Gecko) Version/15.6.4 Mobile/15E148 Safari/604.1"
83.149.118.149 - - [05/Apr/2023:08:20:25 +0300] "POST /wp-cron.php?doing_wp_cron=1680672025.6421749591827392578125 HTTP/1.1" 200 31 "https://progressnet.gr/wp-cron.php?doing_wp_cron=1680672025.6421749591827392578125" "WordPress/6.1.1; https://progressnet.gr"
213.152.161.240 - - [05/Apr/2023:08:20:25 +0300] "POST /xmlrpc.php HTTP/2.0" 200 433 "-" "Mozilla/5.0 (Windows NT 10.0; Win64; x64) AppleWebKit/537.36 (KHTML, like Gecko) Chrome/100.0.4896.127 Safari/537.36"
166.0.218.6 - - [05/Apr/2023:08:22:03 +0300] "GET / HTTP/2.0" 200 31399 "-" "Mozilla/5.0 (Windows; U; Windows NT 6.1; en-US; rv:1.9.1.5) Gecko/20091102 Firefox/3.5.5 (.NET CLR 3.5.30729)"
83.149.118.149 - - [05/Apr/2023:08:28:04 +0300] "POST /wp-cron.php?doing_wp_cron=1680672483.9986999034881591796875 HTTP/1.1" 200 31 "https://progressnet.gr/wp-cron.php?doing_wp_cron=1680672483.9986999034881591796875" "WordPress/6.1.1; https://progressnet.gr"
51.222.253.5 - - [05/Apr/2023:08:28:04 +0300] "GET /robots.txt HTTP/2.0" 200 99 "-" "Mozilla/5.0 (compatible; AhrefsBot/7.0; +http://ahrefs.com/robot/)"
66.220.149.117 - - [05/Apr/2023:08:30:35 +0300] "GET /spotastray-privacy.html HTTP/1.1" 200 14369 "-" "facebookexternalhit/1.1 (+http://www.facebook.com/externalhit_uatext.php)"
62.74.111.112 - - [05/Apr/2023:08:34:02 +0300] "GET /wp-content/uploads/2020/11/progressnet-logo-1.png HTTP/2.0" 200 6776 "https://www.attikovet.gr/" "Mozilla/5.0 (Windows NT 10.0; Win64; x64) AppleWebKit/537.36 (KHTML, like Gecko) Chrome/111.0.0.0 Safari/537.36"
83.149.118.149 - - [05/Apr/2023:08:35:02 +0300] "POST /wp-cron.php?doing_wp_cron=1680672902.6144011020660400390625 HTTP/1.1" 200 31 "https://progressnet.gr/wp-cron.php?doing_wp_cron=1680672902.6144011020660400390625" "WordPress/6.1.1; https://progressnet.gr"
209.141.51.12 - - [05/Apr/2023:08:35:05 +0300] "POST /wp-login.php?redirect_to=https://progressnet.gr/wp-admin/ HTTP/1.1" 200 4047 "-" "Mozilla/5.0 (Macintosh; Intel Mac OS X 10.15; rv:75.0) Gecko/20100101 Firefox/75.0"
83.149.118.149 - - [05/Apr/2023:08:39:01 +0300] "POST /wp-cron.php?doing_wp_cron=1680673141.5151989459991455078125 HTTP/1.1" 200 31 "https://progressnet.gr/wp-cron.php?doing_wp_cron=1680673141.5151989459991455078125" "WordPress/6.1.1; https://progressnet.gr"
192.42.116.180 - - [05/Apr/2023:08:39:01 +0300] "POST /xmlrpc.php HTTP/1.1" 200 445 "-" "Mozilla/5.0 (Windows NT 10.0; Win64; x64) AppleWebKit/537.36 (KHTML, like Gecko) Chrome/85.0.4183.121 Safari/537.36"
192.42.116.180 - - [05/Apr/2023:08:39:06 +0300] "POST /xmlrpc.php HTTP/1.1" 200 445 "-" "Mozilla/5.0 (Windows NT 10.0; Win64; x64) AppleWebKit/537.36 (KHTML, like Gecko) Chrome/85.0.4183.121 Safari/537.36"
192.42.116.180 - - [05/Apr/2023:08:39:10 +0300] "POST /xmlrpc.php HTTP/1.1" 200 445 "-" "Mozilla/5.0 (Windows NT 10.0; Win64; x64) AppleWebKit/537.36 (KHTML, like Gecko) Chrome/85.0.4183.121 Safari/537.36"
192.42.116.180 - - [05/Apr/2023:08:39:16 +0300] "POST /xmlrpc.php HTTP/1.1" 200 445 "-" "Mozilla/5.0 (Windows NT 10.0; Win64; x64) AppleWebKit/537.36 (KHTML, like Gecko) Chrome/85.0.4183.121 Safari/537.36"
192.42.116.180 - - [05/Apr/2023:08:39:20 +0300] "POST /xmlrpc.php HTTP/1.1" 200 445 "-" "Mozilla/5.0 (Windows NT 10.0; Win64; x64) AppleWebKit/537.36 (KHTML, like Gecko) Chrome/85.0.4183.121 Safari/537.36"
91.138.145.221 - - [05/Apr/2023:08:40:05 +0300] "GET /wp-content/uploads/2020/11/progressnet-logo-1.png HTTP/2.0" 200 6776 "https://www.attikovet.gr/" "Mozilla/5.0 (Linux; Android 12; SM-N970F) AppleWebKit/537.36 (KHTML, like Gecko) Chrome/111.0.0.0 Mobile Safari/537.36"
116.62.246.170 - - [05/Apr/2023:08:41:03 +0300] "GET / HTTP/1.1" 301 5 "http://www.progressnet.gr" "Mozilla/4.0 (compatible; MSIE 7.0; Windows NT 6.1; WOW64; Trident/5.0; SLCC2; .NET CLR 2.0.50727; .NET CLR 3.5.30729; .NET CLR 3.0.30729; Media Center PC 6.0; InfoPath.3; .NET4.0C; .NET4.0E; SE 2.X MetaSr 1.0)"
116.62.246.170 - - [05/Apr/2023:08:41:06 +0300] "GET / HTTP/1.1" 200 31412 "http://www.progressnet.gr" "Mozilla/4.0 (compatible; MSIE 7.0; Windows NT 6.1; WOW64; Trident/5.0; SLCC2; .NET CLR 2.0.50727; .NET CLR 3.5.30729; .NET CLR 3.0.30729; Media Center PC 6.0; InfoPath.3; .NET4.0C; .NET4.0E; SE 2.X MetaSr 1.0)"
83.149.118.149 - - [05/Apr/2023:08:42:39 +0300] "POST /wp-cron.php?doing_wp_cron=1680673359.6419489383697509765625 HTTP/1.1" 200 31 "https://progressnet.gr/wp-cron.php?doing_wp_cron=1680673359.6419489383697509765625" "WordPress/6.1.1; https://progressnet.gr"
69.163.199.207 - - [05/Apr/2023:08:42:39 +0300] "POST /xmlrpc.php HTTP/1.1" 200 445 "-" "Mozilla/5.0 (Windows NT 10.0; Win64; x64; rv:97.0) Gecko/20100101 Firefox/97.0"
83.149.118.149 - - [05/Apr/2023:08:44:53 +0300] "POST /wp-cron.php?doing_wp_cron=1680673493.3541820049285888671875 HTTP/1.1" 200 31 "https://progressnet.gr/wp-cron.php?doing_wp_cron=1680673493.3541820049285888671875" "WordPress/6.1.1; https://progressnet.gr"
198.199.104.179 - - [05/Apr/2023:08:44:56 +0300] "GET /.well-known/dnt-policy.txt HTTP/1.1" 404 14629 "-" "Electronic Frontier Foundation's Do Not Track Verifier (for questions or concerns email dnt-policy@eff.org)"
83.149.118.149 - - [05/Apr/2023:08:45:53 +0300] "POST /wp-cron.php?doing_wp_cron=1680673553.4085350036621093750000 HTTP/1.1" 200 31 "https://progressnet.gr/wp-cron.php?doing_wp_cron=1680673553.4085350036621093750000" "WordPress/6.1.1; https://progressnet.gr"
194.38.23.179 - - [05/Apr/2023:08:45:56 +0300] "GET /assets/plugins/plupload/examples/upload.php HTTP/1.1" 404 92902 "-" "ALittle Client"
83.149.118.149 - - [05/Apr/2023:08:50:27 +0300] "POST /wp-cron.php?doing_wp_cron=1680673827.3240869045257568359375 HTTP/1.1" 200 31 "https://progressnet.gr/wp-cron.php?doing_wp_cron=1680673827.3240869045257568359375" "WordPress/6.1.1; https://progressnet.gr"
114.119.156.132 - - [05/Apr/2023:08:50:27 +0300] "GET /robots.txt HTTP/1.1" 200 136 "-" "Mozilla/5.0 (compatible;PetalBot;+https://webmaster.petalsearch.com/site/petalbot)"
187.85.73.93 - - [05/Apr/2023:08:50:50 +0300] "POST /wp-login.php HTTP/1.1" 200 4032 "-" "Mozilla/5.0 (Windows NT 6.1; WOW64) AppleWebKit/537.36 (KHTML, like Gecko) Chrome/36.0.1985.125 Safari/537.36"
83.149.118.149 - - [05/Apr/2023:08:51:40 +0300] "POST /wp-cron.php?doing_wp_cron=1680673900.4061210155487060546875 HTTP/1.1" 200 31 "https://progressnet.gr/wp-cron.php?doing_wp_cron=1680673900.4061210155487060546875" "WordPress/6.1.1; https://progressnet.gr"
185.191.171.4 - - [05/Apr/2023:08:51:40 +0300] "GET /robots.txt HTTP/1.1" 200 136 "-" "Mozilla/5.0 (compatible; SemrushBot/7~bl; +http://www.semrush.com/bot.html)"
185.191.171.33 - - [05/Apr/2023:08:51:45 +0300] "GET /progress-net-crm-subscription/ HTTP/1.1" 200 19186 "-" "Mozilla/5.0 (compatible; SemrushBot/7~bl; +http://www.semrush.com/bot.html)"
83.149.118.149 - - [05/Apr/2023:08:52:21 +0300] "POST /wp-cron.php?doing_wp_cron=1680673941.7797839641571044921875 HTTP/1.1" 200 31 "https://progressnet.gr/wp-cron.php?doing_wp_cron=1680673941.7797839641571044921875" "WordPress/6.1.1; https://progressnet.gr"
110.93.150.143 - - [05/Apr/2023:08:52:21 +0300] "GET /app-cost-calculator HTTP/1.1" 301 5 "-" "Mozilla/5.0 (compatible; Yeti/1.1; +https://naver.me/spd)"
110.93.150.143 - - [05/Apr/2023:08:52:23 +0300] "GET /app-cost-calculator/ HTTP/1.1" 200 18692 "-" "Mozilla/5.0 (compatible; Yeti/1.1; +https://naver.me/spd)"
110.93.150.110 - - [05/Apr/2023:08:52:25 +0300] "GET /wp-content/cache/minify/fc220.js HTTP/1.1" 200 97440 "https://progressnet.gr/app-cost-calculator/" "Mozilla/5.0 (Windows NT 10.0; Win64; x64) AppleWebKit/537.36 (KHTML, like Gecko; compatible; Yeti/1.1; +https://naver.me/spd) Chrome/110.0.0.0 Safari/537.36"
77.75.79.95 - - [05/Apr/2023:08:52:31 +0300] "GET /sitemap_index.xml HTTP/1.1" 200 555 "-" "Mozilla/5.0 (compatible; SeznamBot/4.0-RC1; +http://napoveda.seznam.cz/seznambot-intro/)"
40.77.167.80 - - [05/Apr/2023:08:52:45 +0300] "GET /sitemap_index.xml HTTP/2.0" 200 543 "-" "Mozilla/5.0 AppleWebKit/537.36 (KHTML, like Gecko; compatible; bingbot/2.0; +http://www.bing.com/bingbot.htm) Chrome/103.0.5060.134 Safari/537.36"
83.149.118.149 - - [05/Apr/2023:08:53:04 +0300] "POST /wp-cron.php?doing_wp_cron=1680673984.0127420425415039062500 HTTP/1.1" 200 31 "https://progressnet.gr/wp-cron.php?doing_wp_cron=1680673984.0127420425415039062500" "WordPress/6.1.1; https://progressnet.gr"
92.204.139.118 - - [05/Apr/2023:08:53:04 +0300] "POST /xmlrpc.php HTTP/1.1" 200 443 "-" "Mozilla/5.0 (Windows NT 10.0; Win64; x64; rv:96.0) Gecko/20100101 Firefox/96"
94.69.114.17 - - [05/Apr/2023:08:53:24 +0300] "GET /anaptixi-android-ios-efarmogon/?gclid=Cj0KCQjwla-hBhD7ARIsAM9tQKu9KBZK1lTbDPeO9F-vr093GOCRPa-ik5Tinx-4uuDWKe8p3CA6rD8aAkXiEALw_wcB HTTP/2.0" 200 30939 "https://www.google.com/" "Mozilla/5.0 (Windows NT 10.0; Win64; x64) AppleWebKit/537.36 (KHTML, like Gecko) Chrome/111.0.0.0 Safari/537.36"
94.69.114.17 - - [05/Apr/2023:08:53:24 +0300] "GET /wp-content/cache/minify/d7cb9.css HTTP/2.0" 200 11485 "https://progressnet.gr/anaptixi-android-ios-efarmogon/?gclid=Cj0KCQjwla-hBhD7ARIsAM9tQKu9KBZK1lTbDPeO9F-vr093GOCRPa-ik5Tinx-4uuDWKe8p3CA6rD8aAkXiEALw_wcB" "Mozilla/5.0 (Windows NT 10.0; Win64; x64) AppleWebKit/537.36 (KHTML, like Gecko) Chrome/111.0.0.0 Safari/537.36"
94.69.114.17 - - [05/Apr/2023:08:53:24 +0300] "GET /wp-content/cache/minify/4eebb.css HTTP/2.0" 200 9743 "https://progressnet.gr/anaptixi-android-ios-efarmogon/?gclid=Cj0KCQjwla-hBhD7ARIsAM9tQKu9KBZK1lTbDPeO9F-vr093GOCRPa-ik5Tinx-4uuDWKe8p3CA6rD8aAkXiEALw_wcB" "Mozilla/5.0 (Windows NT 10.0; Win64; x64) AppleWebKit/537.36 (KHTML, like Gecko) Chrome/111.0.0.0 Safari/537.36"
94.69.114.17 - - [05/Apr/2023:08:53:24 +0300] "GET /wp-content/cache/minify/83f1b.css HTTP/2.0" 200 88243 "https://progressnet.gr/anaptixi-android-ios-efarmogon/?gclid=Cj0KCQjwla-hBhD7ARIsAM9tQKu9KBZK1lTbDPeO9F-vr093GOCRPa-ik5Tinx-4uuDWKe8p3CA6rD8aAkXiEALw_wcB" "Mozilla/5.0 (Windows NT 10.0; Win64; x64) AppleWebKit/537.36 (KHTML, like Gecko) Chrome/111.0.0.0 Safari/537.36"
94.69.114.17 - - [05/Apr/2023:08:53:24 +0300] "GET /wp-content/cache/minify/f6198.css HTTP/2.0" 200 43357 "https://progressnet.gr/anaptixi-android-ios-efarmogon/?gclid=Cj0KCQjwla-hBhD7ARIsAM9tQKu9KBZK1lTbDPeO9F-vr093GOCRPa-ik5Tinx-4uuDWKe8p3CA6rD8aAkXiEALw_wcB" "Mozilla/5.0 (Windows NT 10.0; Win64; x64) AppleWebKit/537.36 (KHTML, like Gecko) Chrome/111.0.0.0 Safari/537.36"
94.69.114.17 - - [05/Apr/2023:08:53:24 +0300] "GET /wp-content/cache/minify/47146.js HTTP/2.0" 200 152326 "https://progressnet.gr/anaptixi-android-ios-efarmogon/?gclid=Cj0KCQjwla-hBhD7ARIsAM9tQKu9KBZK1lTbDPeO9F-vr093GOCRPa-ik5Tinx-4uuDWKe8p3CA6rD8aAkXiEALw_wcB" "Mozilla/5.0 (Windows NT 10.0; Win64; x64) AppleWebKit/537.36 (KHTML, like Gecko) Chrome/111.0.0.0 Safari/537.36"
94.69.114.17 - - [05/Apr/2023:08:53:25 +0300] "GET /wp-content/cache/minify/4a4e6.css HTTP/2.0" 200 38150 "https://progressnet.gr/anaptixi-android-ios-efarmogon/?gclid=Cj0KCQjwla-hBhD7ARIsAM9tQKu9KBZK1lTbDPeO9F-vr093GOCRPa-ik5Tinx-4uuDWKe8p3CA6rD8aAkXiEALw_wcB" "Mozilla/5.0 (Windows NT 10.0; Win64; x64) AppleWebKit/537.36 (KHTML, like Gecko) Chrome/111.0.0.0 Safari/537.36"
94.69.114.17 - - [05/Apr/2023:08:53:25 +0300] "GET /wp-content/cache/minify/3ff94.css HTTP/2.0" 200 13054 "https://progressnet.gr/anaptixi-android-ios-efarmogon/?gclid=Cj0KCQjwla-hBhD7ARIsAM9tQKu9KBZK1lTbDPeO9F-vr093GOCRPa-ik5Tinx-4uuDWKe8p3CA6rD8aAkXiEALw_wcB" "Mozilla/5.0 (Windows NT 10.0; Win64; x64) AppleWebKit/537.36 (KHTML, like Gecko) Chrome/111.0.0.0 Safari/537.36"
94.69.114.17 - - [05/Apr/2023:08:53:25 +0300] "GET /wp-content/cache/minify/1f540.js HTTP/2.0" 200 2906 "https://progressnet.gr/anaptixi-android-ios-efarmogon/?gclid=Cj0KCQjwla-hBhD7ARIsAM9tQKu9KBZK1lTbDPeO9F-vr093GOCRPa-ik5Tinx-4uuDWKe8p3CA6rD8aAkXiEALw_wcB" "Mozilla/5.0 (Windows NT 10.0; Win64; x64) AppleWebKit/537.36 (KHTML, like Gecko) Chrome/111.0.0.0 Safari/537.36"
94.69.114.17 - - [05/Apr/2023:08:53:25 +0300] "GET /wp-content/cache/minify/58ef5.js HTTP/2.0" 200 95217 "https://progressnet.gr/anaptixi-android-ios-efarmogon/?gclid=Cj0KCQjwla-hBhD7ARIsAM9tQKu9KBZK1lTbDPeO9F-vr093GOCRPa-ik5Tinx-4uuDWKe8p3CA6rD8aAkXiEALw_wcB" "Mozilla/5.0 (Windows NT 10.0; Win64; x64) AppleWebKit/537.36 (KHTML, like Gecko) Chrome/111.0.0.0 Safari/537.36"
94.69.114.17 - - [05/Apr/2023:08:53:25 +0300] "GET /wp-content/cache/minify/ad81d.js HTTP/2.0" 200 22935 "https://progressnet.gr/anaptixi-android-ios-efarmogon/?gclid=Cj0KCQjwla-hBhD7ARIsAM9tQKu9KBZK1lTbDPeO9F-vr093GOCRPa-ik5Tinx-4uuDWKe8p3CA6rD8aAkXiEALw_wcB" "Mozilla/5.0 (Windows NT 10.0; Win64; x64) AppleWebKit/537.36 (KHTML, like Gecko) Chrome/111.0.0.0 Safari/537.36"
94.69.114.17 - - [05/Apr/2023:08:53:25 +0300] "GET /wp-content/cache/minify/545b0.js HTTP/2.0" 200 1957 "https://progressnet.gr/anaptixi-android-ios-efarmogon/?gclid=Cj0KCQjwla-hBhD7ARIsAM9tQKu9KBZK1lTbDPeO9F-vr093GOCRPa-ik5Tinx-4uuDWKe8p3CA6rD8aAkXiEALw_wcB" "Mozilla/5.0 (Windows NT 10.0; Win64; x64) AppleWebKit/537.36 (KHTML, like Gecko) Chrome/111.0.0.0 Safari/537.36"
94.69.114.17 - - [05/Apr/2023:08:53:25 +0300] "GET /wp-content/uploads/2020/11/progressnet-logo-1.png HTTP/2.0" 200 6776 "https://progressnet.gr/anaptixi-android-ios-efarmogon/?gclid=Cj0KCQjwla-hBhD7ARIsAM9tQKu9KBZK1lTbDPeO9F-vr093GOCRPa-ik5Tinx-4uuDWKe8p3CA6rD8aAkXiEALw_wcB" "Mozilla/5.0 (Windows NT 10.0; Win64; x64) AppleWebKit/537.36 (KHTML, like Gecko) Chrome/111.0.0.0 Safari/537.36"
94.69.114.17 - - [05/Apr/2023:08:53:25 +0300] "GET /wp-content/uploads/2020/12/services-bg-450x281.png HTTP/2.0" 200 14929 "https://progressnet.gr/anaptixi-android-ios-efarmogon/?gclid=Cj0KCQjwla-hBhD7ARIsAM9tQKu9KBZK1lTbDPeO9F-vr093GOCRPa-ik5Tinx-4uuDWKe8p3CA6rD8aAkXiEALw_wcB" "Mozilla/5.0 (Windows NT 10.0; Win64; x64) AppleWebKit/537.36 (KHTML, like Gecko) Chrome/111.0.0.0 Safari/537.36"
94.69.114.17 - - [05/Apr/2023:08:53:25 +0300] "GET /wp-content/uploads/2020/12/mobile-apps-design.png HTTP/2.0" 200 53922 "https://progressnet.gr/anaptixi-android-ios-efarmogon/?gclid=Cj0KCQjwla-hBhD7ARIsAM9tQKu9KBZK1lTbDPeO9F-vr093GOCRPa-ik5Tinx-4uuDWKe8p3CA6rD8aAkXiEALw_wcB" "Mozilla/5.0 (Windows NT 10.0; Win64; x64) AppleWebKit/537.36 (KHTML, like Gecko) Chrome/111.0.0.0 Safari/537.36"
94.69.114.17 - - [05/Apr/2023:08:53:25 +0300] "GET /wp-content/themes/scape/library/fonts/fonts/scape-ui.ttf HTTP/2.0" 200 32128 "https://progressnet.gr/wp-content/cache/minify/f6198.css" "Mozilla/5.0 (Windows NT 10.0; Win64; x64) AppleWebKit/537.36 (KHTML, like Gecko) Chrome/111.0.0.0 Safari/537.36"
94.69.114.17 - - [05/Apr/2023:08:53:25 +0300] "GET /wp-content/uploads/2020/12/mobile-apps-dashboard.jpg HTTP/2.0" 200 97154 "https://progressnet.gr/anaptixi-android-ios-efarmogon/?gclid=Cj0KCQjwla-hBhD7ARIsAM9tQKu9KBZK1lTbDPeO9F-vr093GOCRPa-ik5Tinx-4uuDWKe8p3CA6rD8aAkXiEALw_wcB" "Mozilla/5.0 (Windows NT 10.0; Win64; x64) AppleWebKit/537.36 (KHTML, like Gecko) Chrome/111.0.0.0 Safari/537.36"
94.69.114.17 - - [05/Apr/2023:08:53:25 +0300] "GET /wp-content/plugins/scape-core/include/icon-fonts/scape-tech/fonts/scape-tech.ttf HTTP/2.0" 200 328516 "https://progressnet.gr/wp-content/cache/minify/4a4e6.css" "Mozilla/5.0 (Windows NT 10.0; Win64; x64) AppleWebKit/537.36 (KHTML, like Gecko) Chrome/111.0.0.0 Safari/537.36"
94.69.114.17 - - [05/Apr/2023:08:53:25 +0300] "GET /wp-content/plugins/scape-core/include/icon-fonts/scape-devices/fonts/scape-devices.ttf HTTP/2.0" 200 96488 "https://progressnet.gr/wp-content/cache/minify/4a4e6.css" "Mozilla/5.0 (Windows NT 10.0; Win64; x64) AppleWebKit/537.36 (KHTML, like Gecko) Chrome/111.0.0.0 Safari/537.36"
94.69.114.17 - - [05/Apr/2023:08:53:26 +0300] "GET /wp-content/plugins/scape-core/include/icon-fonts/scape-basic/fonts/scape-basic.ttf HTTP/2.0" 200 221584 "https://progressnet.gr/wp-content/cache/minify/4a4e6.css" "Mozilla/5.0 (Windows NT 10.0; Win64; x64) AppleWebKit/537.36 (KHTML, like Gecko) Chrome/111.0.0.0 Safari/537.36"
94.69.114.17 - - [05/Apr/2023:08:53:26 +0300] "GET /wp-content/plugins/scape-core/include/icon-fonts/scape-brands/fonts/scape-brands.ttf HTTP/2.0" 200 60960 "https://progressnet.gr/wp-content/cache/minify/4a4e6.css" "Mozilla/5.0 (Windows NT 10.0; Win64; x64) AppleWebKit/537.36 (KHTML, like Gecko) Chrome/111.0.0.0 Safari/537.36"
94.69.114.17 - - [05/Apr/2023:08:53:27 +0300] "GET /wp-content/plugins/scape-core/include/icon-fonts/scape-objects/fonts/scape-objects.ttf HTTP/2.0" 200 680236 "https://progressnet.gr/wp-content/cache/minify/4a4e6.css" "Mozilla/5.0 (Windows NT 10.0; Win64; x64) AppleWebKit/537.36 (KHTML, like Gecko) Chrome/111.0.0.0 Safari/537.36"
94.69.114.17 - - [05/Apr/2023:08:53:27 +0300] "GET /wp-content/plugins/scape-core/include/icon-fonts/scape-people/fonts/scape-people.ttf HTTP/2.0" 200 216628 "https://progressnet.gr/wp-content/cache/minify/4a4e6.css" "Mozilla/5.0 (Windows NT 10.0; Win64; x64) AppleWebKit/537.36 (KHTML, like Gecko) Chrome/111.0.0.0 Safari/537.36"
94.69.114.17 - - [05/Apr/2023:08:53:27 +0300] "GET /wp-content/uploads/2020/12/services-bg.png HTTP/2.0" 200 93822 "https://progressnet.gr/anaptixi-android-ios-efarmogon/?gclid=Cj0KCQjwla-hBhD7ARIsAM9tQKu9KBZK1lTbDPeO9F-vr093GOCRPa-ik5Tinx-4uuDWKe8p3CA6rD8aAkXiEALw_wcB" "Mozilla/5.0 (Windows NT 10.0; Win64; x64) AppleWebKit/537.36 (KHTML, like Gecko) Chrome/111.0.0.0 Safari/537.36"
94.69.114.17 - - [05/Apr/2023:08:53:28 +0300] "GET /wp-content/uploads/2020/11/favicon.ico HTTP/2.0" 200 498 "https://progressnet.gr/anaptixi-android-ios-efarmogon/?gclid=Cj0KCQjwla-hBhD7ARIsAM9tQKu9KBZK1lTbDPeO9F-vr093GOCRPa-ik5Tinx-4uuDWKe8p3CA6rD8aAkXiEALw_wcB" "Mozilla/5.0 (Windows NT 10.0; Win64; x64) AppleWebKit/537.36 (KHTML, like Gecko) Chrome/111.0.0.0 Safari/537.36"
94.69.114.17 - - [05/Apr/2023:08:53:30 +0300] "GET /wp-json/contact-form-7/v1/contact-forms/4479/feedback/schema HTTP/2.0" 200 236 "https://progressnet.gr/anaptixi-android-ios-efarmogon/?gclid=Cj0KCQjwla-hBhD7ARIsAM9tQKu9KBZK1lTbDPeO9F-vr093GOCRPa-ik5Tinx-4uuDWKe8p3CA6rD8aAkXiEALw_wcB" "Mozilla/5.0 (Windows NT 10.0; Win64; x64) AppleWebKit/537.36 (KHTML, like Gecko) Chrome/111.0.0.0 Safari/537.36"
87.203.197.86 - - [05/Apr/2023:08:53:34 +0300] "GET /wp-content/uploads/2020/11/progressnet-logo-1.png HTTP/2.0" 200 6776 "https://www.attikovet.gr/" "Mozilla/5.0 (iPhone; CPU iPhone OS 16_1_1 like Mac OS X) AppleWebKit/605.1.15 (KHTML, like Gecko) Version/16.1 Mobile/15E148 Safari/604.1"
94.69.114.17 - - [05/Apr/2023:08:53:35 +0300] "GET /wp-json/contact-form-7/v1/contact-forms/4479/refill HTTP/2.0" 200 6 "https://progressnet.gr/anaptixi-android-ios-efarmogon/?gclid=Cj0KCQjwla-hBhD7ARIsAM9tQKu9KBZK1lTbDPeO9F-vr093GOCRPa-ik5Tinx-4uuDWKe8p3CA6rD8aAkXiEALw_wcB" "Mozilla/5.0 (Windows NT 10.0; Win64; x64) AppleWebKit/537.36 (KHTML, like Gecko) Chrome/111.0.0.0 Safari/537.36"
94.69.114.17 - - [05/Apr/2023:08:53:39 +0300] "GET /wp-content/uploads/2022/12/e-test-portfolio.jpg HTTP/2.0" 200 92398 "https://progressnet.gr/anaptixi-android-ios-efarmogon/?gclid=Cj0KCQjwla-hBhD7ARIsAM9tQKu9KBZK1lTbDPeO9F-vr093GOCRPa-ik5Tinx-4uuDWKe8p3CA6rD8aAkXiEALw_wcB" "Mozilla/5.0 (Windows NT 10.0; Win64; x64) AppleWebKit/537.36 (KHTML, like Gecko) Chrome/111.0.0.0 Safari/537.36"
94.69.114.17 - - [05/Apr/2023:08:53:39 +0300] "GET /wp-content/uploads/2020/12/allianz-portfolio.jpg HTTP/2.0" 200 75832 "https://progressnet.gr/anaptixi-android-ios-efarmogon/?gclid=Cj0KCQjwla-hBhD7ARIsAM9tQKu9KBZK1lTbDPeO9F-vr093GOCRPa-ik5Tinx-4uuDWKe8p3CA6rD8aAkXiEALw_wcB" "Mozilla/5.0 (Windows NT 10.0; Win64; x64) AppleWebKit/537.36 (KHTML, like Gecko) Chrome/111.0.0.0 Safari/537.36"
94.69.114.17 - - [05/Apr/2023:08:53:41 +0300] "GET /wp-content/uploads/2018/02/pepsi-portfolio.jpg HTTP/2.0" 200 121836 "https://progressnet.gr/anaptixi-android-ios-efarmogon/?gclid=Cj0KCQjwla-hBhD7ARIsAM9tQKu9KBZK1lTbDPeO9F-vr093GOCRPa-ik5Tinx-4uuDWKe8p3CA6rD8aAkXiEALw_wcB" "Mozilla/5.0 (Windows NT 10.0; Win64; x64) AppleWebKit/537.36 (KHTML, like Gecko) Chrome/111.0.0.0 Safari/537.36"
94.69.114.17 - - [05/Apr/2023:08:53:41 +0300] "GET /wp-content/uploads/2018/02/megaplast-android-app.jpg HTTP/2.0" 200 91150 "https://progressnet.gr/anaptixi-android-ios-efarmogon/?gclid=Cj0KCQjwla-hBhD7ARIsAM9tQKu9KBZK1lTbDPeO9F-vr093GOCRPa-ik5Tinx-4uuDWKe8p3CA6rD8aAkXiEALw_wcB" "Mozilla/5.0 (Windows NT 10.0; Win64; x64) AppleWebKit/537.36 (KHTML, like Gecko) Chrome/111.0.0.0 Safari/537.36"
94.69.114.17 - - [05/Apr/2023:08:53:45 +0300] "GET /wp-content/uploads/2018/02/tv-creta-portfolio.jpg HTTP/2.0" 200 125899 "https://progressnet.gr/anaptixi-android-ios-efarmogon/?gclid=Cj0KCQjwla-hBhD7ARIsAM9tQKu9KBZK1lTbDPeO9F-vr093GOCRPa-ik5Tinx-4uuDWKe8p3CA6rD8aAkXiEALw_wcB" "Mozilla/5.0 (Windows NT 10.0; Win64; x64) AppleWebKit/537.36 (KHTML, like Gecko) Chrome/111.0.0.0 Safari/537.36"
94.69.114.17 - - [05/Apr/2023:08:53:45 +0300] "GET /wp-content/uploads/2020/12/mondial-assistance-portfolio.jpg HTTP/2.0" 200 102751 "https://progressnet.gr/anaptixi-android-ios-efarmogon/?gclid=Cj0KCQjwla-hBhD7ARIsAM9tQKu9KBZK1lTbDPeO9F-vr093GOCRPa-ik5Tinx-4uuDWKe8p3CA6rD8aAkXiEALw_wcB" "Mozilla/5.0 (Windows NT 10.0; Win64; x64) AppleWebKit/537.36 (KHTML, like Gecko) Chrome/111.0.0.0 Safari/537.36"
94.69.114.17 - - [05/Apr/2023:08:53:51 +0300] "GET /mobile-app-apo-tin-idea-sti-praxi/ HTTP/2.0" 200 32316 "https://progressnet.gr/anaptixi-android-ios-efarmogon/?gclid=Cj0KCQjwla-hBhD7ARIsAM9tQKu9KBZK1lTbDPeO9F-vr093GOCRPa-ik5Tinx-4uuDWKe8p3CA6rD8aAkXiEALw_wcB" "Mozilla/5.0 (Windows NT 10.0; Win64; x64) AppleWebKit/537.36 (KHTML, like Gecko) Chrome/111.0.0.0 Safari/537.36"
94.69.114.17 - - [05/Apr/2023:08:53:52 +0300] "GET /wp-content/cache/minify/1aea4.css HTTP/2.0" 200 92576 "https://progressnet.gr/mobile-app-apo-tin-idea-sti-praxi/" "Mozilla/5.0 (Windows NT 10.0; Win64; x64) AppleWebKit/537.36 (KHTML, like Gecko) Chrome/111.0.0.0 Safari/537.36"
94.69.114.17 - - [05/Apr/2023:08:53:52 +0300] "GET /wp-content/cache/minify/cdecc.js HTTP/2.0" 200 79449 "https://progressnet.gr/mobile-app-apo-tin-idea-sti-praxi/" "Mozilla/5.0 (Windows NT 10.0; Win64; x64) AppleWebKit/537.36 (KHTML, like Gecko) Chrome/111.0.0.0 Safari/537.36"
94.69.114.17 - - [05/Apr/2023:08:53:52 +0300] "GET /wp-content/uploads/2020/11/mobile-%CE%B5%CF%86%CE%B1%CF%81%CE%BC%CE%BF%CE%B3%CE%AE-idea-to-action-4.jpg HTTP/2.0" 200 60067 "https://progressnet.gr/mobile-app-apo-tin-idea-sti-praxi/" "Mozilla/5.0 (Windows NT 10.0; Win64; x64) AppleWebKit/537.36 (KHTML, like Gecko) Chrome/111.0.0.0 Safari/537.36"
94.68.66.191 - - [05/Apr/2023:08:53:52 +0300] "GET /wp-content/uploads/2020/11/progressnet-logo-1.png HTTP/2.0" 200 6776 "https://felicita.gr/" "Mozilla/5.0 (Linux; Android 11; SM-A202F) AppleWebKit/537.36 (KHTML, like Gecko) Chrome/111.0.0.0 Mobile Safari/537.36"
94.69.114.17 - - [05/Apr/2023:08:53:52 +0300] "GET /wp-content/uploads/2020/11/mobile-%CE%B5%CF%86%CE%B1%CF%81%CE%BC%CE%BF%CE%B3%CE%AE-idea-to-action.jpg HTTP/2.0" 200 298026 "https://progressnet.gr/mobile-app-apo-tin-idea-sti-praxi/" "Mozilla/5.0 (Windows NT 10.0; Win64; x64) AppleWebKit/537.36 (KHTML, like Gecko) Chrome/111.0.0.0 Safari/537.36"
94.69.114.17 - - [05/Apr/2023:08:53:53 +0300] "GET /wp-content/cache/minify/30a93.css HTTP/2.0" 200 19075 "https://progressnet.gr/mobile-app-apo-tin-idea-sti-praxi/" "Mozilla/5.0 (Windows NT 10.0; Win64; x64) AppleWebKit/537.36 (KHTML, like Gecko) Chrome/111.0.0.0 Safari/537.36"
94.69.114.17 - - [05/Apr/2023:08:53:53 +0300] "GET /wp-content/uploads/2022/07/%CE%B5%CF%83%CF%80%CE%B1-%CF%88%CE%B7%CF%86%CE%B9%CE%B1%CE%BA%CE%B1-%CE%B5%CF%81%CE%B3%CE%B1%CE%BB%CE%B5%CE%AF%CE%B1.png HTTP/2.0" 200 402915 "https://progressnet.gr/mobile-app-apo-tin-idea-sti-praxi/" "Mozilla/5.0 (Windows NT 10.0; Win64; x64) AppleWebKit/537.36 (KHTML, like Gecko) Chrome/111.0.0.0 Safari/537.36"
94.69.114.17 - - [05/Apr/2023:08:53:53 +0300] "GET /wp-content/uploads/2021/11/mobile-app-make-money-featured.jpg HTTP/2.0" 200 189416 "https://progressnet.gr/mobile-app-apo-tin-idea-sti-praxi/" "Mozilla/5.0 (Windows NT 10.0; Win64; x64) AppleWebKit/537.36 (KHTML, like Gecko) Chrome/111.0.0.0 Safari/537.36"
94.69.114.17 - - [05/Apr/2023:08:53:53 +0300] "GET /wp-content/uploads/2021/12/mobile-app-reviews-featured.jpg HTTP/2.0" 200 172113 "https://progressnet.gr/mobile-app-apo-tin-idea-sti-praxi/" "Mozilla/5.0 (Windows NT 10.0; Win64; x64) AppleWebKit/537.36 (KHTML, like Gecko) Chrome/111.0.0.0 Safari/537.36"
94.69.114.17 - - [05/Apr/2023:08:53:54 +0300] "GET /wp-content/uploads/2021/10/eshop-to-app.jpg HTTP/2.0" 200 160185 "https://progressnet.gr/mobile-app-apo-tin-idea-sti-praxi/" "Mozilla/5.0 (Windows NT 10.0; Win64; x64) AppleWebKit/537.36 (KHTML, like Gecko) Chrome/111.0.0.0 Safari/537.36"
94.69.114.17 - - [05/Apr/2023:08:55:01 +0300] "GET /wp-content/uploads/2020/11/mobile-%CE%B5%CF%86%CE%B1%CF%81%CE%BC%CE%BF%CE%B3%CE%AE-idea-to-action-4-1.jpg HTTP/2.0" 200 43832 "https://progressnet.gr/mobile-app-apo-tin-idea-sti-praxi/" "Mozilla/5.0 (Windows NT 10.0; Win64; x64) AppleWebKit/537.36 (KHTML, like Gecko) Chrome/111.0.0.0 Safari/537.36"
62.74.39.127 - - [05/Apr/2023:08:55:37 +0300] "GET /profood-app-analitikes-leitourgies/ HTTP/2.0" 200 27565 "https://www.google.com/" "Mozilla/5.0 (Linux; Android 8.0.0; SM-G930F) AppleWebKit/537.36 (KHTML, like Gecko) Chrome/111.0.0.0 Mobile Safari/537.36"
62.74.39.127 - - [05/Apr/2023:08:55:38 +0300] "GET /wp-content/cache/minify/d7cb9.css HTTP/2.0" 200 11485 "https://progressnet.gr/profood-app-analitikes-leitourgies/" "Mozilla/5.0 (Linux; Android 8.0.0; SM-G930F) AppleWebKit/537.36 (KHTML, like Gecko) Chrome/111.0.0.0 Mobile Safari/537.36"
62.74.39.127 - - [05/Apr/2023:08:55:38 +0300] "GET /wp-content/cache/minify/4eebb.css HTTP/2.0" 200 9743 "https://progressnet.gr/profood-app-analitikes-leitourgies/" "Mozilla/5.0 (Linux; Android 8.0.0; SM-G930F) AppleWebKit/537.36 (KHTML, like Gecko) Chrome/111.0.0.0 Mobile Safari/537.36"
62.74.39.127 - - [05/Apr/2023:08:55:38 +0300] "GET /wp-content/cache/minify/83f1b.css HTTP/2.0" 200 88243 "https://progressnet.gr/profood-app-analitikes-leitourgies/" "Mozilla/5.0 (Linux; Android 8.0.0; SM-G930F) AppleWebKit/537.36 (KHTML, like Gecko) Chrome/111.0.0.0 Mobile Safari/537.36"
62.74.39.127 - - [05/Apr/2023:08:55:38 +0300] "GET /wp-content/cache/minify/f6198.css HTTP/2.0" 200 43357 "https://progressnet.gr/profood-app-analitikes-leitourgies/" "Mozilla/5.0 (Linux; Android 8.0.0; SM-G930F) AppleWebKit/537.36 (KHTML, like Gecko) Chrome/111.0.0.0 Mobile Safari/537.36"
62.74.39.127 - - [05/Apr/2023:08:55:38 +0300] "GET /wp-content/cache/minify/47146.js HTTP/2.0" 200 152326 "https://progressnet.gr/profood-app-analitikes-leitourgies/" "Mozilla/5.0 (Linux; Android 8.0.0; SM-G930F) AppleWebKit/537.36 (KHTML, like Gecko) Chrome/111.0.0.0 Mobile Safari/537.36"
62.74.39.127 - - [05/Apr/2023:08:55:38 +0300] "GET /wp-content/cache/minify/16a44.css HTTP/2.0" 200 17693 "https://progressnet.gr/profood-app-analitikes-leitourgies/" "Mozilla/5.0 (Linux; Android 8.0.0; SM-G930F) AppleWebKit/537.36 (KHTML, like Gecko) Chrome/111.0.0.0 Mobile Safari/537.36"
62.74.39.127 - - [05/Apr/2023:08:55:38 +0300] "GET /wp-content/cache/minify/3ff94.css HTTP/2.0" 200 13054 "https://progressnet.gr/profood-app-analitikes-leitourgies/" "Mozilla/5.0 (Linux; Android 8.0.0; SM-G930F) AppleWebKit/537.36 (KHTML, like Gecko) Chrome/111.0.0.0 Mobile Safari/537.36"
62.74.39.127 - - [05/Apr/2023:08:55:38 +0300] "GET /wp-content/cache/minify/1f540.js HTTP/2.0" 200 2906 "https://progressnet.gr/profood-app-analitikes-leitourgies/" "Mozilla/5.0 (Linux; Android 8.0.0; SM-G930F) AppleWebKit/537.36 (KHTML, like Gecko) Chrome/111.0.0.0 Mobile Safari/537.36"
62.74.39.127 - - [05/Apr/2023:08:55:38 +0300] "GET /wp-content/cache/minify/53558.js HTTP/2.0" 200 76145 "https://progressnet.gr/profood-app-analitikes-leitourgies/" "Mozilla/5.0 (Linux; Android 8.0.0; SM-G930F) AppleWebKit/537.36 (KHTML, like Gecko) Chrome/111.0.0.0 Mobile Safari/537.36"
62.74.39.127 - - [05/Apr/2023:08:55:38 +0300] "GET /wp-content/cache/minify/ad81d.js HTTP/2.0" 200 22935 "https://progressnet.gr/profood-app-analitikes-leitourgies/" "Mozilla/5.0 (Linux; Android 8.0.0; SM-G930F) AppleWebKit/537.36 (KHTML, like Gecko) Chrome/111.0.0.0 Mobile Safari/537.36"
62.74.39.127 - - [05/Apr/2023:08:55:38 +0300] "GET /wp-content/cache/minify/545b0.js HTTP/2.0" 200 1957 "https://progressnet.gr/profood-app-analitikes-leitourgies/" "Mozilla/5.0 (Linux; Android 8.0.0; SM-G930F) AppleWebKit/537.36 (KHTML, like Gecko) Chrome/111.0.0.0 Mobile Safari/537.36"
62.74.39.127 - - [05/Apr/2023:08:55:39 +0300] "GET /wp-content/uploads/2020/11/progressnet-logo-1.png HTTP/2.0" 200 6776 "https://progressnet.gr/profood-app-analitikes-leitourgies/" "Mozilla/5.0 (Linux; Android 8.0.0; SM-G930F) AppleWebKit/537.36 (KHTML, like Gecko) Chrome/111.0.0.0 Mobile Safari/537.36"
62.74.39.127 - - [05/Apr/2023:08:55:39 +0300] "GET /wp-content/themes/scape/library/fonts/fonts/scape-ui.ttf HTTP/2.0" 200 32128 "https://progressnet.gr/wp-content/cache/minify/f6198.css" "Mozilla/5.0 (Linux; Android 8.0.0; SM-G930F) AppleWebKit/537.36 (KHTML, like Gecko) Chrome/111.0.0.0 Mobile Safari/537.36"
62.74.39.127 - - [05/Apr/2023:08:55:39 +0300] "GET /wp-content/plugins/scape-core/include/icon-fonts/scape-devices/fonts/scape-devices.ttf HTTP/2.0" 200 96488 "https://progressnet.gr/wp-content/cache/minify/16a44.css" "Mozilla/5.0 (Linux; Android 8.0.0; SM-G930F) AppleWebKit/537.36 (KHTML, like Gecko) Chrome/111.0.0.0 Mobile Safari/537.36"
62.74.39.127 - - [05/Apr/2023:08:55:39 +0300] "GET /wp-content/plugins/scape-core/include/icon-fonts/scape-tech/fonts/scape-tech.ttf HTTP/2.0" 200 328516 "https://progressnet.gr/wp-content/cache/minify/16a44.css" "Mozilla/5.0 (Linux; Android 8.0.0; SM-G930F) AppleWebKit/537.36 (KHTML, like Gecko) Chrome/111.0.0.0 Mobile Safari/537.36"
62.74.39.127 - - [05/Apr/2023:08:55:39 +0300] "GET /wp-content/plugins/scape-core/include/icon-fonts/scape-basic/fonts/scape-basic.ttf HTTP/2.0" 200 221584 "https://progressnet.gr/wp-content/cache/minify/16a44.css" "Mozilla/5.0 (Linux; Android 8.0.0; SM-G930F) AppleWebKit/537.36 (KHTML, like Gecko) Chrome/111.0.0.0 Mobile Safari/537.36"
83.149.118.149 - - [05/Apr/2023:08:55:44 +0300] "POST /wp-cron.php?doing_wp_cron=1680674144.0911281108856201171875 HTTP/1.1" 200 31 "https://progressnet.gr/wp-cron.php?doing_wp_cron=1680674144.0911281108856201171875" "WordPress/6.1.1; https://progressnet.gr"
62.74.39.127 - - [05/Apr/2023:08:55:44 +0300] "GET /wp-json/contact-form-7/v1/contact-forms/10240/feedback/schema HTTP/2.0" 200 253 "https://progressnet.gr/profood-app-analitikes-leitourgies/" "Mozilla/5.0 (Linux; Android 8.0.0; SM-G930F) AppleWebKit/537.36 (KHTML, like Gecko) Chrome/111.0.0.0 Mobile Safari/537.36"
62.74.39.127 - - [05/Apr/2023:08:55:47 +0300] "GET /wp-json/contact-form-7/v1/contact-forms/10240/refill HTTP/2.0" 200 6 "https://progressnet.gr/profood-app-analitikes-leitourgies/" "Mozilla/5.0 (Linux; Android 8.0.0; SM-G930F) AppleWebKit/537.36 (KHTML, like Gecko) Chrome/111.0.0.0 Mobile Safari/537.36"
94.69.114.17 - - [05/Apr/2023:08:56:22 +0300] "GET /wp-content/uploads/2020/11/mobile-%CE%B5%CF%86%CE%B1%CF%81%CE%BC%CE%BF%CE%B3%CE%AE-idea-to-action-2.jpg HTTP/2.0" 200 92360 "https://progressnet.gr/mobile-app-apo-tin-idea-sti-praxi/" "Mozilla/5.0 (Windows NT 10.0; Win64; x64) AppleWebKit/537.36 (KHTML, like Gecko) Chrome/111.0.0.0 Safari/537.36"
205.185.115.222 - - [05/Apr/2023:08:56:35 +0300] "GET /wp-login.php HTTP/1.1" 301 5 "-" "Mozilla/5.0 (Macintosh; Intel Mac OS X 10.6; rv:31.0) Gecko/20100101 Firefox/31.0"
83.149.118.149 - - [05/Apr/2023:08:56:44 +0300] "POST /wp-cron.php?doing_wp_cron=1680674204.4720709323883056640625 HTTP/1.1" 200 31 "https://progressnet.gr/wp-cron.php?doing_wp_cron=1680674204.4720709323883056640625" "WordPress/6.1.1; https://progressnet.gr"
205.185.115.222 - - [05/Apr/2023:08:56:44 +0300] "GET /wp-login.php HTTP/1.1" 200 12842 "-" "Mozilla/5.0 (Macintosh; Intel Mac OS X 10.6; rv:31.0) Gecko/20100101 Firefox/31.0"
205.185.115.222 - - [05/Apr/2023:08:56:46 +0300] "POST /wp-login.php HTTP/1.1" 301 5 "-" "Mozilla/5.0 (Macintosh; Intel Mac OS X 10.6; rv:31.0) Gecko/20100101 Firefox/31.0"
205.185.115.222 - - [05/Apr/2023:08:56:50 +0300] "GET /wp-login.php HTTP/1.1" 200 12847 "-" "Mozilla/5.0 (Macintosh; Intel Mac OS X 10.6; rv:31.0) Gecko/20100101 Firefox/31.0"
94.69.114.17 - - [05/Apr/2023:08:57:22 +0300] "GET /wp-content/uploads/2020/11/mobile-%CE%B5%CF%86%CE%B1%CF%81%CE%BC%CE%BF%CE%B3%CE%AE-idea-to-action-3.jpg HTTP/2.0" 200 88243 "https://progressnet.gr/mobile-app-apo-tin-idea-sti-praxi/" "Mozilla/5.0 (Windows NT 10.0; Win64; x64) AppleWebKit/537.36 (KHTML, like Gecko) Chrome/111.0.0.0 Safari/537.36"
83.149.118.149 - - [05/Apr/2023:08:57:28 +0300] "POST /wp-cron.php?doing_wp_cron=1680674247.9714360237121582031250 HTTP/1.1" 200 31 "https://progressnet.gr/wp-cron.php?doing_wp_cron=1680674247.9714360237121582031250" "WordPress/6.1.1; https://progressnet.gr"
37.46.117.90 - - [05/Apr/2023:08:57:28 +0300] "POST /xmlrpc.php HTTP/2.0" 200 433 "-" "Mozilla/5.0 (Windows NT 10.0; Win64; x64) AppleWebKit/537.36 (KHTML, like Gecko) Chrome/100.0.4896.127 Safari/537.36"
94.69.114.17 - - [05/Apr/2023:08:57:30 +0300] "GET /wp-content/uploads/2021/06/mobile-design-phone-3.png HTTP/2.0" 200 250232 "https://progressnet.gr/mobile-app-apo-tin-idea-sti-praxi/" "Mozilla/5.0 (Windows NT 10.0; Win64; x64) AppleWebKit/537.36 (KHTML, like Gecko) Chrome/111.0.0.0 Safari/537.36"
94.69.114.17 - - [05/Apr/2023:08:58:13 +0300] "GET /wp-content/uploads/2020/11/mobile-%CE%B5%CF%86%CE%B1%CF%81%CE%BC%CE%BF%CE%B3%CE%AE-idea-to-action-5b.jpg HTTP/2.0" 200 59663 "https://progressnet.gr/mobile-app-apo-tin-idea-sti-praxi/" "Mozilla/5.0 (Windows NT 10.0; Win64; x64) AppleWebKit/537.36 (KHTML, like Gecko) Chrome/111.0.0.0 Safari/537.36"
94.69.114.17 - - [05/Apr/2023:08:59:40 +0300] "GET /wp-content/uploads/2020/11/mobile-%CE%B5%CF%86%CE%B1%CF%81%CE%BC%CE%BF%CE%B3%CE%AE-idea-to-action-7.jpg HTTP/2.0" 200 70298 "https://progressnet.gr/mobile-app-apo-tin-idea-sti-praxi/" "Mozilla/5.0 (Windows NT 10.0; Win64; x64) AppleWebKit/537.36 (KHTML, like Gecko) Chrome/111.0.0.0 Safari/537.36"
45.61.185.188 - - [05/Apr/2023:08:59:59 +0300] "GET /wp-login.php HTTP/1.1" 301 5 "-" "Mozilla/5.0 (Macintosh; Intel Mac OS X 10_9_4) AppleWebKit/537.78.2 (KHTML, like Gecko) Version/7.0.6 Safari/537.78.2"
83.149.118.149 - - [05/Apr/2023:09:00:08 +0300] "POST /wp-cron.php?doing_wp_cron=1680674408.6507151126861572265625 HTTP/1.1" 200 31 "https://progressnet.gr/wp-cron.php?doing_wp_cron=1680674408.6507151126861572265625" "WordPress/6.1.1; https://progressnet.gr"
45.61.185.188 - - [05/Apr/2023:09:00:08 +0300] "GET /wp-login.php HTTP/1.1" 200 12842 "-" "Mozilla/5.0 (Macintosh; Intel Mac OS X 10_9_4) AppleWebKit/537.78.2 (KHTML, like Gecko) Version/7.0.6 Safari/537.78.2"
45.61.185.188 - - [05/Apr/2023:09:00:14 +0300] "POST /wp-login.php HTTP/1.1" 301 5 "-" "Mozilla/5.0 (Macintosh; Intel Mac OS X 10_9_4) AppleWebKit/537.78.2 (KHTML, like Gecko) Version/7.0.6 Safari/537.78.2"
45.61.185.188 - - [05/Apr/2023:09:00:19 +0300] "GET /wp-login.php HTTP/1.1" 200 12847 "-" "Mozilla/5.0 (Macintosh; Intel Mac OS X 10_9_4) AppleWebKit/537.78.2 (KHTML, like Gecko) Version/7.0.6 Safari/537.78.2"
94.69.114.17 - - [05/Apr/2023:09:01:06 +0300] "GET /wp-content/uploads/2022/07/%CE%B5%CF%83%CF%80%CE%B1-%CF%88%CE%B7%CF%86%CE%B9%CE%B1%CE%BA%CE%B1-%CE%B5%CF%81%CE%B3%CE%B1%CE%BB%CE%B5%CE%AF%CE%B1-180x180.png HTTP/2.0" 200 46158 "https://progressnet.gr/mobile-app-apo-tin-idea-sti-praxi/" "Mozilla/5.0 (Windows NT 10.0; Win64; x64) AppleWebKit/537.36 (KHTML, like Gecko) Chrome/111.0.0.0 Safari/537.36"
94.69.114.17 - - [05/Apr/2023:09:01:06 +0300] "GET /wp-content/uploads/2021/11/mobile-app-make-money-featured-180x180.jpg HTTP/2.0" 200 39535 "https://progressnet.gr/mobile-app-apo-tin-idea-sti-praxi/" "Mozilla/5.0 (Windows NT 10.0; Win64; x64) AppleWebKit/537.36 (KHTML, like Gecko) Chrome/111.0.0.0 Safari/537.36"
83.149.118.149 - - [05/Apr/2023:09:02:16 +0300] "POST /wp-cron.php?doing_wp_cron=1680674535.8895220756530761718750 HTTP/1.1" 200 31 "https://progressnet.gr/wp-cron.php?doing_wp_cron=1680674535.8895220756530761718750" "WordPress/6.1.1; https://progressnet.gr"
185.15.196.34 - - [05/Apr/2023:09:02:16 +0300] "GET /wp-login.php HTTP/2.0" 200 3406 "http://progressnet.gr/wp-login.php" "Mozilla/5.0 (Windows NT 10.0; Win64; x64; rv:109.0) Gecko/20100101 Firefox/109.0"
185.15.196.34 - - [05/Apr/2023:09:02:20 +0300] "GET /wp-json/wp/v2/users HTTP/2.0" 200 255 "http://progressnet.gr/wp-login.php" "Mozilla/5.0 (Windows NT 10.0; Win64; x64; rv:109.0) Gecko/20100101 Firefox/109.0"
185.15.196.34 - - [05/Apr/2023:09:02:24 +0300] "POST /wp-login.php HTTP/2.0" 200 3552 "https://progressnet.gr/wp-login.php?redirect_to=https%3A%2F%2Fprogressnet.gr%2Fwp-admin%2F" "Mozilla/5.0 (Windows NT 10.0; Win64; x64; rv:109.0) Gecko/20100101 Firefox/109.0"
185.15.196.34 - - [05/Apr/2023:09:02:28 +0300] "POST /wp-login.php HTTP/2.0" 200 3620 "https://progressnet.gr/wp-login.php?redirect_to=https%3A%2F%2Fprogressnet.gr%2Fwp-admin%2F" "Mozilla/5.0 (Windows NT 10.0; Win64; x64; rv:109.0) Gecko/20100101 Firefox/109.0"
83.149.118.149 - - [05/Apr/2023:09:02:59 +0300] "POST /wp-cron.php?doing_wp_cron=1680674578.9965069293975830078125 HTTP/1.1" 200 31 "https://progressnet.gr/wp-cron.php?doing_wp_cron=1680674578.9965069293975830078125" "WordPress/6.1.1; https://progressnet.gr"
94.69.114.17 - - [05/Apr/2023:09:02:59 +0300] "GET /app-cost-calculator HTTP/2.0" 301 0 "https://progressnet.gr/mobile-app-apo-tin-idea-sti-praxi/" "Mozilla/5.0 (Windows NT 10.0; Win64; x64) AppleWebKit/537.36 (KHTML, like Gecko) Chrome/111.0.0.0 Safari/537.36"
94.69.114.17 - - [05/Apr/2023:09:02:59 +0300] "GET /app-cost-calculator/ HTTP/2.0" 200 18679 "https://progressnet.gr/mobile-app-apo-tin-idea-sti-praxi/" "Mozilla/5.0 (Windows NT 10.0; Win64; x64) AppleWebKit/537.36 (KHTML, like Gecko) Chrome/111.0.0.0 Safari/537.36"
94.69.114.17 - - [05/Apr/2023:09:02:59 +0300] "GET /wp-content/cache/minify/43227.css HTTP/2.0" 200 4041 "https://progressnet.gr/app-cost-calculator/" "Mozilla/5.0 (Windows NT 10.0; Win64; x64) AppleWebKit/537.36 (KHTML, like Gecko) Chrome/111.0.0.0 Safari/537.36"
94.69.114.17 - - [05/Apr/2023:09:02:59 +0300] "GET /wp-content/cache/minify/fc220.js HTTP/2.0" 200 90166 "https://progressnet.gr/app-cost-calculator/" "Mozilla/5.0 (Windows NT 10.0; Win64; x64) AppleWebKit/537.36 (KHTML, like Gecko) Chrome/111.0.0.0 Safari/537.36"
94.69.114.17 - - [05/Apr/2023:09:02:59 +0300] "GET /wp-content/cache/minify/d4e12.js HTTP/2.0" 200 76826 "https://progressnet.gr/app-cost-calculator/" "Mozilla/5.0 (Windows NT 10.0; Win64; x64) AppleWebKit/537.36 (KHTML, like Gecko) Chrome/111.0.0.0 Safari/537.36"
94.69.114.17 - - [05/Apr/2023:09:03:03 +0300] "GET /wp-json/progressnet/v1/data?name=steps HTTP/2.0" 200 2265 "https://progressnet.gr/app-cost-calculator/" "Mozilla/5.0 (Windows NT 10.0; Win64; x64) AppleWebKit/537.36 (KHTML, like Gecko) Chrome/111.0.0.0 Safari/537.36"
94.69.114.17 - - [05/Apr/2023:09:03:03 +0300] "GET /app_img.png HTTP/2.0" 200 107152 "https://progressnet.gr/app-cost-calculator/" "Mozilla/5.0 (Windows NT 10.0; Win64; x64) AppleWebKit/537.36 (KHTML, like Gecko) Chrome/111.0.0.0 Safari/537.36"
94.69.114.17 - - [05/Apr/2023:09:03:10 +0300] "GET /wp-content/uploads/2021/07/pricing-android-logo.png HTTP/2.0" 200 6138 "https://progressnet.gr/app-cost-calculator/" "Mozilla/5.0 (Windows NT 10.0; Win64; x64) AppleWebKit/537.36 (KHTML, like Gecko) Chrome/111.0.0.0 Safari/537.36"
94.69.114.17 - - [05/Apr/2023:09:03:12 +0300] "GET /wp-content/uploads/2021/07/pricing-ios-logo.png HTTP/2.0" 200 6109 "https://progressnet.gr/app-cost-calculator/" "Mozilla/5.0 (Windows NT 10.0; Win64; x64) AppleWebKit/537.36 (KHTML, like Gecko) Chrome/111.0.0.0 Safari/537.36"
94.69.114.17 - - [05/Apr/2023:09:03:12 +0300] "GET /wp-content/uploads/2021/07/pricing-android-ios.png HTTP/2.0" 200 7477 "https://progressnet.gr/app-cost-calculator/" "Mozilla/5.0 (Windows NT 10.0; Win64; x64) AppleWebKit/537.36 (KHTML, like Gecko) Chrome/111.0.0.0 Safari/537.36"
94.69.114.17 - - [05/Apr/2023:09:03:16 +0300] "GET /wp-content/uploads/2021/07/pricing-dk.png HTTP/2.0" 200 14605 "https://progressnet.gr/app-cost-calculator/" "Mozilla/5.0 (Windows NT 10.0; Win64; x64) AppleWebKit/537.36 (KHTML, like Gecko) Chrome/111.0.0.0 Safari/537.36"
94.69.114.17 - - [05/Apr/2023:09:03:16 +0300] "GET /wp-content/uploads/2021/07/pricing-login.png HTTP/2.0" 200 8814 "https://progressnet.gr/app-cost-calculator/" "Mozilla/5.0 (Windows NT 10.0; Win64; x64) AppleWebKit/537.36 (KHTML, like Gecko) Chrome/111.0.0.0 Safari/537.36"
94.69.114.17 - - [05/Apr/2023:09:03:16 +0300] "GET /wp-content/uploads/2021/07/pricing-google.png HTTP/2.0" 200 9276 "https://progressnet.gr/app-cost-calculator/" "Mozilla/5.0 (Windows NT 10.0; Win64; x64) AppleWebKit/537.36 (KHTML, like Gecko) Chrome/111.0.0.0 Safari/537.36"
94.69.114.17 - - [05/Apr/2023:09:03:16 +0300] "GET /wp-content/uploads/2021/07/pricing-without.png HTTP/2.0" 200 6139 "https://progressnet.gr/app-cost-calculator/" "Mozilla/5.0 (Windows NT 10.0; Win64; x64) AppleWebKit/537.36 (KHTML, like Gecko) Chrome/111.0.0.0 Safari/537.36"
209.141.62.124 - - [05/Apr/2023:09:03:37 +0300] "GET /wp-login.php HTTP/1.1" 301 5 "-" "Mozilla/5.0 (Macintosh; Intel Mac OS X 10_9_0) AppleWebKit/537.36 (KHTML, like Gecko) Chrome/36.0.1985.125 Safari/537.36"
94.69.114.17 - - [05/Apr/2023:09:03:46 +0300] "GET /wp-content/uploads/2021/07/pricing-user-profile.png HTTP/2.0" 200 8332 "https://progressnet.gr/app-cost-calculator/" "Mozilla/5.0 (Windows NT 10.0; Win64; x64) AppleWebKit/537.36 (KHTML, like Gecko) Chrome/111.0.0.0 Safari/537.36"
209.141.62.124 - - [05/Apr/2023:09:03:56 +0300] "GET /wp-login.php HTTP/1.1" 200 12847 "-" "Mozilla/5.0 (Macintosh; Intel Mac OS X 10_9_0) AppleWebKit/537.36 (KHTML, like Gecko) Chrome/36.0.1985.125 Safari/537.36"
209.141.62.124 - - [05/Apr/2023:09:03:57 +0300] "POST /wp-login.php HTTP/1.1" 301 5 "-" "Mozilla/5.0 (Macintosh; Intel Mac OS X 10_9_0) AppleWebKit/537.36 (KHTML, like Gecko) Chrome/36.0.1985.125 Safari/537.36"
94.69.114.17 - - [05/Apr/2023:09:04:00 +0300] "GET /wp-content/uploads/2021/07/pricing-payments.png HTTP/2.0" 200 5086 "https://progressnet.gr/app-cost-calculator/" "Mozilla/5.0 (Windows NT 10.0; Win64; x64) AppleWebKit/537.36 (KHTML, like Gecko) Chrome/111.0.0.0 Safari/537.36"
83.149.118.149 - - [05/Apr/2023:09:04:01 +0300] "POST /wp-cron.php?doing_wp_cron=1680674641.6629838943481445312500 HTTP/1.1" 200 31 "https://progressnet.gr/wp-cron.php?doing_wp_cron=1680674641.6629838943481445312500" "WordPress/6.1.1; https://progressnet.gr"
209.141.62.124 - - [05/Apr/2023:09:04:01 +0300] "GET /wp-login.php HTTP/1.1" 200 12842 "-" "Mozilla/5.0 (Macintosh; Intel Mac OS X 10_9_0) AppleWebKit/537.36 (KHTML, like Gecko) Chrome/36.0.1985.125 Safari/537.36"
94.69.114.17 - - [05/Apr/2023:09:04:20 +0300] "GET /wp-content/uploads/2021/07/pricing-integration-3rd-party.png HTTP/2.0" 200 5731 "https://progressnet.gr/app-cost-calculator/" "Mozilla/5.0 (Windows NT 10.0; Win64; x64) AppleWebKit/537.36 (KHTML, like Gecko) Chrome/111.0.0.0 Safari/537.36"
62.1.154.38 - - [05/Apr/2023:09:04:33 +0300] "GET /wp-content/uploads/2020/11/progressnet-logo-1.png HTTP/2.0" 200 6776 "https://www.attikovet.gr/" "Mozilla/5.0 (Linux; Android 12; Redmi Note 9 Pro Build/SKQ1.211019.001; wv) AppleWebKit/537.36 (KHTML, like Gecko) Version/4.0 Chrome/111.0.5563.116 Mobile Safari/537.36 [FB_IAB/FB4A;FBAV/408.1.0.36.103;]"
62.1.154.38 - - [05/Apr/2023:09:04:36 +0300] "GET /wp-content/uploads/2020/11/progressnet-logo-1.png HTTP/2.0" 200 6776 "fbapp://350685531728/unknown" "[FBAN/FB4A;FBAV/408.1.0.36.103;FBBV/460978449;FBDM/{density=2.75,width=1080,height=2168};FBLC/el_GR;FBRV/462674486;FBCR/COSMOTE;FBMF/Xiaomi;FBBD/Redmi;FBPN/com.facebook.katana;FBDV/Redmi Note 9 Pro;FBSV/12;FBOP/1;FBCA/arm64-v8a:;]"
94.69.114.17 - - [05/Apr/2023:09:04:37 +0300] "GET /wp-content/uploads/2021/07/pricing-designs.png HTTP/2.0" 200 5690 "https://progressnet.gr/app-cost-calculator/" "Mozilla/5.0 (Windows NT 10.0; Win64; x64) AppleWebKit/537.36 (KHTML, like Gecko) Chrome/111.0.0.0 Safari/537.36"
94.69.114.17 - - [05/Apr/2023:09:04:51 +0300] "GET /wp-content/uploads/2021/07/pricing-dashboard.png HTTP/2.0" 200 6390 "https://progressnet.gr/app-cost-calculator/" "Mozilla/5.0 (Windows NT 10.0; Win64; x64) AppleWebKit/537.36 (KHTML, like Gecko) Chrome/111.0.0.0 Safari/537.36"
116.62.155.4 - - [05/Apr/2023:09:04:51 +0300] "POST /xmlrpc.php HTTP/1.1" 200 443 "-" "Mozilla/5.0 (Windows NT 10.0; Win64; x64; rv:96.0) Gecko/20100101 Firefox/96"
94.69.114.17 - - [05/Apr/2023:09:05:15 +0300] "GET /wp-content/uploads/2021/07/pricing-budget-4.png HTTP/2.0" 200 4472 "https://progressnet.gr/app-cost-calculator/" "Mozilla/5.0 (Windows NT 10.0; Win64; x64) AppleWebKit/537.36 (KHTML, like Gecko) Chrome/111.0.0.0 Safari/537.36"
94.69.114.17 - - [05/Apr/2023:09:05:15 +0300] "GET /wp-content/uploads/2021/07/pricing-budget-5.png HTTP/2.0" 200 4989 "https://progressnet.gr/app-cost-calculator/" "Mozilla/5.0 (Windows NT 10.0; Win64; x64) AppleWebKit/537.36 (KHTML, like Gecko) Chrome/111.0.0.0 Safari/537.36"
94.69.114.17 - - [05/Apr/2023:09:05:15 +0300] "GET /wp-content/uploads/2021/07/pricing-budget-1.png HTTP/2.0" 200 4719 "https://progressnet.gr/app-cost-calculator/" "Mozilla/5.0 (Windows NT 10.0; Win64; x64) AppleWebKit/537.36 (KHTML, like Gecko) Chrome/111.0.0.0 Safari/537.36"
94.69.114.17 - - [05/Apr/2023:09:05:15 +0300] "GET /wp-content/uploads/2021/07/pricing-budget-2.png HTTP/2.0" 200 4638 "https://progressnet.gr/app-cost-calculator/" "Mozilla/5.0 (Windows NT 10.0; Win64; x64) AppleWebKit/537.36 (KHTML, like Gecko) Chrome/111.0.0.0 Safari/537.36"
94.69.114.17 - - [05/Apr/2023:09:05:15 +0300] "GET /wp-content/uploads/2021/07/pricing-budget-3.png HTTP/2.0" 200 4576 "https://progressnet.gr/app-cost-calculator/" "Mozilla/5.0 (Windows NT 10.0; Win64; x64) AppleWebKit/537.36 (KHTML, like Gecko) Chrome/111.0.0.0 Safari/537.36"
94.69.114.17 - - [05/Apr/2023:09:05:29 +0300] "GET /wp-content/uploads/2021/07/pricing-time-1.png HTTP/2.0" 200 6961 "https://progressnet.gr/app-cost-calculator/" "Mozilla/5.0 (Windows NT 10.0; Win64; x64) AppleWebKit/537.36 (KHTML, like Gecko) Chrome/111.0.0.0 Safari/537.36"
94.69.114.17 - - [05/Apr/2023:09:05:29 +0300] "GET /wp-content/uploads/2021/07/pricing-time-2.png HTTP/2.0" 200 6196 "https://progressnet.gr/app-cost-calculator/" "Mozilla/5.0 (Windows NT 10.0; Win64; x64) AppleWebKit/537.36 (KHTML, like Gecko) Chrome/111.0.0.0 Safari/537.36"
94.69.114.17 - - [05/Apr/2023:09:05:29 +0300] "GET /wp-content/uploads/2021/07/pricing-time-3.png HTTP/2.0" 200 5790 "https://progressnet.gr/app-cost-calculator/" "Mozilla/5.0 (Windows NT 10.0; Win64; x64) AppleWebKit/537.36 (KHTML, like Gecko) Chrome/111.0.0.0 Safari/537.36"
83.149.118.149 - - [05/Apr/2023:09:08:37 +0300] "POST /wp-cron.php?doing_wp_cron=1680674916.8833110332489013671875 HTTP/1.1" 200 31 "https://progressnet.gr/wp-cron.php?doing_wp_cron=1680674916.8833110332489013671875" "WordPress/6.1.1; https://progressnet.gr"
91.134.248.192 - - [05/Apr/2023:09:08:37 +0300] "GET /wp-login.php HTTP/2.0" 200 3405 "http://progressnet.gr/wp-login.php" "Mozilla/5.0 (Windows NT 10.0; Win64; x64; rv:109.0) Gecko/20100101 Firefox/109.0"
91.134.248.192 - - [05/Apr/2023:09:08:42 +0300] "GET /wp-json/wp/v2/users HTTP/2.0" 200 255 "http://progressnet.gr/wp-login.php" "Mozilla/5.0 (Windows NT 10.0; Win64; x64; rv:109.0) Gecko/20100101 Firefox/109.0"
91.134.248.192 - - [05/Apr/2023:09:08:46 +0300] "POST /wp-login.php HTTP/2.0" 200 3551 "https://progressnet.gr/wp-login.php?redirect_to=https%3A%2F%2Fprogressnet.gr%2Fwp-admin%2F" "Mozilla/5.0 (Windows NT 10.0; Win64; x64; rv:109.0) Gecko/20100101 Firefox/109.0"
91.134.248.192 - - [05/Apr/2023:09:08:49 +0300] "POST /wp-login.php HTTP/2.0" 200 3618 "https://progressnet.gr/wp-login.php?redirect_to=https%3A%2F%2Fprogressnet.gr%2Fwp-admin%2F" "Mozilla/5.0 (Windows NT 10.0; Win64; x64; rv:109.0) Gecko/20100101 Firefox/109.0"
37.6.66.18 - - [05/Apr/2023:09:11:10 +0300] "GET /wp-content/uploads/2020/11/progressnet-logo-1.png HTTP/2.0" 200 6776 "https://www.attikovet.gr/" "Mozilla/5.0 (Windows NT 10.0; Win64; x64) AppleWebKit/537.36 (KHTML, like Gecko) Chrome/111.0.0.0 Safari/537.36"
83.149.118.149 - - [05/Apr/2023:09:14:54 +0300] "POST /wp-cron.php?doing_wp_cron=1680675294.6143848896026611328125 HTTP/1.1" 200 31 "https://progressnet.gr/wp-cron.php?doing_wp_cron=1680675294.6143848896026611328125" "WordPress/6.1.1; https://progressnet.gr"
20.58.62.175 - - [05/Apr/2023:09:14:54 +0300] "POST /xmlrpc.php HTTP/1.1" 200 443 "-" "Mozilla/5.0 (Windows NT 10.0; Win64; x64; rv:96.0) Gecko/20100101 Firefox/96"
47.98.131.103 - - [05/Apr/2023:09:16:09 +0300] "GET / HTTP/1.1" 200 31412 "http://www.progressnet.dev" "Mozilla/5.0 (Windows NT 10.0; WOW64; Trident/7.0; rv:11.0) like Gecko"
85.73.216.157 - - [05/Apr/2023:09:16:26 +0300] "GET /wp-content/uploads/2020/11/progressnet-logo-1.png HTTP/2.0" 200 6776 "https://www.attikovet.gr/" "Mozilla/5.0 (Linux; Android 10; K) AppleWebKit/537.36 (KHTML, like Gecko) Chrome/111.0.0.0 Mobile Safari/537.36"
205.185.116.249 - - [05/Apr/2023:09:19:39 +0300] "GET /wp-login.php HTTP/1.1" 301 5 "-" "Mozilla/5.0 (Macintosh; Intel Mac OS X 10_8_5) AppleWebKit/537.77.4 (KHTML, like Gecko) Version/6.1.5 Safari/537.77.4"
83.149.118.149 - - [05/Apr/2023:09:19:43 +0300] "POST /wp-cron.php?doing_wp_cron=1680675583.4883460998535156250000 HTTP/1.1" 200 31 "https://progressnet.gr/wp-cron.php?doing_wp_cron=1680675583.4883460998535156250000" "WordPress/6.1.1; https://progressnet.gr"
