83.149.118.149 - - [05/Apr/2023:04:34:35 +0300] "POST /wp-cron.php?doing_wp_cron=1680658475.6598451137542724609375 HTTP/1.1" 200 31 "https://progressnet.gr/wp-cron.php?doing_wp_cron=1680658475.6598451137542724609375" "WordPress/6.1.1; https://progressnet.gr"
5.188.62.26 - - [05/Apr/2023:04:34:35 +0300] "GET /wp-login.php?wp_lang=en_US HTTP/1.1" 200 2871 "-" "Mozilla/5.0 (Windows NT 6.1; WOW64) AppleWebKit/537.36 (KHTML, like Gecko) Chrome/100.0.4895.86 Safari/537.36"
5.188.62.26 - - [05/Apr/2023:04:34:41 +0300] "POST /wp-login.php?wp_lang=en_US HTTP/1.1" 200 2993 "-" "Mozilla/5.0 (Windows NT 6.1; WOW64) AppleWebKit/537.36 (KHTML, like Gecko) Chrome/100.0.4895.86 Safari/537.36"
20.210.183.226 - - [05/Apr/2023:04:48:56 +0300] "POST //wp-login.php HTTP/1.1" 200 13366 "https://progressnet.gr//wp-login.php" "Mozilla/5.0 (Windows NT 10.0; Win64; x64) AppleWebKit/537.36 (KHTML, like Gecko) Chrome/89.0.4389.114 Safari/537.36"
83.149.118.149 - - [05/Apr/2023:04:48:56 +0300] "POST /wp-cron.php?doing_wp_cron=1680659336.6535930633544921875000 HTTP/1.1" 200 31 "https://progressnet.gr/wp-cron.php?doing_wp_cron=1680659336.6535930633544921875000" "WordPress/6.1.1; https://progressnet.gr"
20.210.183.226 - - [05/Apr/2023:04:48:56 +0300] "POST //wp-login.php HTTP/1.1" 200 13361 "https://progressnet.gr//wp-login.php" "Mozilla/5.0 (Windows NT 10.0; Win64; x64) AppleWebKit/537.36 (KHTML, like Gecko) Chrome/89.0.4389.114 Safari/537.36"
20.210.183.226 - - [05/Apr/2023:04:49:06 +0300] "POST //wp-login.php HTTP/1.1" 200 13366 "https://progressnet.gr//wp-login.php" "Mozilla/5.0 (Windows NT 10.0; Win64; x64) AppleWebKit/537.36 (KHTML, like Gecko) Chrome/89.0.4389.114 Safari/537.36"
20.210.183.226 - - [05/Apr/2023:04:49:06 +0300] "POST //wp-login.php HTTP/1.1" 200 13366 "https://progressnet.gr//wp-login.php" "Mozilla/5.0 (Windows NT 10.0; Win64; x64) AppleWebKit/537.36 (KHTML, like Gecko) Chrome/89.0.4389.114 Safari/537.36"
83.149.118.149 - - [05/Apr/2023:04:50:16 +0300] "POST /wp-cron.php?doing_wp_cron=1680659416.2838768959045410156250 HTTP/1.1" 200 31 "https://progressnet.gr/wp-cron.php?doing_wp_cron=1680659416.2838768959045410156250" "WordPress/6.1.1; https://progressnet.gr"
171.220.243.119 - - [05/Apr/2023:04:50:16 +0300] "GET //index.php?m=admin&c=index&a=login&dosubmit=1 HTTP/1.1" 301 5 "-" "Mozilla/5.0 (Windows NT 10.0; WOW64; rv:48.0) Gecko/20100101 Firefox/48.0"
171.220.243.119 - - [05/Apr/2023:04:50:23 +0300] "GET /?m=admin&c=index&a=login&dosubmit=1 HTTP/1.1" 200 20082 "-" "Mozilla/5.0 (Windows NT 10.0; WOW64; rv:48.0) Gecko/20100101 Firefox/48.0"
46.105.29.21 - - [05/Apr/2023:04:50:39 +0300] "POST /wp-login.php HTTP/1.1" 200 3970 "-" "Mozilla/5.0 (Windows NT 10.0; WOW64) AppleWebKit/537.36 (KHTML, like Gecko) Chrome/55.0.2883.87 Safari/537.36"
79.124.59.162 - - [05/Apr/2023:04:56:31 +0300] "GET / HTTP/1.1" 200 31412 "https://www.progressnet.dev" "Mozilla/5.0 (Macintosh; Intel Mac OS X 10_8_3) AppleWebKit/537.36 (KHTML, like Gecko) Chrome/54.0.2866.71 Safari/537.36"
83.149.118.149 - - [05/Apr/2023:04:56:45 +0300] "POST /wp-cron.php?doing_wp_cron=1680659805.6829059123992919921875 HTTP/1.1" 200 31 "https://progressnet.gr/wp-cron.php?doing_wp_cron=1680659805.6829059123992919921875" "WordPress/6.1.1; https://progressnet.gr"
79.124.59.162 - - [05/Apr/2023:04:56:48 +0300] "GET /config/default.json HTTP/1.1" 404 14629 "https://www.progressnet.dev/config/default.json" "Mozilla/5.0 (X11; Linux x86_64) AppleWebKit/537.36 (KHTML, like Gecko) Chrome/34.0.1847.137 Safari/4E423F"
83.149.118.149 - - [05/Apr/2023:04:57:02 +0300] "POST /wp-cron.php?doing_wp_cron=1680659822.4485468864440917968750 HTTP/1.1" 200 31 "https://progressnet.gr/wp-cron.php?doing_wp_cron=1680659822.4485468864440917968750" "WordPress/6.1.1; https://progressnet.gr"
79.124.59.162 - - [05/Apr/2023:04:57:05 +0300] "GET /config/config.json HTTP/1.1" 404 14629 "https://www.progressnet.dev/config/config.json" "Mozilla/5.0 (X11; Ubuntu; Linux x86_64) AppleWebKit/537.36 (KHTML, like Gecko) Chrome/55.0.2919.83 Safari/537.36"
79.124.59.162 - - [05/Apr/2023:04:57:24 +0300] "GET /config.json HTTP/1.1" 404 14610 "https://www.progressnet.dev/config.json" "Mozilla/5.0 (Windows NT 6.1; WOW64) AppleWebKit/537.36 (KHTML, like Gecko) Chrome/36.0.1985.67 Safari/537.36"
69.4.89.106 - - [05/Apr/2023:04:57:32 +0300] "GET / HTTP/1.1" 200 267392 "-" "Mozilla/5.0 (Macintosh; Intel Mac OS X 10_12_6) AppleWebKit/537.36 (KHTML, like Gecko) Chrome/64.0.3282.186 Safari/537.36"
79.124.59.162 - - [05/Apr/2023:04:57:41 +0300] "GET /credentials/config.json HTTP/1.1" 404 14611 "https://www.progressnet.dev/credentials/config.json" "Mozilla/5.0 (X11; OpenBSD i386) AppleWebKit/537.36 (KHTML, like Gecko) Chrome/36.0.1985.125 Safari/537.36"
79.124.59.162 - - [05/Apr/2023:04:57:57 +0300] "GET /.env.bak HTTP/1.1" 404 14610 "https://www.progressnet.dev/.env.bak" "Mozilla/5.0 (X11; Ubuntu; Linux i686 on x86_64) AppleWebKit/537.36 (KHTML, like Gecko) Chrome/53.0.2820.59 Safari/537.36"
85.74.230.28 - - [05/Apr/2023:04:58:03 +0300] "GET /%CF%80%CF%89%CF%82-%CE%BC%CF%80%CE%BF%CF%81%CE%B5%CE%AF-%CE%BC%CE%B9%CE%B1-%CE%B5%CF%86%CE%B1%CF%81%CE%BC%CE%BF%CE%B3%CE%AE-%CE%B3%CE%B9%CE%B1-%CE%BA%CE%B9%CE%BD%CE%B7%CF%84%CE%AC-%CE%BD%CE%B1-%CF%80/ HTTP/2.0" 200 28899 "https://www.google.com/" "Mozilla/5.0 (Linux; Android 11; RMX3623) AppleWebKit/537.36 (KHTML, like Gecko) Chrome/111.0.0.0 Mobile Safari/537.36"
85.74.230.28 - - [05/Apr/2023:04:58:03 +0300] "GET /wp-content/cache/minify/d7cb9.css HTTP/2.0" 200 11485 "https://progressnet.gr/%CF%80%CF%89%CF%82-%CE%BC%CF%80%CE%BF%CF%81%CE%B5%CE%AF-%CE%BC%CE%B9%CE%B1-%CE%B5%CF%86%CE%B1%CF%81%CE%BC%CE%BF%CE%B3%CE%AE-%CE%B3%CE%B9%CE%B1-%CE%BA%CE%B9%CE%BD%CE%B7%CF%84%CE%AC-%CE%BD%CE%B1-%CF%80/" "Mozilla/5.0 (Linux; Android 11; RMX3623) AppleWebKit/537.36 (KHTML, like Gecko) Chrome/111.0.0.0 Mobile Safari/537.36"
85.74.230.28 - - [05/Apr/2023:04:58:03 +0300] "GET /wp-content/cache/minify/4eebb.css HTTP/2.0" 200 9743 "https://progressnet.gr/%CF%80%CF%89%CF%82-%CE%BC%CF%80%CE%BF%CF%81%CE%B5%CE%AF-%CE%BC%CE%B9%CE%B1-%CE%B5%CF%86%CE%B1%CF%81%CE%BC%CE%BF%CE%B3%CE%AE-%CE%B3%CE%B9%CE%B1-%CE%BA%CE%B9%CE%BD%CE%B7%CF%84%CE%AC-%CE%BD%CE%B1-%CF%80/" "Mozilla/5.0 (Linux; Android 11; RMX3623) AppleWebKit/537.36 (KHTML, like Gecko) Chrome/111.0.0.0 Mobile Safari/537.36"
85.74.230.28 - - [05/Apr/2023:04:58:03 +0300] "GET /wp-content/cache/minify/f6198.css HTTP/2.0" 200 43357 "https://progressnet.gr/%CF%80%CF%89%CF%82-%CE%BC%CF%80%CE%BF%CF%81%CE%B5%CE%AF-%CE%BC%CE%B9%CE%B1-%CE%B5%CF%86%CE%B1%CF%81%CE%BC%CE%BF%CE%B3%CE%AE-%CE%B3%CE%B9%CE%B1-%CE%BA%CE%B9%CE%BD%CE%B7%CF%84%CE%AC-%CE%BD%CE%B1-%CF%80/" "Mozilla/5.0 (Linux; Android 11; RMX3623) AppleWebKit/537.36 (KHTML, like Gecko) Chrome/111.0.0.0 Mobile Safari/537.36"
85.74.230.28 - - [05/Apr/2023:04:58:03 +0300] "GET /wp-content/cache/minify/47146.js HTTP/2.0" 200 152326 "https://progressnet.gr/%CF%80%CF%89%CF%82-%CE%BC%CF%80%CE%BF%CF%81%CE%B5%CE%AF-%CE%BC%CE%B9%CE%B1-%CE%B5%CF%86%CE%B1%CF%81%CE%BC%CE%BF%CE%B3%CE%AE-%CE%B3%CE%B9%CE%B1-%CE%BA%CE%B9%CE%BD%CE%B7%CF%84%CE%AC-%CE%BD%CE%B1-%CF%80/" "Mozilla/5.0 (Linux; Android 11; RMX3623) AppleWebKit/537.36 (KHTML, like Gecko) Chrome/111.0.0.0 Mobile Safari/537.36"
85.74.230.28 - - [05/Apr/2023:04:58:06 +0300] "GET /wp-content/cache/minify/322cf.css HTTP/2.0" 200 19007 "https://progressnet.gr/%CF%80%CF%89%CF%82-%CE%BC%CF%80%CE%BF%CF%81%CE%B5%CE%AF-%CE%BC%CE%B9%CE%B1-%CE%B5%CF%86%CE%B1%CF%81%CE%BC%CE%BF%CE%B3%CE%AE-%CE%B3%CE%B9%CE%B1-%CE%BA%CE%B9%CE%BD%CE%B7%CF%84%CE%AC-%CE%BD%CE%B1-%CF%80/" "Mozilla/5.0 (Linux; Android 11; RMX3623) AppleWebKit/537.36 (KHTML, like Gecko) Chrome/111.0.0.0 Mobile Safari/537.36"
85.74.230.28 - - [05/Apr/2023:04:58:06 +0300] "GET /wp-content/cache/minify/3ff94.css HTTP/2.0" 200 13054 "https://progressnet.gr/%CF%80%CF%89%CF%82-%CE%BC%CF%80%CE%BF%CF%81%CE%B5%CE%AF-%CE%BC%CE%B9%CE%B1-%CE%B5%CF%86%CE%B1%CF%81%CE%BC%CE%BF%CE%B3%CE%AE-%CE%B3%CE%B9%CE%B1-%CE%BA%CE%B9%CE%BD%CE%B7%CF%84%CE%AC-%CE%BD%CE%B1-%CF%80/" "Mozilla/5.0 (Linux; Android 11; RMX3623) AppleWebKit/537.36 (KHTML, like Gecko) Chrome/111.0.0.0 Mobile Safari/537.36"
85.74.230.28 - - [05/Apr/2023:04:58:06 +0300] "GET /wp-content/cache/minify/1f540.js HTTP/2.0" 200 2906 "https://progressnet.gr/%CF%80%CF%89%CF%82-%CE%BC%CF%80%CE%BF%CF%81%CE%B5%CE%AF-%CE%BC%CE%B9%CE%B1-%CE%B5%CF%86%CE%B1%CF%81%CE%BC%CE%BF%CE%B3%CE%AE-%CE%B3%CE%B9%CE%B1-%CE%BA%CE%B9%CE%BD%CE%B7%CF%84%CE%AC-%CE%BD%CE%B1-%CF%80/" "Mozilla/5.0 (Linux; Android 11; RMX3623) AppleWebKit/537.36 (KHTML, like Gecko) Chrome/111.0.0.0 Mobile Safari/537.36"
85.74.230.28 - - [05/Apr/2023:04:58:07 +0300] "GET /wp-content/cache/minify/1aea4.css HTTP/2.0" 200 116852 "https://progressnet.gr/%CF%80%CF%89%CF%82-%CE%BC%CF%80%CE%BF%CF%81%CE%B5%CE%AF-%CE%BC%CE%B9%CE%B1-%CE%B5%CF%86%CE%B1%CF%81%CE%BC%CE%BF%CE%B3%CE%AE-%CE%B3%CE%B9%CE%B1-%CE%BA%CE%B9%CE%BD%CE%B7%CF%84%CE%AC-%CE%BD%CE%B1-%CF%80/" "Mozilla/5.0 (Linux; Android 11; RMX3623) AppleWebKit/537.36 (KHTML, like Gecko) Chrome/111.0.0.0 Mobile Safari/537.36"
85.74.230.28 - - [05/Apr/2023:04:58:07 +0300] "GET /wp-content/cache/minify/ad81d.js HTTP/2.0" 200 22935 "https://progressnet.gr/%CF%80%CF%89%CF%82-%CE%BC%CF%80%CE%BF%CF%81%CE%B5%CE%AF-%CE%BC%CE%B9%CE%B1-%CE%B5%CF%86%CE%B1%CF%81%CE%BC%CE%BF%CE%B3%CE%AE-%CE%B3%CE%B9%CE%B1-%CE%BA%CE%B9%CE%BD%CE%B7%CF%84%CE%AC-%CE%BD%CE%B1-%CF%80/" "Mozilla/5.0 (Linux; Android 11; RMX3623) AppleWebKit/537.36 (KHTML, like Gecko) Chrome/111.0.0.0 Mobile Safari/537.36"
85.74.230.28 - - [05/Apr/2023:04:58:07 +0300] "GET /wp-content/cache/minify/545b0.js HTTP/2.0" 200 1957 "https://progressnet.gr/%CF%80%CF%89%CF%82-%CE%BC%CF%80%CE%BF%CF%81%CE%B5%CE%AF-%CE%BC%CE%B9%CE%B1-%CE%B5%CF%86%CE%B1%CF%81%CE%BC%CE%BF%CE%B3%CE%AE-%CE%B3%CE%B9%CE%B1-%CE%BA%CE%B9%CE%BD%CE%B7%CF%84%CE%AC-%CE%BD%CE%B1-%CF%80/" "Mozilla/5.0 (Linux; Android 11; RMX3623) AppleWebKit/537.36 (KHTML, like Gecko) Chrome/111.0.0.0 Mobile Safari/537.36"
85.74.230.28 - - [05/Apr/2023:04:58:07 +0300] "GET /wp-content/uploads/2020/11/progressnet-logo-1.png HTTP/2.0" 200 6776 "https://progressnet.gr/%CF%80%CF%89%CF%82-%CE%BC%CF%80%CE%BF%CF%81%CE%B5%CE%AF-%CE%BC%CE%B9%CE%B1-%CE%B5%CF%86%CE%B1%CF%81%CE%BC%CE%BF%CE%B3%CE%AE-%CE%B3%CE%B9%CE%B1-%CE%BA%CE%B9%CE%BD%CE%B7%CF%84%CE%AC-%CE%BD%CE%B1-%CF%80/" "Mozilla/5.0 (Linux; Android 11; RMX3623) AppleWebKit/537.36 (KHTML, like Gecko) Chrome/111.0.0.0 Mobile Safari/537.36"
85.74.230.28 - - [05/Apr/2023:04:58:07 +0300] "GET /wp-content/uploads/2021/11/ads-in-app.jpg HTTP/2.0" 200 81872 "https://progressnet.gr/%CF%80%CF%89%CF%82-%CE%BC%CF%80%CE%BF%CF%81%CE%B5%CE%AF-%CE%BC%CE%B9%CE%B1-%CE%B5%CF%86%CE%B1%CF%81%CE%BC%CE%BF%CE%B3%CE%AE-%CE%B3%CE%B9%CE%B1-%CE%BA%CE%B9%CE%BD%CE%B7%CF%84%CE%AC-%CE%BD%CE%B1-%CF%80/" "Mozilla/5.0 (Linux; Android 11; RMX3623) AppleWebKit/537.36 (KHTML, like Gecko) Chrome/111.0.0.0 Mobile Safari/537.36"
85.74.230.28 - - [05/Apr/2023:04:58:07 +0300] "GET /wp-content/themes/scape/library/fonts/fonts/scape-ui.ttf HTTP/2.0" 200 32128 "https://progressnet.gr/wp-content/cache/minify/f6198.css" "Mozilla/5.0 (Linux; Android 11; RMX3623) AppleWebKit/537.36 (KHTML, like Gecko) Chrome/111.0.0.0 Mobile Safari/537.36"
85.74.230.28 - - [05/Apr/2023:04:58:07 +0300] "GET /wp-content/uploads/2021/11/mobile-app-make-money-featured-750x525.jpg HTTP/2.0" 200 78159 "https://progressnet.gr/%CF%80%CF%89%CF%82-%CE%BC%CF%80%CE%BF%CF%81%CE%B5%CE%AF-%CE%BC%CE%B9%CE%B1-%CE%B5%CF%86%CE%B1%CF%81%CE%BC%CE%BF%CE%B3%CE%AE-%CE%B3%CE%B9%CE%B1-%CE%BA%CE%B9%CE%BD%CE%B7%CF%84%CE%AC-%CE%BD%CE%B1-%CF%80/" "Mozilla/5.0 (Linux; Android 11; RMX3623) AppleWebKit/537.36 (KHTML, like Gecko) Chrome/111.0.0.0 Mobile Safari/537.36"
85.74.230.28 - - [05/Apr/2023:04:58:08 +0300] "GET /wp-content/plugins/scape-core/include/icon-fonts/scape-basic/fonts/scape-basic.ttf HTTP/2.0" 200 221584 "https://progressnet.gr/wp-content/cache/minify/322cf.css" "Mozilla/5.0 (Linux; Android 11; RMX3623) AppleWebKit/537.36 (KHTML, like Gecko) Chrome/111.0.0.0 Mobile Safari/537.36"
85.74.230.28 - - [05/Apr/2023:04:58:08 +0300] "GET /wp-content/plugins/scape-core/include/icon-fonts/scape-devices/fonts/scape-devices.ttf HTTP/2.0" 200 96488 "https://progressnet.gr/wp-content/cache/minify/322cf.css" "Mozilla/5.0 (Linux; Android 11; RMX3623) AppleWebKit/537.36 (KHTML, like Gecko) Chrome/111.0.0.0 Mobile Safari/537.36"
85.74.230.28 - - [05/Apr/2023:04:58:08 +0300] "GET /wp-content/cache/minify/cdecc.js HTTP/2.0" 200 83471 "https://progressnet.gr/%CF%80%CF%89%CF%82-%CE%BC%CF%80%CE%BF%CF%81%CE%B5%CE%AF-%CE%BC%CE%B9%CE%B1-%CE%B5%CF%86%CE%B1%CF%81%CE%BC%CE%BF%CE%B3%CE%AE-%CE%B3%CE%B9%CE%B1-%CE%BA%CE%B9%CE%BD%CE%B7%CF%84%CE%AC-%CE%BD%CE%B1-%CF%80/" "Mozilla/5.0 (Linux; Android 11; RMX3623) AppleWebKit/537.36 (KHTML, like Gecko) Chrome/111.0.0.0 Mobile Safari/537.36"
85.74.230.28 - - [05/Apr/2023:04:58:09 +0300] "GET /wp-content/uploads/2020/11/favicon.ico HTTP/2.0" 200 498 "https://progressnet.gr/%CF%80%CF%89%CF%82-%CE%BC%CF%80%CE%BF%CF%81%CE%B5%CE%AF-%CE%BC%CE%B9%CE%B1-%CE%B5%CF%86%CE%B1%CF%81%CE%BC%CE%BF%CE%B3%CE%AE-%CE%B3%CE%B9%CE%B1-%CE%BA%CE%B9%CE%BD%CE%B7%CF%84%CE%AC-%CE%BD%CE%B1-%CF%80/" "Mozilla/5.0 (Linux; Android 11; RMX3623) AppleWebKit/537.36 (KHTML, like Gecko) Chrome/111.0.0.0 Mobile Safari/537.36"
83.149.118.149 - - [05/Apr/2023:04:58:11 +0300] "POST /wp-cron.php?doing_wp_cron=1680659891.2352800369262695312500 HTTP/1.1" 200 31 "https://progressnet.gr/wp-cron.php?doing_wp_cron=1680659891.2352800369262695312500" "WordPress/6.1.1; https://progressnet.gr"
79.124.59.162 - - [05/Apr/2023:04:58:14 +0300] "GET /.env.production HTTP/1.1" 404 14630 "https://www.progressnet.dev/.env.production" "Mozilla/5.0 (Macintosh; Intel Mac OS X 10_8_4) AppleWebKit/537.36 (KHTML, like Gecko) Chrome/49.0.2656.18 Safari/537.36"
85.74.230.28 - - [05/Apr/2023:04:58:15 +0300] "GET /wp-content/uploads/2021/11/mobile-app-make-money-sindromes.jpg HTTP/2.0" 200 81511 "https://progressnet.gr/%CF%80%CF%89%CF%82-%CE%BC%CF%80%CE%BF%CF%81%CE%B5%CE%AF-%CE%BC%CE%B9%CE%B1-%CE%B5%CF%86%CE%B1%CF%81%CE%BC%CE%BF%CE%B3%CE%AE-%CE%B3%CE%B9%CE%B1-%CE%BA%CE%B9%CE%BD%CE%B7%CF%84%CE%AC-%CE%BD%CE%B1-%CF%80/" "Mozilla/5.0 (Linux; Android 11; RMX3623) AppleWebKit/537.36 (KHTML, like Gecko) Chrome/111.0.0.0 Mobile Safari/537.36"
85.74.230.28 - - [05/Apr/2023:04:58:16 +0300] "GET /wp-content/uploads/2021/11/mobile-app-make-money-shop.jpg HTTP/2.0" 200 74773 "https://progressnet.gr/%CF%80%CF%89%CF%82-%CE%BC%CF%80%CE%BF%CF%81%CE%B5%CE%AF-%CE%BC%CE%B9%CE%B1-%CE%B5%CF%86%CE%B1%CF%81%CE%BC%CE%BF%CE%B3%CE%AE-%CE%B3%CE%B9%CE%B1-%CE%BA%CE%B9%CE%BD%CE%B7%CF%84%CE%AC-%CE%BD%CE%B1-%CF%80/" "Mozilla/5.0 (Linux; Android 11; RMX3623) AppleWebKit/537.36 (KHTML, like Gecko) Chrome/111.0.0.0 Mobile Safari/537.36"
79.124.59.162 - - [05/Apr/2023:04:58:32 +0300] "GET /.env.example HTTP/1.1" 404 14609 "https://www.progressnet.dev/.env.example" "Mozilla/5.0 (Windows NT 5.1) AppleWebKit/537.36 (KHTML, like Gecko) Chrome/41.0.2224.3 Safari/537.36"
79.124.59.162 - - [05/Apr/2023:04:58:48 +0300] "GET /api/.env HTTP/1.1" 404 14611 "https://www.progressnet.dev/api/.env" "Mozilla/5.0 (X11; Ubuntu; Linux x86_64) AppleWebKit/537.36 (KHTML, like Gecko) Chrome/55.0.2919.83 Safari/537.36"
83.149.118.149 - - [05/Apr/2023:04:59:02 +0300] "POST /wp-cron.php?doing_wp_cron=1680659942.4291090965270996093750 HTTP/1.1" 200 31 "https://progressnet.gr/wp-cron.php?doing_wp_cron=1680659942.4291090965270996093750" "WordPress/6.1.1; https://progressnet.gr"
79.124.59.162 - - [05/Apr/2023:04:59:05 +0300] "GET /sendgrid.env HTTP/1.1" 404 14630 "https://www.progressnet.dev/sendgrid.env" "Mozilla/5.0 (Windows NT 10.0; Win64; x64) AppleWebKit/537.36 (KHTML, like Gecko) Chrome/89.0.4389.114 Safari/537.36"
54.36.148.195 - - [05/Apr/2023:04:59:12 +0300] "GET /robots.txt HTTP/2.0" 200 99 "-" "Mozilla/5.0 (compatible; AhrefsBot/7.0; +http://ahrefs.com/robot/)"
79.124.59.162 - - [05/Apr/2023:04:59:21 +0300] "GET /.env HTTP/1.1" 404 14611 "https://www.progressnet.dev/.env" "Mozilla/5.0 (X11; OpenBSD i386) AppleWebKit/537.36 (KHTML, like Gecko) Chrome/36.0.1985.125 Safari/537.36"
79.124.59.162 - - [05/Apr/2023:04:59:37 +0300] "GET /assets/app.config.json HTTP/1.1" 404 14610 "https://www.progressnet.dev/assets/app.config.json" "Mozilla/5.0 (Macintosh; Intel Mac OS X 10_10_1) AppleWebKit/537.36 (KHTML, like Gecko) Chrome/41.0.2227.1 Safari/537.36"
79.124.59.162 - - [05/Apr/2023:04:59:53 +0300] "GET /config.php.bak HTTP/1.1" 404 14610 "https://www.progressnet.dev/config.php.bak" "Mozilla/5.0 (Windows NT 6.3; WOW64) AppleWebKit/537.36 (KHTML, like Gecko) Chrome/41.0.2226.0 Safari/537.36"
83.149.118.149 - - [05/Apr/2023:05:00:07 +0300] "POST /wp-cron.php?doing_wp_cron=1680660007.4530611038208007812500 HTTP/1.1" 200 31 "https://progressnet.gr/wp-cron.php?doing_wp_cron=1680660007.4530611038208007812500" "WordPress/6.1.1; https://progressnet.gr"
79.124.59.162 - - [05/Apr/2023:05:00:10 +0300] "GET /settings.php.bak HTTP/1.1" 404 14630 "https://www.progressnet.dev/settings.php.bak" "Mozilla/5.0 (Windows NT 6.1) AppleWebKit/537.36 (KHTML, like Gecko) Chrome/41.0.2228.0 Safari/537.36"
79.124.59.162 - - [05/Apr/2023:05:00:26 +0300] "GET /wp-config.php.bak HTTP/1.1" 404 14618 "https://www.progressnet.dev/wp-config.php.bak" "Mozilla/5.0 (Windows NT 6.3; WOW64) AppleWebKit/537.36 (KHTML, like Gecko) Chrome/41.0.2226.0 Safari/537.36"
79.124.59.162 - - [05/Apr/2023:05:00:43 +0300] "GET /settings.py HTTP/1.1" 404 14610 "https://www.progressnet.dev/settings.py" "Mozilla/5.0 (X11; Ubuntu; Linux i686 on x86_64) AppleWebKit/537.36 (KHTML, like Gecko) Chrome/53.0.2820.59 Safari/537.36"
79.124.59.162 - - [05/Apr/2023:05:00:58 +0300] "GET /app/settings.py HTTP/1.1" 404 14611 "https://www.progressnet.dev/app/settings.py" "Mozilla/5.0 (X11; Ubuntu; Linux x86_64) AppleWebKit/537.36 (KHTML, like Gecko) Chrome/55.0.2919.83 Safari/537.36"
83.149.118.149 - - [05/Apr/2023:05:01:12 +0300] "POST /wp-cron.php?doing_wp_cron=1680660072.0717709064483642578125 HTTP/1.1" 200 31 "https://progressnet.gr/wp-cron.php?doing_wp_cron=1680660072.0717709064483642578125" "WordPress/6.1.1; https://progressnet.gr"
79.124.59.162 - - [05/Apr/2023:05:01:15 +0300] "GET /django/settings.py HTTP/1.1" 404 14630 "https://www.progressnet.dev/django/settings.py" "Mozilla/5.0 (X11; Linux x86_64) AppleWebKit/537.36 (KHTML, like Gecko) Chrome/41.0.2227.0 Safari/537.36"
79.124.59.162 - - [05/Apr/2023:05:01:33 +0300] "GET /settings/settings.py HTTP/1.1" 404 14609 "https://www.progressnet.dev/settings/settings.py" "Mozilla/5.0 (Windows NT 5.1) AppleWebKit/537.36 (KHTML, like Gecko) Chrome/41.0.2224.3 Safari/537.36"
79.124.59.162 - - [05/Apr/2023:05:01:49 +0300] "GET /web/settings/settings.py HTTP/1.1" 404 14608 "https://www.progressnet.dev/web/settings/settings.py" "Mozilla/5.0 (X11; Linux x86_64) AppleWebKit/537.36 (KHTML, like Gecko) Chrome/41.0.2227.0 Safari/537.36"
83.149.118.149 - - [05/Apr/2023:05:02:02 +0300] "POST /wp-cron.php?doing_wp_cron=1680660121.9856350421905517578125 HTTP/1.1" 200 31 "https://progressnet.gr/wp-cron.php?doing_wp_cron=1680660121.9856350421905517578125" "WordPress/6.1.1; https://progressnet.gr"
79.124.59.162 - - [05/Apr/2023:05:02:04 +0300] "GET /credentials.json HTTP/1.1" 404 14629 "https://www.progressnet.dev/credentials.json" "Mozilla/5.0 (Macintosh; Intel Mac OS X 10_10_1) AppleWebKit/537.36 (KHTML, like Gecko) Chrome/37.0.2062.124 Safari/537.36"
37.6.166.6 - - [05/Apr/2023:05:02:08 +0300] "GET /wp-content/uploads/2020/11/progressnet-logo-1.png HTTP/2.0" 200 6776 "https://www.attikovet.gr/" "Mozilla/5.0 (Linux; Android 13; 21081111RG Build/TP1A.220624.014; wv) AppleWebKit/537.36 (KHTML, like Gecko) Version/4.0 Chrome/110.0.5481.65 Mobile Safari/537.36 [FB_IAB/FB4A;FBAV/407.0.0.30.97;]"
79.124.59.162 - - [05/Apr/2023:05:02:20 +0300] "GET /assets/credentials.json HTTP/1.1" 404 14609 "https://www.progressnet.dev/assets/credentials.json" "Mozilla/5.0 (Windows NT 4.0; WOW64) AppleWebKit/537.36 (KHTML, like Gecko) Chrome/37.0.2049.0 Safari/537.36"
79.124.59.162 - - [05/Apr/2023:05:02:35 +0300] "GET /environment.rb HTTP/1.1" 404 14610 "https://www.progressnet.dev/environment.rb" "Mozilla/5.0 (Windows NT 4.0; WOW64) AppleWebKit/537.36 (KHTML, like Gecko) Chrome/37.0.2049.0 Safari/537.36"
79.124.59.162 - - [05/Apr/2023:05:02:51 +0300] "GET /config/environment.rb HTTP/1.1" 404 14611 "https://www.progressnet.dev/config/environment.rb" "Mozilla/5.0 (Windows NT 6.1; WOW64) AppleWebKit/537.36 (KHTML, like Gecko) Chrome/41.0.2227.0 Safari/537.36"
83.149.118.149 - - [05/Apr/2023:05:03:02 +0300] "POST /wp-cron.php?doing_wp_cron=1680660182.2418169975280761718750 HTTP/1.1" 200 31 "https://progressnet.gr/wp-cron.php?doing_wp_cron=1680660182.2418169975280761718750" "WordPress/6.1.1; https://progressnet.gr"
195.191.219.132 - - [05/Apr/2023:05:03:02 +0300] "GET /robots.txt HTTP/1.1" 200 151 "-" "Mozilla/5.0 (compatible; MJ12bot/v1.4.8; http://mj12bot.com/)"
195.191.219.132 - - [05/Apr/2023:05:03:04 +0300] "GET / HTTP/1.1" 200 26808 "-" "Mozilla/5.0 (compatible; MJ12bot/v1.4.8; http://mj12bot.com/)"
195.191.219.132 - - [05/Apr/2023:05:03:06 +0300] "GET / HTTP/1.1" 200 31412 "-" "Mozilla/5.0 (compatible; MJ12bot/v1.4.8; http://mj12bot.com/)"
79.124.59.162 - - [05/Apr/2023:05:03:08 +0300] "GET /redmine/config/environment.rb HTTP/1.1" 404 14606 "https://www.progressnet.dev/redmine/config/environment.rb" "Mozilla/5.0 (X11; Linux x86_64) AppleWebKit/537.36 (KHTML, like Gecko) Chrome/41.0.2227.0 Safari/537.36"
79.124.59.162 - - [05/Apr/2023:05:03:27 +0300] "GET /config.rb HTTP/1.1" 404 14611 "https://www.progressnet.dev/config.rb" "Mozilla/5.0 (Windows NT 4.0; WOW64) AppleWebKit/537.36 (KHTML, like Gecko) Chrome/37.0.2049.0 Safari/537.36"
178.128.0.34 - - [05/Apr/2023:05:04:26 +0300] "GET / HTTP/2.0" 200 267330 "-" "Mozilla/5.0 (Windows NT 10.0; Win64; x64) AppleWebKit/537.36 (KHTML, like Gecko) Chrome/67.0.3396.99 Safari/537.36"
83.149.118.149 - - [05/Apr/2023:05:04:31 +0300] "POST /wp-cron.php?doing_wp_cron=1680660271.1127469539642333984375 HTTP/1.1" 200 31 "https://progressnet.gr/wp-cron.php?doing_wp_cron=1680660271.1127469539642333984375" "WordPress/6.1.1; https://progressnet.gr"
178.128.0.34 - - [05/Apr/2023:05:04:34 +0300] "GET /.well-known/security.txt HTTP/2.0" 404 0 "-" "Mozilla/5.0 (Windows NT 10.0; Win64; x64) AppleWebKit/537.36 (KHTML, like Gecko) Chrome/67.0.3396.99 Safari/537.36"
83.149.118.149 - - [05/Apr/2023:05:06:43 +0300] "POST /wp-cron.php?doing_wp_cron=1680660403.1316740512847900390625 HTTP/1.1" 200 31 "https://progressnet.gr/wp-cron.php?doing_wp_cron=1680660403.1316740512847900390625" "WordPress/6.1.1; https://progressnet.gr"
104.244.75.48 - - [05/Apr/2023:05:06:43 +0300] "GET /wp-login.php HTTP/1.1" 200 12842 "-" "Mozilla/5.0 (Windows NT 6.0) AppleWebKit/537.36 (KHTML, like Gecko) Chrome/36.0.1985.125 Safari/537.36"
104.244.75.48 - - [05/Apr/2023:05:06:47 +0300] "POST /wp-login.php HTTP/1.1" 200 13380 "-" "Mozilla/5.0 (Windows NT 6.0) AppleWebKit/537.36 (KHTML, like Gecko) Chrome/36.0.1985.125 Safari/537.36"
83.149.118.149 - - [05/Apr/2023:05:08:20 +0300] "POST /wp-cron.php?doing_wp_cron=1680660500.5453090667724609375000 HTTP/1.1" 200 31 "https://progressnet.gr/wp-cron.php?doing_wp_cron=1680660500.5453090667724609375000" "WordPress/6.1.1; https://progressnet.gr"
34.29.144.54 - - [05/Apr/2023:05:08:20 +0300] "GET /wp-login.php HTTP/2.0" 200 3406 "http://progressnet.gr/wp-login.php" "Mozilla/5.0 (Windows NT 10.0; Win64; x64; rv:109.0) Gecko/20100101 Firefox/109.0"
34.29.144.54 - - [05/Apr/2023:05:08:26 +0300] "GET /wp-json/wp/v2/users HTTP/2.0" 200 255 "http://progressnet.gr/wp-login.php" "Mozilla/5.0 (Windows NT 10.0; Win64; x64; rv:109.0) Gecko/20100101 Firefox/109.0"
34.29.144.54 - - [05/Apr/2023:05:08:30 +0300] "POST /wp-login.php HTTP/2.0" 200 3552 "https://progressnet.gr/wp-login.php?redirect_to=https%3A%2F%2Fprogressnet.gr%2Fwp-admin%2F" "Mozilla/5.0 (Windows NT 10.0; Win64; x64; rv:109.0) Gecko/20100101 Firefox/109.0"
34.29.144.54 - - [05/Apr/2023:05:08:34 +0300] "POST /wp-login.php HTTP/2.0" 200 3616 "https://progressnet.gr/wp-login.php?redirect_to=https%3A%2F%2Fprogressnet.gr%2Fwp-admin%2F" "Mozilla/5.0 (Windows NT 10.0; Win64; x64; rv:109.0) Gecko/20100101 Firefox/109.0"
62.116.133.86 - - [05/Apr/2023:05:08:46 +0300] "POST /xmlrpc.php HTTP/1.1" 200 445 "-" "Mozilla/5.0 (Windows NT 10.0; Win64; x64; rv:80.0) Gecko/20100101 Firefox/80.0"
83.149.118.149 - - [05/Apr/2023:05:10:26 +0300] "POST /wp-cron.php?doing_wp_cron=1680660626.4992530345916748046875 HTTP/1.1" 200 31 "https://progressnet.gr/wp-cron.php?doing_wp_cron=1680660626.4992530345916748046875" "WordPress/6.1.1; https://progressnet.gr"
205.185.115.222 - - [05/Apr/2023:05:10:26 +0300] "GET /wp-login.php HTTP/1.1" 200 12842 "-" "Mozilla/5.0 (iPad; CPU OS 7_1_2 like Mac OS X) AppleWebKit/537.51.2 (KHTML, like Gecko) Version/7.0 Mobile/11D257 Safari/9537.53"
205.185.115.222 - - [05/Apr/2023:05:10:30 +0300] "POST /wp-login.php HTTP/1.1" 200 13380 "-" "Mozilla/5.0 (iPad; CPU OS 7_1_2 like Mac OS X) AppleWebKit/537.51.2 (KHTML, like Gecko) Version/7.0 Mobile/11D257 Safari/9537.53"
47.93.7.75 - - [05/Apr/2023:05:14:18 +0300] "GET / HTTP/1.1" 301 5 "http://www.progressnet.gr" "Mozilla/5.0 (Windows NT 10.0; WOW64) AppleWebKit/537.36 (KHTML, like Gecko) Chrome/86.0.4240.198 Safari/537.36"
47.93.7.75 - - [05/Apr/2023:05:14:19 +0300] "GET / HTTP/1.1" 200 32549 "http://www.progressnet.gr" "Mozilla/5.0 (Windows NT 10.0; WOW64) AppleWebKit/537.36 (KHTML, like Gecko) Chrome/86.0.4240.198 Safari/537.36"
205.185.120.195 - - [05/Apr/2023:05:24:28 +0300] "GET /wp-login.php HTTP/1.1" 301 5 "-" "Mozilla/5.0 (Macintosh; Intel Mac OS X 10_9_4) AppleWebKit/537.36 (KHTML, like Gecko) Chrome/35.0.1916.153 Safari/537.36"
83.149.118.149 - - [05/Apr/2023:05:24:35 +0300] "POST /wp-cron.php?doing_wp_cron=1680661474.8394570350646972656250 HTTP/1.1" 200 31 "https://progressnet.gr/wp-cron.php?doing_wp_cron=1680661474.8394570350646972656250" "WordPress/6.1.1; https://progressnet.gr"
205.185.120.195 - - [05/Apr/2023:05:24:35 +0300] "GET /wp-login.php HTTP/1.1" 200 12842 "-" "Mozilla/5.0 (Macintosh; Intel Mac OS X 10_9_4) AppleWebKit/537.36 (KHTML, like Gecko) Chrome/35.0.1916.153 Safari/537.36"
205.185.120.195 - - [05/Apr/2023:05:24:36 +0300] "POST /wp-login.php HTTP/1.1" 301 5 "-" "Mozilla/5.0 (Macintosh; Intel Mac OS X 10_9_4) AppleWebKit/537.36 (KHTML, like Gecko) Chrome/35.0.1916.153 Safari/537.36"
205.185.120.195 - - [05/Apr/2023:05:24:40 +0300] "GET /wp-login.php HTTP/1.1" 200 12847 "-" "Mozilla/5.0 (Macintosh; Intel Mac OS X 10_9_4) AppleWebKit/537.36 (KHTML, like Gecko) Chrome/35.0.1916.153 Safari/537.36"
83.149.118.149 - - [05/Apr/2023:05:29:53 +0300] "POST /wp-cron.php?doing_wp_cron=1680661793.3176898956298828125000 HTTP/1.1" 200 31 "https://progressnet.gr/wp-cron.php?doing_wp_cron=1680661793.3176898956298828125000" "WordPress/6.1.1; https://progressnet.gr"
198.98.49.15 - - [05/Apr/2023:05:29:54 +0300] "POST /wp-login.php?redirect_to=https://progressnet.gr/wp-admin/ HTTP/1.1" 200 4047 "-" "Mozilla/5.0 (Macintosh; Intel Mac OS X 10.15; rv:75.0) Gecko/20100101 Firefox/75.0"
198.98.49.15 - - [05/Apr/2023:05:30:20 +0300] "POST /wp-login.php?redirect_to=https://www.progressnet.gr/wp-admin/ HTTP/1.1" 301 5 "-" "Mozilla/5.0 (Macintosh; Intel Mac OS X 10.15; rv:75.0) Gecko/20100101 Firefox/75.0"
83.149.118.149 - - [05/Apr/2023:05:30:26 +0300] "POST /wp-cron.php?doing_wp_cron=1680661826.3830831050872802734375 HTTP/1.1" 200 31 "https://progressnet.gr/wp-cron.php?doing_wp_cron=1680661826.3830831050872802734375" "WordPress/6.1.1; https://progressnet.gr"
205.185.120.195 - - [05/Apr/2023:05:30:26 +0300] "GET /wp-login.php HTTP/1.1" 200 12842 "-" "Mozilla/5.0 (Macintosh; Intel Mac OS X 10_9_4) AppleWebKit/537.36 (KHTML, like Gecko) Chrome/36.0.1985.143 Safari/537.36"
198.98.49.15 - - [05/Apr/2023:05:30:30 +0300] "GET /wp-admin/ HTTP/1.1" 301 5 "-" "Mozilla/5.0 (Macintosh; Intel Mac OS X 10.15; rv:75.0) Gecko/20100101 Firefox/75.0"
205.185.120.195 - - [05/Apr/2023:05:30:31 +0300] "POST /wp-login.php HTTP/1.1" 200 13380 "-" "Mozilla/5.0 (Macintosh; Intel Mac OS X 10_9_4) AppleWebKit/537.36 (KHTML, like Gecko) Chrome/36.0.1985.143 Safari/537.36"
198.98.49.15 - - [05/Apr/2023:05:30:40 +0300] "GET /wp-admin/ HTTP/1.1" 302 5 "-" "Mozilla/5.0 (Macintosh; Intel Mac OS X 10.15; rv:75.0) Gecko/20100101 Firefox/75.0"
198.98.49.15 - - [05/Apr/2023:05:30:49 +0300] "GET /wp-login.php?redirect_to=https%3A%2F%2Fprogressnet.gr%2Fwp-admin%2F&reauth=1 HTTP/1.1" 200 3827 "-" "Mozilla/5.0 (Macintosh; Intel Mac OS X 10.15; rv:75.0) Gecko/20100101 Firefox/75.0"
83.149.118.149 - - [05/Apr/2023:05:36:46 +0300] "POST /wp-cron.php?doing_wp_cron=1680662206.7828130722045898437500 HTTP/1.1" 200 31 "https://progressnet.gr/wp-cron.php?doing_wp_cron=1680662206.7828130722045898437500" "WordPress/6.1.1; https://progressnet.gr"
205.185.124.182 - - [05/Apr/2023:05:36:46 +0300] "GET /wp-login.php HTTP/1.1" 200 12842 "-" "Mozilla/5.0 (Macintosh; Intel Mac OS X 10.6; rv:31.0) Gecko/20100101 Firefox/31.0"
83.149.118.149 - - [05/Apr/2023:05:37:05 +0300] "POST /wp-cron.php?doing_wp_cron=1680662225.6931610107421875000000 HTTP/1.1" 200 31 "https://progressnet.gr/wp-cron.php?doing_wp_cron=1680662225.6931610107421875000000" "WordPress/6.1.1; https://progressnet.gr"
205.185.124.182 - - [05/Apr/2023:05:37:05 +0300] "POST /wp-login.php HTTP/1.1" 200 13375 "-" "Mozilla/5.0 (Macintosh; Intel Mac OS X 10.6; rv:31.0) Gecko/20100101 Firefox/31.0"
94.65.54.114 - - [05/Apr/2023:05:39:51 +0300] "GET /wp-content/uploads/2020/11/progressnet-logo-1.png HTTP/2.0" 200 6776 "https://www.attikovet.gr/" "Mozilla/5.0 (Linux; Android 12; M2101K6G) AppleWebKit/537.36 (KHTML, like Gecko) Chrome/111.0.0.0 Mobile Safari/537.36"
83.149.118.149 - - [05/Apr/2023:05:44:37 +0300] "POST /wp-cron.php?doing_wp_cron=1680662677.7824289798736572265625 HTTP/1.1" 200 31 "https://progressnet.gr/wp-cron.php?doing_wp_cron=1680662677.7824289798736572265625" "WordPress/6.1.1; https://progressnet.gr"
198.98.49.15 - - [05/Apr/2023:05:44:38 +0300] "POST /wp-login.php?redirect_to=https://progressnet.gr/wp-admin/ HTTP/1.1" 200 4046 "-" "Mozilla/5.0 (Macintosh; Intel Mac OS X 10.15; rv:75.0) Gecko/20100101 Firefox/75.0"
83.149.118.149 - - [05/Apr/2023:05:50:50 +0300] "POST /wp-cron.php?doing_wp_cron=1680663050.4663159847259521484375 HTTP/1.1" 200 31 "https://progressnet.gr/wp-cron.php?doing_wp_cron=1680663050.4663159847259521484375" "WordPress/6.1.1; https://progressnet.gr"
192.42.116.173 - - [05/Apr/2023:05:50:50 +0300] "POST /xmlrpc.php HTTP/1.1" 200 445 "-" "Mozilla/5.0 (Windows NT 10.0; Win64; x64) AppleWebKit/537.36 (KHTML, like Gecko) Chrome/70.0.3538.102 Safari/537.36 Edge/18.18362"
192.42.116.173 - - [05/Apr/2023:05:50:55 +0300] "POST /xmlrpc.php HTTP/1.1" 200 445 "-" "Mozilla/5.0 (Windows NT 10.0; Win64; x64) AppleWebKit/537.36 (KHTML, like Gecko) Chrome/70.0.3538.102 Safari/537.36 Edge/18.18362"
83.149.118.149 - - [05/Apr/2023:05:51:08 +0300] "POST /wp-cron.php?doing_wp_cron=1680663068.5907170772552490234375 HTTP/1.1" 200 31 "https://progressnet.gr/wp-cron.php?doing_wp_cron=1680663068.5907170772552490234375" "WordPress/6.1.1; https://progressnet.gr"
192.42.116.173 - - [05/Apr/2023:05:51:08 +0300] "POST /xmlrpc.php HTTP/1.1" 200 445 "-" "Mozilla/5.0 (Windows NT 10.0; Win64; x64) AppleWebKit/537.36 (KHTML, like Gecko) Chrome/70.0.3538.102 Safari/537.36 Edge/18.18362"
192.42.116.173 - - [05/Apr/2023:05:51:14 +0300] "POST /xmlrpc.php HTTP/1.1" 200 445 "-" "Mozilla/5.0 (Windows NT 10.0; Win64; x64) AppleWebKit/537.36 (KHTML, like Gecko) Chrome/70.0.3538.102 Safari/537.36 Edge/18.18362"
205.185.124.182 - - [05/Apr/2023:05:51:40 +0300] "GET /wp-login.php HTTP/1.1" 200 12847 "-" "Mozilla/5.0 (Macintosh; Intel Mac OS X 10_8_5) AppleWebKit/537.36 (KHTML, like Gecko) Chrome/36.0.1985.125 Safari/537.36"
112.105.131.6 - - [05/Apr/2023:05:51:55 +0300] "GET / HTTP/1.1" 200 31412 "http://progressnet.gr" "Mozilla/5.0 (Windows NT 6.1; WOW64) AppleWebKit/537.36 (KHTML, like Gecko) Chrome/38.0.9666.175 Safari/537.36"
205.185.124.182 - - [05/Apr/2023:05:51:56 +0300] "POST /wp-login.php HTTP/1.1" 200 13380 "-" "Mozilla/5.0 (Macintosh; Intel Mac OS X 10_8_5) AppleWebKit/537.36 (KHTML, like Gecko) Chrome/36.0.1985.125 Safari/537.36"
66.249.70.185 - - [05/Apr/2023:05:53:42 +0300] "GET / HTTP/1.1" 200 31412 "-" "Mozilla/5.0 (Linux; Android 6.0.1; Nexus 5X Build/MMB29P) AppleWebKit/537.36 (KHTML, like Gecko) Chrome/111.0.5563.146 Mobile Safari/537.36 (compatible; Googlebot/2.1; +http://www.google.com/bot.html)"
83.149.118.149 - - [05/Apr/2023:05:53:56 +0300] "POST /wp-cron.php?doing_wp_cron=1680663236.4601850509643554687500 HTTP/1.1" 200 31 "https://progressnet.gr/wp-cron.php?doing_wp_cron=1680663236.4601850509643554687500" "WordPress/6.1.1; https://progressnet.gr"
66.249.70.185 - - [05/Apr/2023:05:53:56 +0300] "GET /wp-json/contact-form-7/v1/contact-forms/4479/feedback/schema HTTP/1.1" 200 247 "https://progressnet.gr/" "Mozilla/5.0 (Linux; Android 6.0.1; Nexus 5X Build/MMB29P) AppleWebKit/537.36 (KHTML, like Gecko) Chrome/111.0.5563.110 Mobile Safari/537.36 (compatible; Googlebot/2.1; +http://www.google.com/bot.html)"
199.195.253.110 - - [05/Apr/2023:05:54:05 +0300] "GET /wp-login.php HTTP/1.1" 301 5 "-" "Mozilla/5.0 (Macintosh; Intel Mac OS X 10_9_2) AppleWebKit/537.36 (KHTML, like Gecko) Chrome/36.0.1985.125 Safari/537.36"
66.249.70.187 - - [05/Apr/2023:05:54:05 +0300] "GET /wp-json/contact-form-7/v1/contact-forms/4479/refill HTTP/1.1" 200 16 "https://progressnet.gr/" "Mozilla/5.0 (Linux; Android 6.0.1; Nexus 5X Build/MMB29P) AppleWebKit/537.36 (KHTML, like Gecko) Chrome/111.0.5563.110 Mobile Safari/537.36 (compatible; Googlebot/2.1; +http://www.google.com/bot.html)"
199.195.253.110 - - [05/Apr/2023:05:54:16 +0300] "GET /wp-login.php HTTP/1.1" 200 12847 "-" "Mozilla/5.0 (Macintosh; Intel Mac OS X 10_9_2) AppleWebKit/537.36 (KHTML, like Gecko) Chrome/36.0.1985.125 Safari/537.36"
199.195.253.110 - - [05/Apr/2023:05:54:17 +0300] "POST /wp-login.php HTTP/1.1" 301 5 "-" "Mozilla/5.0 (Macintosh; Intel Mac OS X 10_9_2) AppleWebKit/537.36 (KHTML, like Gecko) Chrome/36.0.1985.125 Safari/537.36"
199.195.253.110 - - [05/Apr/2023:05:54:21 +0300] "GET /wp-login.php HTTP/1.1" 200 12847 "-" "Mozilla/5.0 (Macintosh; Intel Mac OS X 10_9_2) AppleWebKit/537.36 (KHTML, like Gecko) Chrome/36.0.1985.125 Safari/537.36"
83.149.118.149 - - [05/Apr/2023:05:58:08 +0300] "POST /wp-cron.php?doing_wp_cron=1680663487.5620620250701904296875 HTTP/1.1" 499 0 "https://progressnet.gr/wp-cron.php?doing_wp_cron=1680663487.5620620250701904296875" "WordPress/6.1.1; https://progressnet.gr"
178.159.37.25 - - [05/Apr/2023:05:58:08 +0300] "HEAD /wp-content/plugins/admin-word-count-column/download-csv.php?path=../../../wp-config.php HTTP/1.1" 404 0 "-" "Mozilla/5.0 (Windows NT 10.0; Win64; x64) AppleWebKit/537.36 (KHTML, like Gecko) Chrome/91.0.4472.124 Safari/537.36"
178.159.37.25 - - [05/Apr/2023:05:58:09 +0300] "HEAD /wp-admin/admin-ajax.php?action=kbslider_show_image&img=../wp-config.php HTTP/1.1" 400 0 "-" "Mozilla/5.0 (Windows NT 10.0; Win64; x64) AppleWebKit/537.36 (KHTML, like Gecko) Chrome/91.0.4472.124 Safari/537.36"
178.159.37.25 - - [05/Apr/2023:05:58:09 +0300] "HEAD /wp-admin/admin-ajax.php?action=duplicator_download&file=../wp-config.%3Ch2%3Ephp HTTP/1.1" 400 0 "-" "Mozilla/5.0 (Windows NT 10.0; Win64; x64) AppleWebKit/537.36 (KHTML, like Gecko) Chrome/91.0.4472.124 Safari/537.36"
178.159.37.25 - - [05/Apr/2023:05:58:09 +0300] "HEAD /wp-admin/admin-ajax.php?action=revslider_show_image&img=../wp-config.php HTTP/1.1" 400 0 "-" "Mozilla/5.0 (Windows NT 10.0; Win64; x64) AppleWebKit/537.36 (KHTML, like Gecko) Chrome/91.0.4472.124 Safari/537.36"
178.159.37.25 - - [05/Apr/2023:05:58:09 +0300] "HEAD /wp-admin/admin-ajax.php?action=duplicator_download&file=../wp-config.php HTTP/1.1" 400 0 "-" "Mozilla/5.0 (Windows NT 10.0; Win64; x64) AppleWebKit/537.36 (KHTML, like Gecko) Chrome/91.0.4472.124 Safari/537.36"
178.159.37.25 - - [05/Apr/2023:05:58:13 +0300] "HEAD /wp-config.txt HTTP/1.1" 404 0 "-" "Mozilla/5.0 (Windows NT 10.0; Win64; x64) AppleWebKit/537.36 (KHTML, like Gecko) Chrome/91.0.4472.124 Safari/537.36"
178.159.37.25 - - [05/Apr/2023:05:58:14 +0300] "HEAD /wp-config.original HTTP/1.1" 404 0 "-" "Mozilla/5.0 (Windows NT 10.0; Win64; x64) AppleWebKit/537.36 (KHTML, like Gecko) Chrome/91.0.4472.124 Safari/537.36"
178.159.37.25 - - [05/Apr/2023:05:58:14 +0300] "HEAD /wp-config.php?aam-media=2 HTTP/1.1" 200 0 "-" "Mozilla/5.0 (Windows NT 10.0; Win64; x64) AppleWebKit/537.36 (KHTML, like Gecko) Chrome/91.0.4472.124 Safari/537.36"
178.159.37.25 - - [05/Apr/2023:05:58:14 +0300] "HEAD /wp-config.php?aam-media=1 HTTP/1.1" 200 0 "-" "Mozilla/5.0 (Windows NT 10.0; Win64; x64) AppleWebKit/537.36 (KHTML, like Gecko) Chrome/91.0.4472.124 Safari/537.36"
178.159.37.25 - - [05/Apr/2023:05:58:14 +0300] "HEAD /.wp-config.php.swp HTTP/1.1" 404 0 "-" "Mozilla/5.0 (Windows NT 10.0; Win64; x64) AppleWebKit/537.36 (KHTML, like Gecko) Chrome/91.0.4472.124 Safari/537.36"
178.159.37.25 - - [05/Apr/2023:05:58:18 +0300] "HEAD /web.config HTTP/1.1" 404 0 "-" "Mozilla/5.0 (Windows NT 10.0; Win64; x64) AppleWebKit/537.36 (KHTML, like Gecko) Chrome/91.0.4472.124 Safari/537.36"
178.159.37.25 - - [05/Apr/2023:05:58:19 +0300] "HEAD /wp-config.bak HTTP/1.1" 404 0 "-" "Mozilla/5.0 (Windows NT 10.0; Win64; x64) AppleWebKit/537.36 (KHTML, like Gecko) Chrome/91.0.4472.124 Safari/537.36"
178.159.37.25 - - [05/Apr/2023:05:58:19 +0300] "HEAD /wp-config.php.bak HTTP/1.1" 404 0 "-" "Mozilla/5.0 (Windows NT 10.0; Win64; x64) AppleWebKit/537.36 (KHTML, like Gecko) Chrome/91.0.4472.124 Safari/537.36"
178.159.37.25 - - [05/Apr/2023:05:58:19 +0300] "HEAD /wp-config.old HTTP/1.1" 404 0 "-" "Mozilla/5.0 (Windows NT 10.0; Win64; x64) AppleWebKit/537.36 (KHTML, like Gecko) Chrome/91.0.4472.124 Safari/537.36"
178.159.37.25 - - [05/Apr/2023:05:58:20 +0300] "HEAD /wp-config.orig HTTP/1.1" 404 0 "-" "Mozilla/5.0 (Windows NT 10.0; Win64; x64) AppleWebKit/537.36 (KHTML, like Gecko) Chrome/91.0.4472.124 Safari/537.36"
178.159.37.25 - - [05/Apr/2023:05:58:25 +0300] "HEAD /wp-config.php.save.1 HTTP/1.1" 404 0 "-" "Mozilla/5.0 (Windows NT 10.0; Win64; x64) AppleWebKit/537.36 (KHTML, like Gecko) Chrome/91.0.4472.124 Safari/537.36"
178.159.37.25 - - [05/Apr/2023:05:58:25 +0300] "HEAD /wp-config.php.orig HTTP/1.1" 404 0 "-" "Mozilla/5.0 (Windows NT 10.0; Win64; x64) AppleWebKit/537.36 (KHTML, like Gecko) Chrome/91.0.4472.124 Safari/537.36"
178.159.37.25 - - [05/Apr/2023:05:58:25 +0300] "HEAD /wp-config.php.save HTTP/1.1" 404 0 "-" "Mozilla/5.0 (Windows NT 10.0; Win64; x64) AppleWebKit/537.36 (KHTML, like Gecko) Chrome/91.0.4472.124 Safari/537.36"
178.159.37.25 - - [05/Apr/2023:05:58:25 +0300] "HEAD /wp-config.php.1 HTTP/1.1" 404 0 "-" "Mozilla/5.0 (Windows NT 10.0; Win64; x64) AppleWebKit/537.36 (KHTML, like Gecko) Chrome/91.0.4472.124 Safari/537.36"
178.159.37.25 - - [05/Apr/2023:05:58:25 +0300] "HEAD /wp-config.php.swp HTTP/1.1" 404 0 "-" "Mozilla/5.0 (Windows NT 10.0; Win64; x64) AppleWebKit/537.36 (KHTML, like Gecko) Chrome/91.0.4472.124 Safari/537.36"
178.159.37.25 - - [05/Apr/2023:05:58:30 +0300] "HEAD /wp-config.php?aam-media=2 HTTP/1.1" 200 0 "-" "Mozilla/5.0 (Windows NT 10.0; Win64; x64) AppleWebKit/537.36 (KHTML, like Gecko) Chrome/91.0.4472.124 Safari/537.36"
178.159.37.25 - - [05/Apr/2023:05:58:30 +0300] "HEAD /wp-config.save HTTP/1.1" 404 0 "-" "Mozilla/5.0 (Windows NT 10.0; Win64; x64) AppleWebKit/537.36 (KHTML, like Gecko) Chrome/91.0.4472.124 Safari/537.36"
178.159.37.25 - - [05/Apr/2023:05:58:30 +0300] "HEAD /wp-config.php_bak HTTP/1.1" 404 0 "-" "Mozilla/5.0 (Windows NT 10.0; Win64; x64) AppleWebKit/537.36 (KHTML, like Gecko) Chrome/91.0.4472.124 Safari/537.36"
178.159.37.25 - - [05/Apr/2023:05:58:30 +0300] "HEAD /wp-config.xml HTTP/1.1" 404 0 "-" "Mozilla/5.0 (Windows NT 10.0; Win64; x64) AppleWebKit/537.36 (KHTML, like Gecko) Chrome/91.0.4472.124 Safari/537.36"
178.159.37.25 - - [05/Apr/2023:05:58:30 +0300] "HEAD /wp-config.php_bak/wp-config.php-bak HTTP/1.1" 404 0 "-" "Mozilla/5.0 (Windows NT 10.0; Win64; x64) AppleWebKit/537.36 (KHTML, like Gecko) Chrome/91.0.4472.124 Safari/537.36"
178.159.37.25 - - [05/Apr/2023:05:58:35 +0300] "HEAD /wp-config.php HTTP/1.1" 200 0 "-" "Mozilla/5.0 (Windows NT 10.0; Win64; x64) AppleWebKit/537.36 (KHTML, like Gecko) Chrome/91.0.4472.124 Safari/537.36"
178.159.37.25 - - [05/Apr/2023:05:58:35 +0300] "HEAD /MYzoomsounds/?action=dzsap_download&link=../wp-config.php HTTP/1.1" 404 0 "-" "Mozilla/5.0 (Windows NT 10.0; Win64; x64) AppleWebKit/537.36 (KHTML, like Gecko) Chrome/91.0.4472.124 Safari/537.36"
178.159.37.25 - - [05/Apr/2023:05:58:36 +0300] "HEAD /wp-config.php~ HTTP/1.1" 404 0 "-" "Mozilla/5.0 (Windows NT 10.0; Win64; x64) AppleWebKit/537.36 (KHTML, like Gecko) Chrome/91.0.4472.124 Safari/537.36"
178.159.37.25 - - [05/Apr/2023:05:58:36 +0300] "HEAD /wp-config.php.original HTTP/1.1" 404 0 "-" "Mozilla/5.0 (Windows NT 10.0; Win64; x64) AppleWebKit/537.36 (KHTML, like Gecko) Chrome/91.0.4472.124 Safari/537.36"
178.159.37.25 - - [05/Apr/2023:05:58:36 +0300] "HEAD /wp-content/plugins/cherry-plugin/admin/import-export/download-content.php?file=../../../../../wp-config.php HTTP/1.1" 404 0 "-" "Mozilla/5.0 (Windows NT 10.0; Win64; x64) AppleWebKit/537.36 (KHTML, like Gecko) Chrome/91.0.4472.124 Safari/537.36"
178.159.37.25 - - [05/Apr/2023:05:58:40 +0300] "HEAD /wp-config.inc HTTP/1.1" 404 0 "-" "Mozilla/5.0 (Windows NT 10.0; Win64; x64) AppleWebKit/537.36 (KHTML, like Gecko) Chrome/91.0.4472.124 Safari/537.36"
178.159.37.25 - - [05/Apr/2023:05:58:40 +0300] "HEAD /wp-config.php.old HTTP/1.1" 404 0 "-" "Mozilla/5.0 (Windows NT 10.0; Win64; x64) AppleWebKit/537.36 (KHTML, like Gecko) Chrome/91.0.4472.124 Safari/537.36"
178.159.37.25 - - [05/Apr/2023:05:58:40 +0300] "HEAD /%23wp-config.php%23 HTTP/1.1" 404 0 "-" "Mozilla/5.0 (Windows NT 10.0; Win64; x64) AppleWebKit/537.36 (KHTML, like Gecko) Chrome/91.0.4472.124 Safari/537.36"
178.159.37.25 - - [05/Apr/2023:05:58:41 +0300] "HEAD /wp-config-backup.txt HTTP/1.1" 404 0 "-" "Mozilla/5.0 (Windows NT 10.0; Win64; x64) AppleWebKit/537.36 (KHTML, like Gecko) Chrome/91.0.4472.124 Safari/537.36"
178.159.37.25 - - [05/Apr/2023:05:58:41 +0300] "HEAD /wp-config.php.swo HTTP/1.1" 404 0 "-" "Mozilla/5.0 (Windows NT 10.0; Win64; x64) AppleWebKit/537.36 (KHTML, like Gecko) Chrome/91.0.4472.124 Safari/537.36"
178.159.37.25 - - [05/Apr/2023:05:58:45 +0300] "HEAD /wp-config.tar HTTP/1.1" 404 0 "-" "Mozilla/5.0 (Windows NT 10.0; Win64; x64) AppleWebKit/537.36 (KHTML, like Gecko) Chrome/91.0.4472.124 Safari/537.36"
178.159.37.25 - - [05/Apr/2023:05:58:45 +0300] "HEAD /wp-config.swp HTTP/1.1" 404 0 "-" "Mozilla/5.0 (Windows NT 10.0; Win64; x64) AppleWebKit/537.36 (KHTML, like Gecko) Chrome/91.0.4472.124 Safari/537.36"
178.159.37.25 - - [05/Apr/2023:05:58:45 +0300] "HEAD /wp-config.php1 HTTP/1.1" 404 0 "-" "Mozilla/5.0 (Windows NT 10.0; Win64; x64) AppleWebKit/537.36 (KHTML, like Gecko) Chrome/91.0.4472.124 Safari/537.36"
178.159.37.25 - - [05/Apr/2023:05:58:46 +0300] "HEAD /wp-admin/admin.php?page=all-in-one-video-gallery&tab=../wp-config.php HTTP/1.1" 302 0 "-" "Mozilla/5.0 (Windows NT 10.0; Win64; x64) AppleWebKit/537.36 (KHTML, like Gecko) Chrome/91.0.4472.124 Safari/537.36"
178.159.37.25 - - [05/Apr/2023:05:58:47 +0300] "HEAD /wp-admin/admin-post.php?alg_wc_pif_download_file=../../../../../wp-config.php HTTP/1.1" 200 0 "-" "Mozilla/5.0 (Windows NT 10.0; Win64; x64) AppleWebKit/537.36 (KHTML, like Gecko) Chrome/91.0.4472.124 Safari/537.36"
178.159.37.25 - - [05/Apr/2023:05:58:50 +0300] "HEAD /wp-content/plugins/jsmol2wp/php/jsmol.php?isform=true&call=getRawDataFromDatabase&query=php://filter/resource=../../../../wp-config.php HTTP/1.1" 404 0 "-" "Mozilla/5.0 (Windows NT 10.0; Win64; x64) AppleWebKit/537.36 (KHTML, like Gecko) Chrome/91.0.4472.124 Safari/537.36"
178.159.37.25 - - [05/Apr/2023:05:58:50 +0300] "HEAD /.env HTTP/1.1" 404 0 "-" "Mozilla/5.0 (Windows NT 10.0; Win64; x64) AppleWebKit/537.36 (KHTML, like Gecko) Chrome/91.0.4472.124 Safari/537.36"
178.159.37.25 - - [05/Apr/2023:05:58:51 +0300] "HEAD /?aam-media=wp-config.php HTTP/1.1" 200 0 "-" "Mozilla/5.0 (Windows NT 10.0; Win64; x64) AppleWebKit/537.36 (KHTML, like Gecko) Chrome/91.0.4472.124 Safari/537.36"
5.188.62.76 - - [05/Apr/2023:05:58:51 +0300] "GET /wp-login.php?wp_lang=en_US HTTP/1.1" 200 0 "-" "Mozilla/5.0 (Windows NT 10.0; Win64; x64) AppleWebKit/537.36 (KHTML, like Gecko) Chrome/99.0.4844.84 Safari/537.36"
178.159.37.25 - - [05/Apr/2023:05:58:52 +0300] "GET /wp-config.php?aam-media=1 HTTP/1.1" 200 0 "-" "Mozilla/5.0 (compatible; Googlebot/2.1; +http://www.google.com/bot.html)"
178.159.37.25 - - [05/Apr/2023:05:58:54 +0300] "GET /wp-config.php?aam-media=2 HTTP/1.1" 200 31 "-" "Mozilla/5.0 (compatible; Googlebot/2.1; +http://www.google.com/bot.html)"
198.98.49.15 - - [05/Apr/2023:06:05:44 +0300] "POST /wp-login.php?redirect_to=https://www.progressnet.gr/wp-admin/ HTTP/1.1" 301 5 "-" "Mozilla/5.0 (Macintosh; Intel Mac OS X 10.15; rv:75.0) Gecko/20100101 Firefox/75.0"
198.98.49.15 - - [05/Apr/2023:06:05:53 +0300] "GET /wp-admin/ HTTP/1.1" 301 5 "-" "Mozilla/5.0 (Macintosh; Intel Mac OS X 10.15; rv:75.0) Gecko/20100101 Firefox/75.0"
83.149.118.149 - - [05/Apr/2023:06:06:05 +0300] "POST /wp-cron.php?doing_wp_cron=1680663965.3711791038513183593750 HTTP/1.1" 200 31 "https://progressnet.gr/wp-cron.php?doing_wp_cron=1680663965.3711791038513183593750" "WordPress/6.1.1; https://progressnet.gr"
198.98.49.15 - - [05/Apr/2023:06:06:05 +0300] "GET /wp-admin/ HTTP/1.1" 302 5 "-" "Mozilla/5.0 (Macintosh; Intel Mac OS X 10.15; rv:75.0) Gecko/20100101 Firefox/75.0"
198.98.49.15 - - [05/Apr/2023:06:06:13 +0300] "GET /wp-login.php?redirect_to=https%3A%2F%2Fprogressnet.gr%2Fwp-admin%2F&reauth=1 HTTP/1.1" 200 3823 "-" "Mozilla/5.0 (Macintosh; Intel Mac OS X 10.15; rv:75.0) Gecko/20100101 Firefox/75.0"
23.97.205.210 - - [05/Apr/2023:06:06:48 +0300] "POST /wp-login.php HTTP/1.1" 200 3969 "-" "Mozilla/5.0 (Windows NT 10.0; WOW64) AppleWebKit/537.36 (KHTML, like Gecko) Chrome/55.0.2883.87 Safari/537.36"
209.141.49.234 - - [05/Apr/2023:06:08:32 +0300] "GET /wp-login.php HTTP/1.1" 301 5 "-" "Mozilla/5.0 (X11; Linux x86_64; rv:30.0) Gecko/20100101 Firefox/30.0"
83.149.118.149 - - [05/Apr/2023:06:08:40 +0300] "POST /wp-cron.php?doing_wp_cron=1680664119.9978189468383789062500 HTTP/1.1" 200 31 "https://progressnet.gr/wp-cron.php?doing_wp_cron=1680664119.9978189468383789062500" "WordPress/6.1.1; https://progressnet.gr"
209.141.49.234 - - [05/Apr/2023:06:08:40 +0300] "GET /wp-login.php HTTP/1.1" 200 12842 "-" "Mozilla/5.0 (X11; Linux x86_64; rv:30.0) Gecko/20100101 Firefox/30.0"
209.141.49.234 - - [05/Apr/2023:06:08:41 +0300] "POST /wp-login.php HTTP/1.1" 301 5 "-" "Mozilla/5.0 (X11; Linux x86_64; rv:30.0) Gecko/20100101 Firefox/30.0"
209.141.49.234 - - [05/Apr/2023:06:08:46 +0300] "GET /wp-login.php HTTP/1.1" 200 12847 "-" "Mozilla/5.0 (X11; Linux x86_64; rv:30.0) Gecko/20100101 Firefox/30.0"
104.244.75.48 - - [05/Apr/2023:06:11:28 +0300] "GET /wp-login.php HTTP/1.1" 301 5 "-" "Mozilla/5.0 (Windows NT 6.1; WOW64) AppleWebKit/537.36 (KHTML, like Gecko) Chrome/35.0.1916.153 Safari/537.36"
83.149.118.149 - - [05/Apr/2023:06:11:51 +0300] "POST /wp-cron.php?doing_wp_cron=1680664311.0862400531768798828125 HTTP/1.1" 200 31 "https://progressnet.gr/wp-cron.php?doing_wp_cron=1680664311.0862400531768798828125" "WordPress/6.1.1; https://progressnet.gr"
104.244.75.48 - - [05/Apr/2023:06:11:51 +0300] "GET /wp-login.php HTTP/1.1" 200 12842 "-" "Mozilla/5.0 (Windows NT 6.1; WOW64) AppleWebKit/537.36 (KHTML, like Gecko) Chrome/35.0.1916.153 Safari/537.36"
20.106.95.219 - - [05/Apr/2023:06:11:52 +0300] "GET / HTTP/1.1" 200 31412 "-" "Mozilla/5.0 (compatible; Googlebot/2.1; +http://www.google.com/bot.html)"
104.244.75.48 - - [05/Apr/2023:06:11:53 +0300] "POST /wp-login.php HTTP/1.1" 301 5 "-" "Mozilla/5.0 (Windows NT 6.1; WOW64) AppleWebKit/537.36 (KHTML, like Gecko) Chrome/35.0.1916.153 Safari/537.36"
104.244.75.48 - - [05/Apr/2023:06:12:00 +0300] "GET /wp-login.php HTTP/1.1" 200 12847 "-" "Mozilla/5.0 (Windows NT 6.1; WOW64) AppleWebKit/537.36 (KHTML, like Gecko) Chrome/35.0.1916.153 Safari/537.36"
83.149.118.149 - - [05/Apr/2023:06:14:29 +0300] "POST /wp-cron.php?doing_wp_cron=1680664469.3187010288238525390625 HTTP/1.1" 200 31 "https://progressnet.gr/wp-cron.php?doing_wp_cron=1680664469.3187010288238525390625" "WordPress/6.1.1; https://progressnet.gr"
45.61.185.188 - - [05/Apr/2023:06:14:29 +0300] "GET /wp-login.php HTTP/1.1" 200 12842 "-" "Mozilla/5.0 (Windows NT 6.3; WOW64) AppleWebKit/537.36 (KHTML, like Gecko) Chrome/35.0.1916.153 Safari/537.36"
45.61.185.188 - - [05/Apr/2023:06:14:42 +0300] "POST /wp-login.php HTTP/1.1" 200 13380 "-" "Mozilla/5.0 (Windows NT 6.3; WOW64) AppleWebKit/537.36 (KHTML, like Gecko) Chrome/35.0.1916.153 Safari/537.36"
83.149.118.149 - - [05/Apr/2023:06:18:11 +0300] "POST /wp-cron.php?doing_wp_cron=1680664691.0612609386444091796875 HTTP/1.1" 200 31 "https://progressnet.gr/wp-cron.php?doing_wp_cron=1680664691.0612609386444091796875" "WordPress/6.1.1; https://progressnet.gr"
42.200.187.44 - - [05/Apr/2023:06:18:11 +0300] "POST /wp-login.php HTTP/1.1" 200 4041 "-" "Mozilla/5.0 (Windows NT 6.1; WOW64) AppleWebKit/537.36 (KHTML, like Gecko) Chrome/46.0.2490.86 Safari/537.36"
35.225.19.116 - - [05/Apr/2023:06:24:42 +0300] "GET /wp-content/uploads/2020/11/progressnet-logo-1.png HTTP/2.0" 200 6776 "https://felicita.gr/" "Mozilla/5.0 (Windows NT 6.3; WOW64) AppleWebKit/537.36 (KHTML, like Gecko) Chrome/31.0.1650.57 Safari/537.36 OPR/18.0.1284.49"
83.149.118.149 - - [05/Apr/2023:06:28:46 +0300] "POST /wp-cron.php?doing_wp_cron=1680665326.0942850112915039062500 HTTP/1.1" 200 31 "https://progressnet.gr/wp-cron.php?doing_wp_cron=1680665326.0942850112915039062500" "WordPress/6.1.1; https://progressnet.gr"
